06:19:16 **** Build of configuration Debug for project periph_adc ****
make -r -j4 all 
Building file: ../example/src/sysinit.c
Invoking: MCU C Compiler
Building file: ../example/src/cr_startup_lpc175x_6x.c
arm-none-eabi-gcc -D__REDLIB__ -DDEBUG -D__CODE_RED -D__USE_LPCOPEN -DCORE_M3 -I"/home/jibin/Desktop/jibin/myWorks/mcuXpresso/lpc_chip_175x_6x/inc" -I"/home/jibin/Desktop/jibin/myWorks/mcuXpresso/lpc_board_nxp_lpcxpresso_1769/inc" -O0 -g3 -Wall -c -fmessage-length=0 -fno-builtin -ffunction-sections -fdata-sections -mcpu=cortex-m3 -mthumb -specs=redlib.specs -MMD -MP -MF"example/src/sysinit.d" -MT"example/src/sysinit.o" -MT"example/src/sysinit.d" -o "example/src/sysinit.o" "../example/src/sysinit.c"
Building file: ../example/src/adc.c
Invoking: MCU C Compiler
arm-none-eabi-gcc -D__REDLIB__ -DDEBUG -D__CODE_RED -D__USE_LPCOPEN -DCORE_M3 -I"/home/jibin/Desktop/jibin/myWorks/mcuXpresso/lpc_chip_175x_6x/inc" -I"/home/jibin/Desktop/jibin/myWorks/mcuXpresso/lpc_board_nxp_lpcxpresso_1769/inc" -O0 -g3 -Wall -c -fmessage-length=0 -fno-builtin -ffunction-sections -fdata-sections -mcpu=cortex-m3 -mthumb -specs=redlib.specs -MMD -MP -MF"example/src/adc.d" -MT"example/src/adc.o" -MT"example/src/adc.d" -o "example/src/adc.o" "../example/src/adc.c"
Invoking: MCU C Compiler
arm-none-eabi-gcc -D__REDLIB__ -DDEBUG -D__CODE_RED -D__USE_LPCOPEN -DCORE_M3 -I"/home/jibin/Desktop/jibin/myWorks/mcuXpresso/lpc_chip_175x_6x/inc" -I"/home/jibin/Desktop/jibin/myWorks/mcuXpresso/lpc_board_nxp_lpcxpresso_1769/inc" -O0 -g3 -Wall -c -fmessage-length=0 -fno-builtin -ffunction-sections -fdata-sections -mcpu=cortex-m3 -mthumb -specs=redlib.specs -MMD -MP -MF"example/src/cr_startup_lpc175x_6x.d" -MT"example/src/cr_startup_lpc175x_6x.o" -MT"example/src/cr_startup_lpc175x_6x.d" -o "example/src/cr_startup_lpc175x_6x.o" "../example/src/cr_startup_lpc175x_6x.c"
Finished building: ../example/src/sysinit.c
 
Finished building: ../example/src/adc.c
 
Finished building: ../example/src/cr_startup_lpc175x_6x.c
 
Building target: periph_adc.axf
Invoking: MCU Linker
arm-none-eabi-gcc -nostdlib -L"/home/jibin/Desktop/jibin/myWorks/mcuXpresso/lpc_chip_175x_6x/Debug" -L"/home/jibin/Desktop/jibin/myWorks/mcuXpresso/lpc_board_nxp_lpcxpresso_1769/Debug" -Xlinker -Map="periph_adc.map" -Xlinker --gc-sections -mcpu=cortex-m3 -mthumb -T "periph_adc_Debug.ld" -o "periph_adc.axf"  ./example/src/adc.o ./example/src/cr_startup_lpc175x_6x.o ./example/src/sysinit.o   -llpc_board_nxp_lpcxpresso_1769 -llpc_chip_175x_6x
Finished building target: periph_adc.axf
 
make --no-print-directory post-build
Performing post-build steps
arm-none-eabi-size "periph_adc.axf"; # arm-none-eabi-objcopy -v -O binary "periph_adc.axf" "periph_adc.bin" ; # checksum -p LPC1769 -d "periph_adc.bin";
   text	   data	    bss	    dec	    hex	filename
  16820	    384	    524	  17728	   4540	periph_adc.axf
 

06:19:17 Build Finished (took 1s.6ms)

