06:19:37 **** Build of configuration Debug for project periph_ritimer ****
make -r -j4 all 
Building file: ../example/src/cr_startup_lpc175x_6x.c
Building file: ../example/src/sysinit.c
Building file: ../example/src/ritimer.c
Invoking: MCU C Compiler
Invoking: MCU C Compiler
arm-none-eabi-gcc -D__REDLIB__ -DDEBUG -D__CODE_RED -D__USE_LPCOPEN -DCORE_M3 -I"/home/jibin/Desktop/jibin/myWorks/mcuXpresso/lpc_chip_175x_6x/inc" -I"/home/jibin/Desktop/jibin/myWorks/mcuXpresso/lpc_board_nxp_lpcxpresso_1769/inc" -O0 -g3 -Wall -c -fmessage-length=0 -fno-builtin -ffunction-sections -fdata-sections -mcpu=cortex-m3 -mthumb -specs=redlib.specs -MMD -MP -MF"example/src/cr_startup_lpc175x_6x.d" -MT"example/src/cr_startup_lpc175x_6x.o" -MT"example/src/cr_startup_lpc175x_6x.d" -o "example/src/cr_startup_lpc175x_6x.o" "../example/src/cr_startup_lpc175x_6x.c"
arm-none-eabi-gcc -D__REDLIB__ -DDEBUG -D__CODE_RED -D__USE_LPCOPEN -DCORE_M3 -I"/home/jibin/Desktop/jibin/myWorks/mcuXpresso/lpc_chip_175x_6x/inc" -I"/home/jibin/Desktop/jibin/myWorks/mcuXpresso/lpc_board_nxp_lpcxpresso_1769/inc" -O0 -g3 -Wall -c -fmessage-length=0 -fno-builtin -ffunction-sections -fdata-sections -mcpu=cortex-m3 -mthumb -specs=redlib.specs -MMD -MP -MF"example/src/ritimer.d" -MT"example/src/ritimer.o" -MT"example/src/ritimer.d" -o "example/src/ritimer.o" "../example/src/ritimer.c"
Invoking: MCU C Compiler
arm-none-eabi-gcc -D__REDLIB__ -DDEBUG -D__CODE_RED -D__USE_LPCOPEN -DCORE_M3 -I"/home/jibin/Desktop/jibin/myWorks/mcuXpresso/lpc_chip_175x_6x/inc" -I"/home/jibin/Desktop/jibin/myWorks/mcuXpresso/lpc_board_nxp_lpcxpresso_1769/inc" -O0 -g3 -Wall -c -fmessage-length=0 -fno-builtin -ffunction-sections -fdata-sections -mcpu=cortex-m3 -mthumb -specs=redlib.specs -MMD -MP -MF"example/src/sysinit.d" -MT"example/src/sysinit.o" -MT"example/src/sysinit.d" -o "example/src/sysinit.o" "../example/src/sysinit.c"
Finished building: ../example/src/cr_startup_lpc175x_6x.c
 
Finished building: ../example/src/sysinit.c
 
Finished building: ../example/src/ritimer.c
 
Building target: periph_ritimer.axf
Invoking: MCU Linker
arm-none-eabi-gcc -nostdlib -L"/home/jibin/Desktop/jibin/myWorks/mcuXpresso/lpc_chip_175x_6x/Debug" -L"/home/jibin/Desktop/jibin/myWorks/mcuXpresso/lpc_board_nxp_lpcxpresso_1769/Debug" -Xlinker -Map="periph_ritimer.map" -Xlinker --gc-sections -mcpu=cortex-m3 -mthumb -T "periph_ritimer_Debug.ld" -o "periph_ritimer.axf"  ./example/src/cr_startup_lpc175x_6x.o ./example/src/ritimer.o ./example/src/sysinit.o   -llpc_board_nxp_lpcxpresso_1769 -llpc_chip_175x_6x
Finished building target: periph_ritimer.axf
 
make --no-print-directory post-build
Performing post-build steps
arm-none-eabi-size "periph_ritimer.axf"; # arm-none-eabi-objcopy -v -O binary "periph_ritimer.axf" "periph_ritimer.bin" ; # checksum -p LPC1769 -d "periph_ritimer.bin";
   text	   data	    bss	    dec	    hex	filename
   4748	      0	    492	   5240	   1478	periph_ritimer.axf
 

06:19:38 Build Finished (took 591ms)

