06:19:51 **** Build of configuration Debug for project proj_jibin_blink01 ****
make -r -j4 all 
Building target: proj_jibin_blink01.axf
Invoking: MCU Linker
arm-none-eabi-gcc -nostdlib -L"/home/jibin/Desktop/jibin/myWorks/mcuXpresso/lpc_board_nxp_lpcxpresso_1769/Debug" -L"/home/jibin/Desktop/jibin/myWorks/mcuXpresso/lpc_chip_175x_6x/Debug" -Xlinker -Map="proj_jibin_blink01.map" -Xlinker --gc-sections -Xlinker -print-memory-usage -mcpu=cortex-m3 -mthumb -T "proj_jibin_blink01_Debug.ld" -o "proj_jibin_blink01.axf"  ./src/cr_startup_lpc175x_6x.o ./src/crp.o ./src/proj_jibin_blink01.o ./src/sysinit.o   -llpc_board_nxp_lpcxpresso_1769 -llpc_chip_175x_6x
Memory region         Used Size  Region Size  %age Used
       MFlash512:        4896 B       512 KB      0.93%
        RamLoc32:         492 B        32 KB      1.50%
        RamAHB32:          0 GB        32 KB      0.00%
Finished building target: proj_jibin_blink01.axf
 
make --no-print-directory post-build
Performing post-build steps
arm-none-eabi-size "proj_jibin_blink01.axf"; # arm-none-eabi-objcopy -v -O binary "proj_jibin_blink01.axf" "proj_jibin_blink01.bin" ; # checksum -p LPC1769 -d "proj_jibin_blink01.bin";
   text	   data	    bss	    dec	    hex	filename
   4896	      0	    492	   5388	   150c	proj_jibin_blink01.axf
 

06:19:52 Build Finished (took 624ms)

