06:19:55 **** Build of configuration Debug for project ucos_iii_blinky ****
make -r -j4 all 
Building file: ../ucos_iii/src/cpu_a.asm
Building file: ../ucos_iii/src/cpu_bsp.c
Building file: ../ucos_iii/src/cpu_c.c
Building file: ../ucos_iii/src/cpu_core.c
Invoking: MCU Assembler
arm-none-eabi-gcc -c -x assembler-with-cpp -D__REDLIB__ -DDEBUG -D__CODE_RED -g3 -mcpu=cortex-m3 -mthumb -specs=redlib.specs -o "ucos_iii/src/cpu_a.o" "../ucos_iii/src/cpu_a.asm"
Invoking: MCU C Compiler
arm-none-eabi-gcc -D__REDLIB__ -DDEBUG -D__CODE_RED -D__USE_LPCOPEN -DCORE_M3 -I"/home/jibin/Desktop/jibin/myWorks/mcuXpresso/lpc_chip_175x_6x/inc" -I"/home/jibin/Desktop/jibin/myWorks/mcuXpresso/lpc_board_nxp_lpcxpresso_1769/inc" -I"/home/jibin/Desktop/jibin/myWorks/mcuXpresso/ucos_iii_blinky/example/inc" -I"/home/jibin/Desktop/jibin/myWorks/mcuXpresso/ucos_iii_blinky/ucos_iii/inc" -O0 -g3 -Wall -c -fmessage-length=0 -fno-builtin -ffunction-sections -fdata-sections -mcpu=cortex-m3 -mthumb -specs=redlib.specs -MMD -MP -MF"ucos_iii/src/cpu_c.d" -MT"ucos_iii/src/cpu_c.o" -MT"ucos_iii/src/cpu_c.d" -o "ucos_iii/src/cpu_c.o" "../ucos_iii/src/cpu_c.c"
Invoking: MCU C Compiler
arm-none-eabi-gcc -D__REDLIB__ -DDEBUG -D__CODE_RED -D__USE_LPCOPEN -DCORE_M3 -I"/home/jibin/Desktop/jibin/myWorks/mcuXpresso/lpc_chip_175x_6x/inc" -I"/home/jibin/Desktop/jibin/myWorks/mcuXpresso/lpc_board_nxp_lpcxpresso_1769/inc" -I"/home/jibin/Desktop/jibin/myWorks/mcuXpresso/ucos_iii_blinky/example/inc" -I"/home/jibin/Desktop/jibin/myWorks/mcuXpresso/ucos_iii_blinky/ucos_iii/inc" -O0 -g3 -Wall -c -fmessage-length=0 -fno-builtin -ffunction-sections -fdata-sections -mcpu=cortex-m3 -mthumb -specs=redlib.specs -MMD -MP -MF"ucos_iii/src/cpu_bsp.d" -MT"ucos_iii/src/cpu_bsp.o" -MT"ucos_iii/src/cpu_bsp.d" -o "ucos_iii/src/cpu_bsp.o" "../ucos_iii/src/cpu_bsp.c"
Invoking: MCU C Compiler
arm-none-eabi-gcc -D__REDLIB__ -DDEBUG -D__CODE_RED -D__USE_LPCOPEN -DCORE_M3 -I"/home/jibin/Desktop/jibin/myWorks/mcuXpresso/lpc_chip_175x_6x/inc" -I"/home/jibin/Desktop/jibin/myWorks/mcuXpresso/lpc_board_nxp_lpcxpresso_1769/inc" -I"/home/jibin/Desktop/jibin/myWorks/mcuXpresso/ucos_iii_blinky/example/inc" -I"/home/jibin/Desktop/jibin/myWorks/mcuXpresso/ucos_iii_blinky/ucos_iii/inc" -O0 -g3 -Wall -c -fmessage-length=0 -fno-builtin -ffunction-sections -fdata-sections -mcpu=cortex-m3 -mthumb -specs=redlib.specs -MMD -MP -MF"ucos_iii/src/cpu_core.d" -MT"ucos_iii/src/cpu_core.o" -MT"ucos_iii/src/cpu_core.d" -o "ucos_iii/src/cpu_core.o" "../ucos_iii/src/cpu_core.c"
Finished building: ../ucos_iii/src/cpu_a.asm
 
Building file: ../ucos_iii/src/lib_ascii.c
Invoking: MCU C Compiler
arm-none-eabi-gcc -D__REDLIB__ -DDEBUG -D__CODE_RED -D__USE_LPCOPEN -DCORE_M3 -I"/home/jibin/Desktop/jibin/myWorks/mcuXpresso/lpc_chip_175x_6x/inc" -I"/home/jibin/Desktop/jibin/myWorks/mcuXpresso/lpc_board_nxp_lpcxpresso_1769/inc" -I"/home/jibin/Desktop/jibin/myWorks/mcuXpresso/ucos_iii_blinky/example/inc" -I"/home/jibin/Desktop/jibin/myWorks/mcuXpresso/ucos_iii_blinky/ucos_iii/inc" -O0 -g3 -Wall -c -fmessage-length=0 -fno-builtin -ffunction-sections -fdata-sections -mcpu=cortex-m3 -mthumb -specs=redlib.specs -MMD -MP -MF"ucos_iii/src/lib_ascii.d" -MT"ucos_iii/src/lib_ascii.o" -MT"ucos_iii/src/lib_ascii.d" -o "ucos_iii/src/lib_ascii.o" "../ucos_iii/src/lib_ascii.c"
Finished building: ../ucos_iii/src/lib_ascii.c
Finished building: ../ucos_iii/src/cpu_core.c
 
Building file: ../ucos_iii/src/lib_math.c
 
Invoking: MCU C Compiler
Building file: ../ucos_iii/src/lib_mem.c
arm-none-eabi-gcc -D__REDLIB__ -DDEBUG -D__CODE_RED -D__USE_LPCOPEN -DCORE_M3 -I"/home/jibin/Desktop/jibin/myWorks/mcuXpresso/lpc_chip_175x_6x/inc" -I"/home/jibin/Desktop/jibin/myWorks/mcuXpresso/lpc_board_nxp_lpcxpresso_1769/inc" -I"/home/jibin/Desktop/jibin/myWorks/mcuXpresso/ucos_iii_blinky/example/inc" -I"/home/jibin/Desktop/jibin/myWorks/mcuXpresso/ucos_iii_blinky/ucos_iii/inc" -O0 -g3 -Wall -c -fmessage-length=0 -fno-builtin -ffunction-sections -fdata-sections -mcpu=cortex-m3 -mthumb -specs=redlib.specs -MMD -MP -MF"ucos_iii/src/lib_math.d" -MT"ucos_iii/src/lib_math.o" -MT"ucos_iii/src/lib_math.d" -o "ucos_iii/src/lib_math.o" "../ucos_iii/src/lib_math.c"
Invoking: MCU C Compiler
Finished building: ../ucos_iii/src/cpu_c.c
arm-none-eabi-gcc -D__REDLIB__ -DDEBUG -D__CODE_RED -D__USE_LPCOPEN -DCORE_M3 -I"/home/jibin/Desktop/jibin/myWorks/mcuXpresso/lpc_chip_175x_6x/inc" -I"/home/jibin/Desktop/jibin/myWorks/mcuXpresso/lpc_board_nxp_lpcxpresso_1769/inc" -I"/home/jibin/Desktop/jibin/myWorks/mcuXpresso/ucos_iii_blinky/example/inc" -I"/home/jibin/Desktop/jibin/myWorks/mcuXpresso/ucos_iii_blinky/ucos_iii/inc" -O0 -g3 -Wall -c -fmessage-length=0 -fno-builtin -ffunction-sections -fdata-sections -mcpu=cortex-m3 -mthumb -specs=redlib.specs -MMD -MP -MF"ucos_iii/src/lib_mem.d" -MT"ucos_iii/src/lib_mem.o" -MT"ucos_iii/src/lib_mem.d" -o "ucos_iii/src/lib_mem.o" "../ucos_iii/src/lib_mem.c"
 
Building file: ../ucos_iii/src/lib_str.c
Invoking: MCU C Compiler
arm-none-eabi-gcc -D__REDLIB__ -DDEBUG -D__CODE_RED -D__USE_LPCOPEN -DCORE_M3 -I"/home/jibin/Desktop/jibin/myWorks/mcuXpresso/lpc_chip_175x_6x/inc" -I"/home/jibin/Desktop/jibin/myWorks/mcuXpresso/lpc_board_nxp_lpcxpresso_1769/inc" -I"/home/jibin/Desktop/jibin/myWorks/mcuXpresso/ucos_iii_blinky/example/inc" -I"/home/jibin/Desktop/jibin/myWorks/mcuXpresso/ucos_iii_blinky/ucos_iii/inc" -O0 -g3 -Wall -c -fmessage-length=0 -fno-builtin -ffunction-sections -fdata-sections -mcpu=cortex-m3 -mthumb -specs=redlib.specs -MMD -MP -MF"ucos_iii/src/lib_str.d" -MT"ucos_iii/src/lib_str.o" -MT"ucos_iii/src/lib_str.d" -o "ucos_iii/src/lib_str.o" "../ucos_iii/src/lib_str.c"
Finished building: ../ucos_iii/src/cpu_bsp.c
 
Building file: ../ucos_iii/src/os_cfg_app.c
Invoking: MCU C Compiler
arm-none-eabi-gcc -D__REDLIB__ -DDEBUG -D__CODE_RED -D__USE_LPCOPEN -DCORE_M3 -I"/home/jibin/Desktop/jibin/myWorks/mcuXpresso/lpc_chip_175x_6x/inc" -I"/home/jibin/Desktop/jibin/myWorks/mcuXpresso/lpc_board_nxp_lpcxpresso_1769/inc" -I"/home/jibin/Desktop/jibin/myWorks/mcuXpresso/ucos_iii_blinky/example/inc" -I"/home/jibin/Desktop/jibin/myWorks/mcuXpresso/ucos_iii_blinky/ucos_iii/inc" -O0 -g3 -Wall -c -fmessage-length=0 -fno-builtin -ffunction-sections -fdata-sections -mcpu=cortex-m3 -mthumb -specs=redlib.specs -MMD -MP -MF"ucos_iii/src/os_cfg_app.d" -MT"ucos_iii/src/os_cfg_app.o" -MT"ucos_iii/src/os_cfg_app.d" -o "ucos_iii/src/os_cfg_app.o" "../ucos_iii/src/os_cfg_app.c"
Finished building: ../ucos_iii/src/lib_math.c
 
Building file: ../ucos_iii/src/os_core.c
Invoking: MCU C Compiler
arm-none-eabi-gcc -D__REDLIB__ -DDEBUG -D__CODE_RED -D__USE_LPCOPEN -DCORE_M3 -I"/home/jibin/Desktop/jibin/myWorks/mcuXpresso/lpc_chip_175x_6x/inc" -I"/home/jibin/Desktop/jibin/myWorks/mcuXpresso/lpc_board_nxp_lpcxpresso_1769/inc" -I"/home/jibin/Desktop/jibin/myWorks/mcuXpresso/ucos_iii_blinky/example/inc" -I"/home/jibin/Desktop/jibin/myWorks/mcuXpresso/ucos_iii_blinky/ucos_iii/inc" -O0 -g3 -Wall -c -fmessage-length=0 -fno-builtin -ffunction-sections -fdata-sections -mcpu=cortex-m3 -mthumb -specs=redlib.specs -MMD -MP -MF"ucos_iii/src/os_core.d" -MT"ucos_iii/src/os_core.o" -MT"ucos_iii/src/os_core.d" -o "ucos_iii/src/os_core.o" "../ucos_iii/src/os_core.c"
Finished building: ../ucos_iii/src/lib_mem.c
 
Building file: ../ucos_iii/src/os_cpu_a.s
Invoking: MCU Assembler
arm-none-eabi-gcc -c -x assembler-with-cpp -D__REDLIB__ -DDEBUG -D__CODE_RED -g3 -mcpu=cortex-m3 -mthumb -specs=redlib.specs -o "ucos_iii/src/os_cpu_a.o" "../ucos_iii/src/os_cpu_a.s"
Finished building: ../ucos_iii/src/os_cfg_app.c
 
Building file: ../ucos_iii/src/os_cpu_c.c
Invoking: MCU C Compiler
arm-none-eabi-gcc -D__REDLIB__ -DDEBUG -D__CODE_RED -D__USE_LPCOPEN -DCORE_M3 -I"/home/jibin/Desktop/jibin/myWorks/mcuXpresso/lpc_chip_175x_6x/inc" -I"/home/jibin/Desktop/jibin/myWorks/mcuXpresso/lpc_board_nxp_lpcxpresso_1769/inc" -I"/home/jibin/Desktop/jibin/myWorks/mcuXpresso/ucos_iii_blinky/example/inc" -I"/home/jibin/Desktop/jibin/myWorks/mcuXpresso/ucos_iii_blinky/ucos_iii/inc" -O0 -g3 -Wall -c -fmessage-length=0 -fno-builtin -ffunction-sections -fdata-sections -mcpu=cortex-m3 -mthumb -specs=redlib.specs -MMD -MP -MF"ucos_iii/src/os_cpu_c.d" -MT"ucos_iii/src/os_cpu_c.o" -MT"ucos_iii/src/os_cpu_c.d" -o "ucos_iii/src/os_cpu_c.o" "../ucos_iii/src/os_cpu_c.c"
Finished building: ../ucos_iii/src/os_cpu_a.s
 
Building file: ../ucos_iii/src/os_dbg.c
Invoking: MCU C Compiler
arm-none-eabi-gcc -D__REDLIB__ -DDEBUG -D__CODE_RED -D__USE_LPCOPEN -DCORE_M3 -I"/home/jibin/Desktop/jibin/myWorks/mcuXpresso/lpc_chip_175x_6x/inc" -I"/home/jibin/Desktop/jibin/myWorks/mcuXpresso/lpc_board_nxp_lpcxpresso_1769/inc" -I"/home/jibin/Desktop/jibin/myWorks/mcuXpresso/ucos_iii_blinky/example/inc" -I"/home/jibin/Desktop/jibin/myWorks/mcuXpresso/ucos_iii_blinky/ucos_iii/inc" -O0 -g3 -Wall -c -fmessage-length=0 -fno-builtin -ffunction-sections -fdata-sections -mcpu=cortex-m3 -mthumb -specs=redlib.specs -MMD -MP -MF"ucos_iii/src/os_dbg.d" -MT"ucos_iii/src/os_dbg.o" -MT"ucos_iii/src/os_dbg.d" -o "ucos_iii/src/os_dbg.o" "../ucos_iii/src/os_dbg.c"
Finished building: ../ucos_iii/src/lib_str.c
 
Building file: ../ucos_iii/src/os_flag.c
Invoking: MCU C Compiler
arm-none-eabi-gcc -D__REDLIB__ -DDEBUG -D__CODE_RED -D__USE_LPCOPEN -DCORE_M3 -I"/home/jibin/Desktop/jibin/myWorks/mcuXpresso/lpc_chip_175x_6x/inc" -I"/home/jibin/Desktop/jibin/myWorks/mcuXpresso/lpc_board_nxp_lpcxpresso_1769/inc" -I"/home/jibin/Desktop/jibin/myWorks/mcuXpresso/ucos_iii_blinky/example/inc" -I"/home/jibin/Desktop/jibin/myWorks/mcuXpresso/ucos_iii_blinky/ucos_iii/inc" -O0 -g3 -Wall -c -fmessage-length=0 -fno-builtin -ffunction-sections -fdata-sections -mcpu=cortex-m3 -mthumb -specs=redlib.specs -MMD -MP -MF"ucos_iii/src/os_flag.d" -MT"ucos_iii/src/os_flag.o" -MT"ucos_iii/src/os_flag.d" -o "ucos_iii/src/os_flag.o" "../ucos_iii/src/os_flag.c"
Finished building: ../ucos_iii/src/os_cpu_c.c
 
Building file: ../ucos_iii/src/os_int.c
Invoking: MCU C Compiler
arm-none-eabi-gcc -D__REDLIB__ -DDEBUG -D__CODE_RED -D__USE_LPCOPEN -DCORE_M3 -I"/home/jibin/Desktop/jibin/myWorks/mcuXpresso/lpc_chip_175x_6x/inc" -I"/home/jibin/Desktop/jibin/myWorks/mcuXpresso/lpc_board_nxp_lpcxpresso_1769/inc" -I"/home/jibin/Desktop/jibin/myWorks/mcuXpresso/ucos_iii_blinky/example/inc" -I"/home/jibin/Desktop/jibin/myWorks/mcuXpresso/ucos_iii_blinky/ucos_iii/inc" -O0 -g3 -Wall -c -fmessage-length=0 -fno-builtin -ffunction-sections -fdata-sections -mcpu=cortex-m3 -mthumb -specs=redlib.specs -MMD -MP -MF"ucos_iii/src/os_int.d" -MT"ucos_iii/src/os_int.o" -MT"ucos_iii/src/os_int.d" -o "ucos_iii/src/os_int.o" "../ucos_iii/src/os_int.c"
Finished building: ../ucos_iii/src/os_core.c
Finished building: ../ucos_iii/src/os_flag.c
 
 
../ucos_iii/src/os_int.c: In function 'OS_IntQRePost':
../ucos_iii/src/os_int.c:161:13: warning: unused variable 'ts' [-Wunused-variable]
     CPU_TS  ts;
             ^~
Building file: ../ucos_iii/src/os_mem.c
Building file: ../ucos_iii/src/os_msg.c
Finished building: ../ucos_iii/src/os_dbg.c
Invoking: MCU C Compiler
Invoking: MCU C Compiler
arm-none-eabi-gcc -D__REDLIB__ -DDEBUG -D__CODE_RED -D__USE_LPCOPEN -DCORE_M3 -I"/home/jibin/Desktop/jibin/myWorks/mcuXpresso/lpc_chip_175x_6x/inc" -I"/home/jibin/Desktop/jibin/myWorks/mcuXpresso/lpc_board_nxp_lpcxpresso_1769/inc" -I"/home/jibin/Desktop/jibin/myWorks/mcuXpresso/ucos_iii_blinky/example/inc" -I"/home/jibin/Desktop/jibin/myWorks/mcuXpresso/ucos_iii_blinky/ucos_iii/inc" -O0 -g3 -Wall -c -fmessage-length=0 -fno-builtin -ffunction-sections -fdata-sections -mcpu=cortex-m3 -mthumb -specs=redlib.specs -MMD -MP -MF"ucos_iii/src/os_msg.d" -MT"ucos_iii/src/os_msg.o" -MT"ucos_iii/src/os_msg.d" -o "ucos_iii/src/os_msg.o" "../ucos_iii/src/os_msg.c"
arm-none-eabi-gcc -D__REDLIB__ -DDEBUG -D__CODE_RED -D__USE_LPCOPEN -DCORE_M3 -I"/home/jibin/Desktop/jibin/myWorks/mcuXpresso/lpc_chip_175x_6x/inc" -I"/home/jibin/Desktop/jibin/myWorks/mcuXpresso/lpc_board_nxp_lpcxpresso_1769/inc" -I"/home/jibin/Desktop/jibin/myWorks/mcuXpresso/ucos_iii_blinky/example/inc" -I"/home/jibin/Desktop/jibin/myWorks/mcuXpresso/ucos_iii_blinky/ucos_iii/inc" -O0 -g3 -Wall -c -fmessage-length=0 -fno-builtin -ffunction-sections -fdata-sections -mcpu=cortex-m3 -mthumb -specs=redlib.specs -MMD -MP -MF"ucos_iii/src/os_mem.d" -MT"ucos_iii/src/os_mem.o" -MT"ucos_iii/src/os_mem.d" -o "ucos_iii/src/os_mem.o" "../ucos_iii/src/os_mem.c"
 
Building file: ../ucos_iii/src/os_mutex.c
Invoking: MCU C Compiler
arm-none-eabi-gcc -D__REDLIB__ -DDEBUG -D__CODE_RED -D__USE_LPCOPEN -DCORE_M3 -I"/home/jibin/Desktop/jibin/myWorks/mcuXpresso/lpc_chip_175x_6x/inc" -I"/home/jibin/Desktop/jibin/myWorks/mcuXpresso/lpc_board_nxp_lpcxpresso_1769/inc" -I"/home/jibin/Desktop/jibin/myWorks/mcuXpresso/ucos_iii_blinky/example/inc" -I"/home/jibin/Desktop/jibin/myWorks/mcuXpresso/ucos_iii_blinky/ucos_iii/inc" -O0 -g3 -Wall -c -fmessage-length=0 -fno-builtin -ffunction-sections -fdata-sections -mcpu=cortex-m3 -mthumb -specs=redlib.specs -MMD -MP -MF"ucos_iii/src/os_mutex.d" -MT"ucos_iii/src/os_mutex.o" -MT"ucos_iii/src/os_mutex.d" -o "ucos_iii/src/os_mutex.o" "../ucos_iii/src/os_mutex.c"
Finished building: ../ucos_iii/src/os_int.c
Finished building: ../ucos_iii/src/os_mem.c
 
 
Building file: ../ucos_iii/src/os_prio.c
Invoking: MCU C Compiler
arm-none-eabi-gcc -D__REDLIB__ -DDEBUG -D__CODE_RED -D__USE_LPCOPEN -DCORE_M3 -I"/home/jibin/Desktop/jibin/myWorks/mcuXpresso/lpc_chip_175x_6x/inc" -I"/home/jibin/Desktop/jibin/myWorks/mcuXpresso/lpc_board_nxp_lpcxpresso_1769/inc" -I"/home/jibin/Desktop/jibin/myWorks/mcuXpresso/ucos_iii_blinky/example/inc" -I"/home/jibin/Desktop/jibin/myWorks/mcuXpresso/ucos_iii_blinky/ucos_iii/inc" -O0 -g3 -Wall -c -fmessage-length=0 -fno-builtin -ffunction-sections -fdata-sections -mcpu=cortex-m3 -mthumb -specs=redlib.specs -MMD -MP -MF"ucos_iii/src/os_prio.d" -MT"ucos_iii/src/os_prio.o" -MT"ucos_iii/src/os_prio.d" -o "ucos_iii/src/os_prio.o" "../ucos_iii/src/os_prio.c"
Building file: ../ucos_iii/src/os_pend_multi.c
Invoking: MCU C Compiler
arm-none-eabi-gcc -D__REDLIB__ -DDEBUG -D__CODE_RED -D__USE_LPCOPEN -DCORE_M3 -I"/home/jibin/Desktop/jibin/myWorks/mcuXpresso/lpc_chip_175x_6x/inc" -I"/home/jibin/Desktop/jibin/myWorks/mcuXpresso/lpc_board_nxp_lpcxpresso_1769/inc" -I"/home/jibin/Desktop/jibin/myWorks/mcuXpresso/ucos_iii_blinky/example/inc" -I"/home/jibin/Desktop/jibin/myWorks/mcuXpresso/ucos_iii_blinky/ucos_iii/inc" -O0 -g3 -Wall -c -fmessage-length=0 -fno-builtin -ffunction-sections -fdata-sections -mcpu=cortex-m3 -mthumb -specs=redlib.specs -MMD -MP -MF"ucos_iii/src/os_pend_multi.d" -MT"ucos_iii/src/os_pend_multi.o" -MT"ucos_iii/src/os_pend_multi.d" -o "ucos_iii/src/os_pend_multi.o" "../ucos_iii/src/os_pend_multi.c"
Finished building: ../ucos_iii/src/os_mutex.c
 
Building file: ../ucos_iii/src/os_q.c
Invoking: MCU C Compiler
arm-none-eabi-gcc -D__REDLIB__ -DDEBUG -D__CODE_RED -D__USE_LPCOPEN -DCORE_M3 -I"/home/jibin/Desktop/jibin/myWorks/mcuXpresso/lpc_chip_175x_6x/inc" -I"/home/jibin/Desktop/jibin/myWorks/mcuXpresso/lpc_board_nxp_lpcxpresso_1769/inc" -I"/home/jibin/Desktop/jibin/myWorks/mcuXpresso/ucos_iii_blinky/example/inc" -I"/home/jibin/Desktop/jibin/myWorks/mcuXpresso/ucos_iii_blinky/ucos_iii/inc" -O0 -g3 -Wall -c -fmessage-length=0 -fno-builtin -ffunction-sections -fdata-sections -mcpu=cortex-m3 -mthumb -specs=redlib.specs -MMD -MP -MF"ucos_iii/src/os_q.d" -MT"ucos_iii/src/os_q.o" -MT"ucos_iii/src/os_q.d" -o "ucos_iii/src/os_q.o" "../ucos_iii/src/os_q.c"
Finished building: ../ucos_iii/src/os_msg.c
 
Building file: ../ucos_iii/src/os_sem.c
Invoking: MCU C Compiler
arm-none-eabi-gcc -D__REDLIB__ -DDEBUG -D__CODE_RED -D__USE_LPCOPEN -DCORE_M3 -I"/home/jibin/Desktop/jibin/myWorks/mcuXpresso/lpc_chip_175x_6x/inc" -I"/home/jibin/Desktop/jibin/myWorks/mcuXpresso/lpc_board_nxp_lpcxpresso_1769/inc" -I"/home/jibin/Desktop/jibin/myWorks/mcuXpresso/ucos_iii_blinky/example/inc" -I"/home/jibin/Desktop/jibin/myWorks/mcuXpresso/ucos_iii_blinky/ucos_iii/inc" -O0 -g3 -Wall -c -fmessage-length=0 -fno-builtin -ffunction-sections -fdata-sections -mcpu=cortex-m3 -mthumb -specs=redlib.specs -MMD -MP -MF"ucos_iii/src/os_sem.d" -MT"ucos_iii/src/os_sem.o" -MT"ucos_iii/src/os_sem.d" -o "ucos_iii/src/os_sem.o" "../ucos_iii/src/os_sem.c"
Finished building: ../ucos_iii/src/os_pend_multi.c
 
Building file: ../ucos_iii/src/os_stat.c
Invoking: MCU C Compiler
arm-none-eabi-gcc -D__REDLIB__ -DDEBUG -D__CODE_RED -D__USE_LPCOPEN -DCORE_M3 -I"/home/jibin/Desktop/jibin/myWorks/mcuXpresso/lpc_chip_175x_6x/inc" -I"/home/jibin/Desktop/jibin/myWorks/mcuXpresso/lpc_board_nxp_lpcxpresso_1769/inc" -I"/home/jibin/Desktop/jibin/myWorks/mcuXpresso/ucos_iii_blinky/example/inc" -I"/home/jibin/Desktop/jibin/myWorks/mcuXpresso/ucos_iii_blinky/ucos_iii/inc" -O0 -g3 -Wall -c -fmessage-length=0 -fno-builtin -ffunction-sections -fdata-sections -mcpu=cortex-m3 -mthumb -specs=redlib.specs -MMD -MP -MF"ucos_iii/src/os_stat.d" -MT"ucos_iii/src/os_stat.o" -MT"ucos_iii/src/os_stat.d" -o "ucos_iii/src/os_stat.o" "../ucos_iii/src/os_stat.c"
Finished building: ../ucos_iii/src/os_q.c
 
Building file: ../ucos_iii/src/os_task.c
Invoking: MCU C Compiler
arm-none-eabi-gcc -D__REDLIB__ -DDEBUG -D__CODE_RED -D__USE_LPCOPEN -DCORE_M3 -I"/home/jibin/Desktop/jibin/myWorks/mcuXpresso/lpc_chip_175x_6x/inc" -I"/home/jibin/Desktop/jibin/myWorks/mcuXpresso/lpc_board_nxp_lpcxpresso_1769/inc" -I"/home/jibin/Desktop/jibin/myWorks/mcuXpresso/ucos_iii_blinky/example/inc" -I"/home/jibin/Desktop/jibin/myWorks/mcuXpresso/ucos_iii_blinky/ucos_iii/inc" -O0 -g3 -Wall -c -fmessage-length=0 -fno-builtin -ffunction-sections -fdata-sections -mcpu=cortex-m3 -mthumb -specs=redlib.specs -MMD -MP -MF"ucos_iii/src/os_task.d" -MT"ucos_iii/src/os_task.o" -MT"ucos_iii/src/os_task.d" -o "ucos_iii/src/os_task.o" "../ucos_iii/src/os_task.c"
Finished building: ../ucos_iii/src/os_prio.c
 
Building file: ../ucos_iii/src/os_tick.c
Invoking: MCU C Compiler
arm-none-eabi-gcc -D__REDLIB__ -DDEBUG -D__CODE_RED -D__USE_LPCOPEN -DCORE_M3 -I"/home/jibin/Desktop/jibin/myWorks/mcuXpresso/lpc_chip_175x_6x/inc" -I"/home/jibin/Desktop/jibin/myWorks/mcuXpresso/lpc_board_nxp_lpcxpresso_1769/inc" -I"/home/jibin/Desktop/jibin/myWorks/mcuXpresso/ucos_iii_blinky/example/inc" -I"/home/jibin/Desktop/jibin/myWorks/mcuXpresso/ucos_iii_blinky/ucos_iii/inc" -O0 -g3 -Wall -c -fmessage-length=0 -fno-builtin -ffunction-sections -fdata-sections -mcpu=cortex-m3 -mthumb -specs=redlib.specs -MMD -MP -MF"ucos_iii/src/os_tick.d" -MT"ucos_iii/src/os_tick.o" -MT"ucos_iii/src/os_tick.d" -o "ucos_iii/src/os_tick.o" "../ucos_iii/src/os_tick.c"
Finished building: ../ucos_iii/src/os_stat.c
 
Building file: ../ucos_iii/src/os_time.c
Invoking: MCU C Compiler
arm-none-eabi-gcc -D__REDLIB__ -DDEBUG -D__CODE_RED -D__USE_LPCOPEN -DCORE_M3 -I"/home/jibin/Desktop/jibin/myWorks/mcuXpresso/lpc_chip_175x_6x/inc" -I"/home/jibin/Desktop/jibin/myWorks/mcuXpresso/lpc_board_nxp_lpcxpresso_1769/inc" -I"/home/jibin/Desktop/jibin/myWorks/mcuXpresso/ucos_iii_blinky/example/inc" -I"/home/jibin/Desktop/jibin/myWorks/mcuXpresso/ucos_iii_blinky/ucos_iii/inc" -O0 -g3 -Wall -c -fmessage-length=0 -fno-builtin -ffunction-sections -fdata-sections -mcpu=cortex-m3 -mthumb -specs=redlib.specs -MMD -MP -MF"ucos_iii/src/os_time.d" -MT"ucos_iii/src/os_time.o" -MT"ucos_iii/src/os_time.d" -o "ucos_iii/src/os_time.o" "../ucos_iii/src/os_time.c"
Finished building: ../ucos_iii/src/os_sem.c
 
Building file: ../ucos_iii/src/os_tmr.c
Invoking: MCU C Compiler
arm-none-eabi-gcc -D__REDLIB__ -DDEBUG -D__CODE_RED -D__USE_LPCOPEN -DCORE_M3 -I"/home/jibin/Desktop/jibin/myWorks/mcuXpresso/lpc_chip_175x_6x/inc" -I"/home/jibin/Desktop/jibin/myWorks/mcuXpresso/lpc_board_nxp_lpcxpresso_1769/inc" -I"/home/jibin/Desktop/jibin/myWorks/mcuXpresso/ucos_iii_blinky/example/inc" -I"/home/jibin/Desktop/jibin/myWorks/mcuXpresso/ucos_iii_blinky/ucos_iii/inc" -O0 -g3 -Wall -c -fmessage-length=0 -fno-builtin -ffunction-sections -fdata-sections -mcpu=cortex-m3 -mthumb -specs=redlib.specs -MMD -MP -MF"ucos_iii/src/os_tmr.d" -MT"ucos_iii/src/os_tmr.o" -MT"ucos_iii/src/os_tmr.d" -o "ucos_iii/src/os_tmr.o" "../ucos_iii/src/os_tmr.c"
Finished building: ../ucos_iii/src/os_tick.c
 
Building file: ../ucos_iii/src/os_var.c
Invoking: MCU C Compiler
arm-none-eabi-gcc -D__REDLIB__ -DDEBUG -D__CODE_RED -D__USE_LPCOPEN -DCORE_M3 -I"/home/jibin/Desktop/jibin/myWorks/mcuXpresso/lpc_chip_175x_6x/inc" -I"/home/jibin/Desktop/jibin/myWorks/mcuXpresso/lpc_board_nxp_lpcxpresso_1769/inc" -I"/home/jibin/Desktop/jibin/myWorks/mcuXpresso/ucos_iii_blinky/example/inc" -I"/home/jibin/Desktop/jibin/myWorks/mcuXpresso/ucos_iii_blinky/ucos_iii/inc" -O0 -g3 -Wall -c -fmessage-length=0 -fno-builtin -ffunction-sections -fdata-sections -mcpu=cortex-m3 -mthumb -specs=redlib.specs -MMD -MP -MF"ucos_iii/src/os_var.d" -MT"ucos_iii/src/os_var.o" -MT"ucos_iii/src/os_var.d" -o "ucos_iii/src/os_var.o" "../ucos_iii/src/os_var.c"
Finished building: ../ucos_iii/src/os_time.c
Finished building: ../ucos_iii/src/os_task.c
 
Building file: ../example/src/cr_ucos_iii_startup_lpc17xx40xx.c
 
Building file: ../example/src/sysinit.c
Invoking: MCU C Compiler
arm-none-eabi-gcc -D__REDLIB__ -DDEBUG -D__CODE_RED -D__USE_LPCOPEN -DCORE_M3 -I"/home/jibin/Desktop/jibin/myWorks/mcuXpresso/lpc_chip_175x_6x/inc" -I"/home/jibin/Desktop/jibin/myWorks/mcuXpresso/lpc_board_nxp_lpcxpresso_1769/inc" -I"/home/jibin/Desktop/jibin/myWorks/mcuXpresso/ucos_iii_blinky/example/inc" -I"/home/jibin/Desktop/jibin/myWorks/mcuXpresso/ucos_iii_blinky/ucos_iii/inc" -O0 -g3 -Wall -c -fmessage-length=0 -fno-builtin -ffunction-sections -fdata-sections -mcpu=cortex-m3 -mthumb -specs=redlib.specs -MMD -MP -MF"example/src/cr_ucos_iii_startup_lpc17xx40xx.d" -MT"example/src/cr_ucos_iii_startup_lpc17xx40xx.o" -MT"example/src/cr_ucos_iii_startup_lpc17xx40xx.d" -o "example/src/cr_ucos_iii_startup_lpc17xx40xx.o" "../example/src/cr_ucos_iii_startup_lpc17xx40xx.c"
Invoking: MCU C Compiler
arm-none-eabi-gcc -D__REDLIB__ -DDEBUG -D__CODE_RED -D__USE_LPCOPEN -DCORE_M3 -I"/home/jibin/Desktop/jibin/myWorks/mcuXpresso/lpc_chip_175x_6x/inc" -I"/home/jibin/Desktop/jibin/myWorks/mcuXpresso/lpc_board_nxp_lpcxpresso_1769/inc" -I"/home/jibin/Desktop/jibin/myWorks/mcuXpresso/ucos_iii_blinky/example/inc" -I"/home/jibin/Desktop/jibin/myWorks/mcuXpresso/ucos_iii_blinky/ucos_iii/inc" -O0 -g3 -Wall -c -fmessage-length=0 -fno-builtin -ffunction-sections -fdata-sections -mcpu=cortex-m3 -mthumb -specs=redlib.specs -MMD -MP -MF"example/src/sysinit.d" -MT"example/src/sysinit.o" -MT"example/src/sysinit.d" -o "example/src/sysinit.o" "../example/src/sysinit.c"
Finished building: ../ucos_iii/src/os_var.c
 
Building file: ../example/src/ucos_iii_blinky.c
Invoking: MCU C Compiler
arm-none-eabi-gcc -D__REDLIB__ -DDEBUG -D__CODE_RED -D__USE_LPCOPEN -DCORE_M3 -I"/home/jibin/Desktop/jibin/myWorks/mcuXpresso/lpc_chip_175x_6x/inc" -I"/home/jibin/Desktop/jibin/myWorks/mcuXpresso/lpc_board_nxp_lpcxpresso_1769/inc" -I"/home/jibin/Desktop/jibin/myWorks/mcuXpresso/ucos_iii_blinky/example/inc" -I"/home/jibin/Desktop/jibin/myWorks/mcuXpresso/ucos_iii_blinky/ucos_iii/inc" -O0 -g3 -Wall -c -fmessage-length=0 -fno-builtin -ffunction-sections -fdata-sections -mcpu=cortex-m3 -mthumb -specs=redlib.specs -MMD -MP -MF"example/src/ucos_iii_blinky.d" -MT"example/src/ucos_iii_blinky.o" -MT"example/src/ucos_iii_blinky.d" -o "example/src/ucos_iii_blinky.o" "../example/src/ucos_iii_blinky.c"
Finished building: ../ucos_iii/src/os_tmr.c
 
Finished building: ../example/src/cr_ucos_iii_startup_lpc17xx40xx.c
 
Finished building: ../example/src/sysinit.c
 
Finished building: ../example/src/ucos_iii_blinky.c
 
Building target: ucos_iii_blinky.axf
Invoking: MCU Linker
arm-none-eabi-gcc -nostdlib -L"/home/jibin/Desktop/jibin/myWorks/mcuXpresso/lpc_chip_175x_6x/Debug" -L"/home/jibin/Desktop/jibin/myWorks/mcuXpresso/lpc_board_nxp_lpcxpresso_1769/Debug" -Xlinker -Map="ucos_iii_blinky.map" -Xlinker --gc-sections -mcpu=cortex-m3 -mthumb -T "ucos_iii_blinky_Debug.ld" -o "ucos_iii_blinky.axf"  ./ucos_iii/src/cpu_a.o ./ucos_iii/src/cpu_bsp.o ./ucos_iii/src/cpu_c.o ./ucos_iii/src/cpu_core.o ./ucos_iii/src/lib_ascii.o ./ucos_iii/src/lib_math.o ./ucos_iii/src/lib_mem.o ./ucos_iii/src/lib_str.o ./ucos_iii/src/os_cfg_app.o ./ucos_iii/src/os_core.o ./ucos_iii/src/os_cpu_a.o ./ucos_iii/src/os_cpu_c.o ./ucos_iii/src/os_dbg.o ./ucos_iii/src/os_flag.o ./ucos_iii/src/os_int.o ./ucos_iii/src/os_mem.o ./ucos_iii/src/os_msg.o ./ucos_iii/src/os_mutex.o ./ucos_iii/src/os_pend_multi.o ./ucos_iii/src/os_prio.o ./ucos_iii/src/os_q.o ./ucos_iii/src/os_sem.o ./ucos_iii/src/os_stat.o ./ucos_iii/src/os_task.o ./ucos_iii/src/os_tick.o ./ucos_iii/src/os_time.o ./ucos_iii/src/os_tmr.o ./ucos_iii/src/os_var.o  ./example/src/cr_ucos_iii_startup_lpc17xx40xx.o ./example/src/sysinit.o ./example/src/ucos_iii_blinky.o   -llpc_board_nxp_lpcxpresso_1769 -llpc_chip_175x_6x
Finished building target: ucos_iii_blinky.axf
 
make --no-print-directory post-build
Performing post-build steps
arm-none-eabi-size "ucos_iii_blinky.axf"; # arm-none-eabi-objcopy -v -O binary "ucos_iii_blinky.axf" "ucos_iii_blinky.bin" ; # checksum -p LPC1769 -d "ucos_iii_blinky.bin";
   text	   data	    bss	    dec	    hex	filename
  26676	      0	  10076	  36752	   8f90	ucos_iii_blinky.axf
 

06:19:57 Build Finished (took 1s.636ms)

