06:20:01 **** Build of configuration Debug for project usbd_lib_composite ****
make -r -j4 all 
Building file: ../example/src/cdc_vcom.c
Building file: ../example/src/composite_desc.c
Building file: ../example/src/cr_startup_lpc175x_6x.c
Invoking: MCU C Compiler
Building file: ../example/src/composite_main.c
Invoking: MCU C Compiler
arm-none-eabi-gcc -D__REDLIB__ -DDEBUG -D__CODE_RED -D__USE_LPCOPEN -DCORE_M3 -I"/home/jibin/Desktop/jibin/myWorks/mcuXpresso/lpc_chip_175x_6x/inc" -I"/home/jibin/Desktop/jibin/myWorks/mcuXpresso/lpc_board_nxp_lpcxpresso_1769/inc" -I"/home/jibin/Desktop/jibin/myWorks/mcuXpresso/usbd_lib_composite/example/inc" -I"/home/jibin/Desktop/jibin/myWorks/mcuXpresso/lpc_chip_175x_6x/inc/usbd" -O0 -g3 -Wall -c -fmessage-length=0 -fno-builtin -ffunction-sections -fdata-sections -mcpu=cortex-m3 -mthumb -specs=redlib.specs -MMD -MP -MF"example/src/composite_desc.d" -MT"example/src/composite_desc.o" -MT"example/src/composite_desc.d" -o "example/src/composite_desc.o" "../example/src/composite_desc.c"
arm-none-eabi-gcc -D__REDLIB__ -DDEBUG -D__CODE_RED -D__USE_LPCOPEN -DCORE_M3 -I"/home/jibin/Desktop/jibin/myWorks/mcuXpresso/lpc_chip_175x_6x/inc" -I"/home/jibin/Desktop/jibin/myWorks/mcuXpresso/lpc_board_nxp_lpcxpresso_1769/inc" -I"/home/jibin/Desktop/jibin/myWorks/mcuXpresso/usbd_lib_composite/example/inc" -I"/home/jibin/Desktop/jibin/myWorks/mcuXpresso/lpc_chip_175x_6x/inc/usbd" -O0 -g3 -Wall -c -fmessage-length=0 -fno-builtin -ffunction-sections -fdata-sections -mcpu=cortex-m3 -mthumb -specs=redlib.specs -MMD -MP -MF"example/src/cr_startup_lpc175x_6x.d" -MT"example/src/cr_startup_lpc175x_6x.o" -MT"example/src/cr_startup_lpc175x_6x.d" -o "example/src/cr_startup_lpc175x_6x.o" "../example/src/cr_startup_lpc175x_6x.c"
Invoking: MCU C Compiler
arm-none-eabi-gcc -D__REDLIB__ -DDEBUG -D__CODE_RED -D__USE_LPCOPEN -DCORE_M3 -I"/home/jibin/Desktop/jibin/myWorks/mcuXpresso/lpc_chip_175x_6x/inc" -I"/home/jibin/Desktop/jibin/myWorks/mcuXpresso/lpc_board_nxp_lpcxpresso_1769/inc" -I"/home/jibin/Desktop/jibin/myWorks/mcuXpresso/usbd_lib_composite/example/inc" -I"/home/jibin/Desktop/jibin/myWorks/mcuXpresso/lpc_chip_175x_6x/inc/usbd" -O0 -g3 -Wall -c -fmessage-length=0 -fno-builtin -ffunction-sections -fdata-sections -mcpu=cortex-m3 -mthumb -specs=redlib.specs -MMD -MP -MF"example/src/cdc_vcom.d" -MT"example/src/cdc_vcom.o" -MT"example/src/cdc_vcom.d" -o "example/src/cdc_vcom.o" "../example/src/cdc_vcom.c"
Invoking: MCU C Compiler
arm-none-eabi-gcc -D__REDLIB__ -DDEBUG -D__CODE_RED -D__USE_LPCOPEN -DCORE_M3 -I"/home/jibin/Desktop/jibin/myWorks/mcuXpresso/lpc_chip_175x_6x/inc" -I"/home/jibin/Desktop/jibin/myWorks/mcuXpresso/lpc_board_nxp_lpcxpresso_1769/inc" -I"/home/jibin/Desktop/jibin/myWorks/mcuXpresso/usbd_lib_composite/example/inc" -I"/home/jibin/Desktop/jibin/myWorks/mcuXpresso/lpc_chip_175x_6x/inc/usbd" -O0 -g3 -Wall -c -fmessage-length=0 -fno-builtin -ffunction-sections -fdata-sections -mcpu=cortex-m3 -mthumb -specs=redlib.specs -MMD -MP -MF"example/src/composite_main.d" -MT"example/src/composite_main.o" -MT"example/src/composite_main.d" -o "example/src/composite_main.o" "../example/src/composite_main.c"
Finished building: ../example/src/cr_startup_lpc175x_6x.c
 
Building file: ../example/src/hid_mouse.c
Invoking: MCU C Compiler
arm-none-eabi-gcc -D__REDLIB__ -DDEBUG -D__CODE_RED -D__USE_LPCOPEN -DCORE_M3 -I"/home/jibin/Desktop/jibin/myWorks/mcuXpresso/lpc_chip_175x_6x/inc" -I"/home/jibin/Desktop/jibin/myWorks/mcuXpresso/lpc_board_nxp_lpcxpresso_1769/inc" -I"/home/jibin/Desktop/jibin/myWorks/mcuXpresso/usbd_lib_composite/example/inc" -I"/home/jibin/Desktop/jibin/myWorks/mcuXpresso/lpc_chip_175x_6x/inc/usbd" -O0 -g3 -Wall -c -fmessage-length=0 -fno-builtin -ffunction-sections -fdata-sections -mcpu=cortex-m3 -mthumb -specs=redlib.specs -MMD -MP -MF"example/src/hid_mouse.d" -MT"example/src/hid_mouse.o" -MT"example/src/hid_mouse.d" -o "example/src/hid_mouse.o" "../example/src/hid_mouse.c"
../example/src/composite_main.c: In function 'main':
../example/src/composite_main.c:187:16: warning: pointer targets in passing argument 1 of 'vcom_write' differ in signedness [-Wpointer-sign]
     vcom_write("Hello World!!\r\n", 15);
                ^~~~~~~~~~~~~~~~~~~
In file included from ../example/src/composite_main.c:37:0:
/home/jibin/Desktop/jibin/myWorks/mcuXpresso/usbd_lib_composite/example/inc/cdc_vcom.h:117:10: note: expected 'uint8_t * {aka unsigned char *}' but argument is of type 'char *'
 uint32_t vcom_write (uint8_t *pBuf, uint32_t buf_len);
          ^~~~~~~~~~
Finished building: ../example/src/composite_desc.c
 
Building file: ../example/src/sysinit.c
Invoking: MCU C Compiler
arm-none-eabi-gcc -D__REDLIB__ -DDEBUG -D__CODE_RED -D__USE_LPCOPEN -DCORE_M3 -I"/home/jibin/Desktop/jibin/myWorks/mcuXpresso/lpc_chip_175x_6x/inc" -I"/home/jibin/Desktop/jibin/myWorks/mcuXpresso/lpc_board_nxp_lpcxpresso_1769/inc" -I"/home/jibin/Desktop/jibin/myWorks/mcuXpresso/usbd_lib_composite/example/inc" -I"/home/jibin/Desktop/jibin/myWorks/mcuXpresso/lpc_chip_175x_6x/inc/usbd" -O0 -g3 -Wall -c -fmessage-length=0 -fno-builtin -ffunction-sections -fdata-sections -mcpu=cortex-m3 -mthumb -specs=redlib.specs -MMD -MP -MF"example/src/sysinit.d" -MT"example/src/sysinit.o" -MT"example/src/sysinit.d" -o "example/src/sysinit.o" "../example/src/sysinit.c"
Finished building: ../example/src/composite_main.c
 
Finished building: ../example/src/cdc_vcom.c
 
Finished building: ../example/src/hid_mouse.c
 
Finished building: ../example/src/sysinit.c
 
Building target: usbd_lib_composite.axf
Invoking: MCU Linker
arm-none-eabi-gcc -nostdlib -L"/home/jibin/Desktop/jibin/myWorks/mcuXpresso/lpc_chip_175x_6x/Debug" -L"/home/jibin/Desktop/jibin/myWorks/mcuXpresso/lpc_board_nxp_lpcxpresso_1769/Debug" -L"/home/jibin/Desktop/jibin/myWorks/mcuXpresso/lpc_chip_175x_6x/libs" -Xlinker -Map="usbd_lib_composite.map" -Xlinker --gc-sections -mcpu=cortex-m3 -mthumb -T "usbd_lib_composite_Debug.ld" -o "usbd_lib_composite.axf"  ./example/src/cdc_vcom.o ./example/src/composite_desc.o ./example/src/composite_main.o ./example/src/cr_startup_lpc175x_6x.o ./example/src/hid_mouse.o ./example/src/sysinit.o   -llpc_board_nxp_lpcxpresso_1769 -llpc_chip_175x_6x -lusbd_175x_6x_lib
Finished building target: usbd_lib_composite.axf
 
make --no-print-directory post-build
Performing post-build steps
arm-none-eabi-size "usbd_lib_composite.axf"; # arm-none-eabi-objcopy -v -O binary "usbd_lib_composite.axf" "usbd_lib_composite.bin" ; # checksum -p LPC1769 -d "usbd_lib_composite.bin";
   text	   data	    bss	    dec	    hex	filename
  12684	    108	    776	  13568	   3500	usbd_lib_composite.axf
 

06:20:02 Build Finished (took 774ms)

