Archive member included to satisfy reference by file (symbol)

/home/jibin/Desktop/jibin/myWorks/mcuXpresso/lpc_board_nxp_lpcxpresso_1769/Debug/liblpc_board_nxp_lpcxpresso_1769.a(board.o)
                              ./freertos/src/FreeRTOSCommonHooks.o (Board_UARTPutSTR)
/home/jibin/Desktop/jibin/myWorks/mcuXpresso/lpc_board_nxp_lpcxpresso_1769/Debug/liblpc_board_nxp_lpcxpresso_1769.a(board_sysinit.o)
                              ./example/src/sysinit.o (Board_SystemInit)
/home/jibin/Desktop/jibin/myWorks/mcuXpresso/lpc_chip_175x_6x/Debug/liblpc_chip_175x_6x.a(chip_17xx_40xx.o)
                              ./freertos/src/port.o (SystemCoreClock)
/home/jibin/Desktop/jibin/myWorks/mcuXpresso/lpc_chip_175x_6x/Debug/liblpc_chip_175x_6x.a(clock_17xx_40xx.o)
                              /home/jibin/Desktop/jibin/myWorks/mcuXpresso/lpc_chip_175x_6x/Debug/liblpc_chip_175x_6x.a(chip_17xx_40xx.o) (Chip_Clock_EnablePLL)
/home/jibin/Desktop/jibin/myWorks/mcuXpresso/lpc_chip_175x_6x/Debug/liblpc_chip_175x_6x.a(i2s_17xx_40xx.o)
                              /home/jibin/Desktop/jibin/myWorks/mcuXpresso/lpc_board_nxp_lpcxpresso_1769/Debug/liblpc_board_nxp_lpcxpresso_1769.a(board.o) (Chip_I2S_Init)
/home/jibin/Desktop/jibin/myWorks/mcuXpresso/lpc_chip_175x_6x/Debug/liblpc_chip_175x_6x.a(iocon_17xx_40xx.o)
                              /home/jibin/Desktop/jibin/myWorks/mcuXpresso/lpc_board_nxp_lpcxpresso_1769/Debug/liblpc_board_nxp_lpcxpresso_1769.a(board.o) (Chip_IOCON_PinMux)
/home/jibin/Desktop/jibin/myWorks/mcuXpresso/lpc_chip_175x_6x/Debug/liblpc_chip_175x_6x.a(sysinit_17xx_40xx.o)
                              /home/jibin/Desktop/jibin/myWorks/mcuXpresso/lpc_board_nxp_lpcxpresso_1769/Debug/liblpc_board_nxp_lpcxpresso_1769.a(board_sysinit.o) (Chip_SetupXtalClocking)
/home/jibin/Desktop/jibin/myWorks/mcuXpresso/lpc_chip_175x_6x/Debug/liblpc_chip_175x_6x.a(uart_17xx_40xx.o)
                              /home/jibin/Desktop/jibin/myWorks/mcuXpresso/lpc_board_nxp_lpcxpresso_1769/Debug/liblpc_board_nxp_lpcxpresso_1769.a(board.o) (Chip_UART_Init)
/home/jibin/Desktop/jibin/myWorks/mcuXpresso/lpc_chip_175x_6x/Debug/liblpc_chip_175x_6x.a(ring_buffer.o)
                              /home/jibin/Desktop/jibin/myWorks/mcuXpresso/lpc_chip_175x_6x/Debug/liblpc_chip_175x_6x.a(uart_17xx_40xx.o) (RingBuffer_Insert)
/usr/local/mcuxpressoide-10.3.1_2233/ide/plugins/com.nxp.mcuxpresso.tools.linux_10.3.0.201811011841/tools/bin/../lib/gcc/arm-none-eabi/7.3.1/thumb/v7-m/libgcc.a(_aeabi_uldivmod.o)
                              /home/jibin/Desktop/jibin/myWorks/mcuXpresso/lpc_chip_175x_6x/Debug/liblpc_chip_175x_6x.a(i2s_17xx_40xx.o) (__aeabi_uldivmod)
/usr/local/mcuxpressoide-10.3.1_2233/ide/plugins/com.nxp.mcuxpresso.tools.linux_10.3.0.201811011841/tools/bin/../lib/gcc/arm-none-eabi/7.3.1/thumb/v7-m/libgcc.a(_udivmoddi4.o)
                              /usr/local/mcuxpressoide-10.3.1_2233/ide/plugins/com.nxp.mcuxpresso.tools.linux_10.3.0.201811011841/tools/bin/../lib/gcc/arm-none-eabi/7.3.1/thumb/v7-m/libgcc.a(_aeabi_uldivmod.o) (__udivmoddi4)
/usr/local/mcuxpressoide-10.3.1_2233/ide/plugins/com.nxp.mcuxpresso.tools.linux_10.3.0.201811011841/tools/bin/../lib/gcc/arm-none-eabi/7.3.1/thumb/v7-m/libgcc.a(_dvmd_tls.o)
                              /usr/local/mcuxpressoide-10.3.1_2233/ide/plugins/com.nxp.mcuxpresso.tools.linux_10.3.0.201811011841/tools/bin/../lib/gcc/arm-none-eabi/7.3.1/thumb/v7-m/libgcc.a(_aeabi_uldivmod.o) (__aeabi_ldiv0)
/usr/local/mcuxpressoide-10.3.1_2233/ide/plugins/com.nxp.mcuxpresso.tools.linux_10.3.0.201811011841/tools/bin/../lib/gcc/arm-none-eabi/7.3.1/../../../../arm-none-eabi/lib/thumb/v7-m/libc_nano.a(lib_a-malloc.o)
                              ./freertos/src/heap_3.o (malloc)
/usr/local/mcuxpressoide-10.3.1_2233/ide/plugins/com.nxp.mcuxpresso.tools.linux_10.3.0.201811011841/tools/bin/../lib/gcc/arm-none-eabi/7.3.1/../../../../arm-none-eabi/lib/thumb/v7-m/libc_nano.a(lib_a-memcpy-stub.o)
                              ./freertos/src/queue.o (memcpy)
/usr/local/mcuxpressoide-10.3.1_2233/ide/plugins/com.nxp.mcuxpresso.tools.linux_10.3.0.201811011841/tools/bin/../lib/gcc/arm-none-eabi/7.3.1/../../../../arm-none-eabi/lib/thumb/v7-m/libc_nano.a(lib_a-memset.o)
                              ./freertos/src/tasks.o (memset)
/usr/local/mcuxpressoide-10.3.1_2233/ide/plugins/com.nxp.mcuxpresso.tools.linux_10.3.0.201811011841/tools/bin/../lib/gcc/arm-none-eabi/7.3.1/../../../../arm-none-eabi/lib/thumb/v7-m/libc_nano.a(lib_a-nano-freer.o)
                              /usr/local/mcuxpressoide-10.3.1_2233/ide/plugins/com.nxp.mcuxpresso.tools.linux_10.3.0.201811011841/tools/bin/../lib/gcc/arm-none-eabi/7.3.1/../../../../arm-none-eabi/lib/thumb/v7-m/libc_nano.a(lib_a-malloc.o) (_free_r)
/usr/local/mcuxpressoide-10.3.1_2233/ide/plugins/com.nxp.mcuxpresso.tools.linux_10.3.0.201811011841/tools/bin/../lib/gcc/arm-none-eabi/7.3.1/../../../../arm-none-eabi/lib/thumb/v7-m/libc_nano.a(lib_a-nano-mallocr.o)
[...]
Memory Configuration

Name             Origin             Length             Attributes
MFlash512        0x0000000000000000 0x0000000000080000 xr
RamLoc32         0x0000000010000000 0x0000000000008000 xrw
RamAHB32         0x000000002007c000 0x0000000000008000 xrw
*default*        0x0000000000000000 0xffffffffffffffff

Linker script and memory map

LOAD ./freertos/src/FreeRTOSCommonHooks.o
LOAD ./freertos/src/heap_3.o
LOAD ./freertos/src/list.o
LOAD ./freertos/src/port.o
LOAD ./freertos/src/queue.o
LOAD ./freertos/src/tasks.o
LOAD ./example/src/cr_startup_lpc175x_6x.o
LOAD ./example/src/freertos_blinky.o
LOAD ./example/src/sysinit.o
LOAD /home/jibin/Desktop/jibin/myWorks/mcuXpresso/lpc_board_nxp_lpcxpresso_1769/Debug/liblpc_board_nxp_lpcxpresso_1769.a
LOAD /home/jibin/Desktop/jibin/myWorks/mcuXpresso/lpc_chip_175x_6x/Debug/liblpc_chip_175x_6x.a
START GROUP
LOAD /usr/local/mcuxpressoide-10.3.1_2233/ide/plugins/com.nxp.mcuxpresso.tools.linux_10.3.0.201811011841/tools/bin/../lib/gcc/arm-none-eabi/7.3.1/thumb/v7-m/libgcc.a
LOAD /usr/local/mcuxpressoide-10.3.1_2233/ide/plugins/com.nxp.mcuxpresso.tools.linux_10.3.0.201811011841/tools/bin/../lib/gcc/arm-none-eabi/7.3.1/../../../../arm-none-eabi/lib/thumb/v7-m/libc_nano.a
LOAD /usr/local/mcuxpressoide-10.3.1_2233/ide/plugins/com.nxp.mcuxpresso.tools.linux_10.3.0.201811011841/tools/bin/../lib/gcc/arm-none-eabi/7.3.1/../../../../arm-none-eabi/lib/thumb/v7-m/libm.a
LOAD /usr/local/mcuxpressoide-10.3.1_2233/ide/plugins/com.nxp.mcuxpresso.tools.linux_10.3.0.201811011841/tools/bin/../lib/gcc/arm-none-eabi/7.3.1/../../../../arm-none-eabi/lib/thumb/v7-m/libcr_newlib_semihost.a
END GROUP
                0x0000000000000000                __base_MFlash512 = 0x0
                0x0000000000000000                __base_Flash = 0x0
                0x0000000000080000                __top_MFlash512 = 0x80000
                0x0000000000080000                __top_Flash = 0x80000
                0x0000000010000000                __base_RamLoc32 = 0x10000000
                0x0000000010000000                __base_RAM = 0x10000000
                0x0000000010008000                __top_RamLoc32 = 0x10008000
                0x0000000010008000                __top_RAM = 0x10008000
                0x000000002007c000                __base_RamAHB32 = 0x2007c000
                0x000000002007c000                __base_RAM2 = 0x2007c000
                0x0000000020084000                __top_RamAHB32 = 0x20084000
                0x0000000020084000                __top_RAM2 = 0x20084000

.text           0x0000000000000000     0x1d34
 FILL mask 0xff
                0x0000000000000000                __vectors_start__ = ABSOLUTE (.)
 *(.isr_vector)
 .isr_vector    0x0000000000000000       0xcc ./example/src/cr_startup_lpc175x_6x.o
                0x0000000000000000                g_pfnVectors
                0x00000000000000cc                . = ALIGN (0x4)
                0x00000000000000cc                __section_table_start = .
                0x00000000000000cc                __data_section_table = .
                0x00000000000000cc        0x4 LONG 0x1d34 LOADADDR (.data)
                0x00000000000000d0        0x4 LONG 0x10000000 ADDR (.data)
                0x00000000000000d4        0x4 LONG 0x6c SIZEOF (.data)
                0x00000000000000d8        0x4 LONG 0x1d34 LOADADDR (.data_RAM2)
                0x00000000000000dc        0x4 LONG 0x2007c000 ADDR (.data_RAM2)
                0x00000000000000e0        0x4 LONG 0x0 SIZEOF (.data_RAM2)
                0x00000000000000e4                __data_section_table_end = .
                0x00000000000000e4                __bss_section_table = .
                0x00000000000000e4        0x4 LONG 0x1000006c ADDR (.bss)
                0x00000000000000e8        0x4 LONG 0x158 SIZEOF (.bss)
                0x00000000000000ec        0x4 LONG 0x2007c000 ADDR (.bss_RAM2)
                0x00000000000000f0        0x4 LONG 0x0 SIZEOF (.bss_RAM2)
                0x00000000000000f4                __bss_section_table_end = .
                0x00000000000000f4                __section_table_end = .
 *(.after_vectors*)
 .after_vectors
                0x00000000000000f4      0x12c ./example/src/cr_startup_lpc175x_6x.o
                0x00000000000000f4                data_init
                0x0000000000000136                bss_init
                0x000000000000016c                ResetISR
                0x00000000000001e4                NMI_Handler
                0x00000000000001ea                HardFault_Handler
                0x00000000000001f0                MemManage_Handler
                0x00000000000001f6                BusFault_Handler
                0x00000000000001fc                UsageFault_Handler
                0x0000000000000208                DebugMon_Handler
                0x000000000000021a                TIMER2_IRQHandler
                0x000000000000021a                RIT_IRQHandler
                0x000000000000021a                I2C0_IRQHandler
                0x000000000000021a                USBActivity_IRQHandler
                0x000000000000021a                PWM1_IRQHandler
                0x000000000000021a                I2C1_IRQHandler
                0x000000000000021a                EINT2_IRQHandler
                0x000000000000021a                UART1_IRQHandler
                0x000000000000021a                EINT3_IRQHandler
                0x000000000000021a                CANActivity_IRQHandler
                0x000000000000021a                TIMER3_IRQHandler
                0x000000000000021a                UART0_IRQHandler
                0x000000000000021a                IntDefaultHandler
                0x000000000000021a                PLL0_IRQHandler
                0x000000000000021a                CAN_IRQHandler
                0x000000000000021a                PLL1_IRQHandler
                0x000000000000021a                SSP0_IRQHandler
                0x000000000000021a                I2S_IRQHandler
                0x000000000000021a                I2C2_IRQHandler
                0x000000000000021a                RTC_IRQHandler
                0x000000000000021a                TIMER0_IRQHandler
                0x000000000000021a                SPI_IRQHandler
                0x000000000000021a                EINT1_IRQHandler
                0x000000000000021a                TIMER1_IRQHandler
                0x000000000000021a                UART2_IRQHandler
                0x000000000000021a                ADC_IRQHandler
                0x000000000000021a                SSP1_IRQHandler
                0x000000000000021a                USB_IRQHandler
                0x000000000000021a                BOD_IRQHandler
                0x000000000000021a                WDT_IRQHandler
                0x000000000000021a                QEI_IRQHandler
                0x000000000000021a                EINT0_IRQHandler
                0x000000000000021a                ETH_IRQHandler
                0x000000000000021a                DMA_IRQHandler
                0x000000000000021a                UART3_IRQHandler
                0x000000000000021a                MCPWM_IRQHandler
 *(.text*)
 .text.vApplicationIdleHook
                0x0000000000000220        0xe ./freertos/src/FreeRTOSCommonHooks.o
                0x0000000000000220                vApplicationIdleHook
 .text.pvPortMalloc
                0x000000000000022e       0x22 ./freertos/src/heap_3.o
                0x000000000000022e                pvPortMalloc
 .text.vPortFree
                0x0000000000000250       0x24 ./freertos/src/heap_3.o
                0x0000000000000250                vPortFree
 .text.vListInitialise
                0x0000000000000274       0x3e ./freertos/src/list.o
                0x0000000000000274                vListInitialise
 .text.vListInitialiseItem
                0x00000000000002b2       0x18 ./freertos/src/list.o
                0x00000000000002b2                vListInitialiseItem
 .text.vListInsertEnd
                0x00000000000002ca       0x46 ./freertos/src/list.o
                0x00000000000002ca                vListInsertEnd
 .text.vListInsert
                0x0000000000000310       0x70 ./freertos/src/list.o
                0x0000000000000310                vListInsert
 .text.uxListRemove
                0x0000000000000380       0x52 ./freertos/src/list.o
                0x0000000000000380                uxListRemove
 *fill*         0x00000000000003d2        0x2 ff
 .text.pxPortInitialiseStack
                0x00000000000003d4       0x54 ./freertos/src/port.o
                0x00000000000003d4                pxPortInitialiseStack
 .text.prvTaskExitError
                0x0000000000000428        0xa ./freertos/src/port.o
 *fill*         0x0000000000000432        0x2 ff
 .text.SVC_Handler
                0x0000000000000434       0x24 ./freertos/src/port.o
                0x0000000000000434                SVC_Handler
 .text.prvPortStartFirstTask
                0x0000000000000458       0x18 ./freertos/src/port.o
 .text.xPortStartScheduler
                0x0000000000000470       0x38 ./freertos/src/port.o
                0x0000000000000470                xPortStartScheduler
 .text.vPortYield
                0x00000000000004a8       0x20 ./freertos/src/port.o
                0x00000000000004a8                vPortYield
 .text.vPortEnterCritical
                0x00000000000004c8       0x24 ./freertos/src/port.o
                0x00000000000004c8                vPortEnterCritical
 .text.vPortExitCritical
                0x00000000000004ec       0x24 ./freertos/src/port.o
                0x00000000000004ec                vPortExitCritical
 .text.ulPortSetInterruptMask
                0x0000000000000510       0x12 ./freertos/src/port.o
                0x0000000000000510                ulPortSetInterruptMask
 .text.vPortClearInterruptMask
                0x0000000000000522        0x8 ./freertos/src/port.o
                0x0000000000000522                vPortClearInterruptMask
 *fill*         0x000000000000052a        0x2 ff
 .text.PendSV_Handler
                0x000000000000052c       0x40 ./freertos/src/port.o
                0x000000000000052c                PendSV_Handler
 .text.SysTick_Handler
                0x000000000000056c       0x28 ./freertos/src/port.o
                0x000000000000056c                SysTick_Handler
 .text.vPortSuppressTicksAndSleep
                0x0000000000000594      0x15c ./freertos/src/port.o
                0x0000000000000594                vPortSuppressTicksAndSleep
 .text.vPortSetupTimerInterrupt
                0x00000000000006f0       0x68 ./freertos/src/port.o
                0x00000000000006f0                vPortSetupTimerInterrupt
 .text.xTaskGenericCreate
                0x0000000000000758      0x140 ./freertos/src/tasks.o
                0x0000000000000758                xTaskGenericCreate
 .text.vTaskDelay
                0x0000000000000898       0x54 ./freertos/src/tasks.o
                0x0000000000000898                vTaskDelay
 .text.vTaskStartScheduler
                0x00000000000008ec       0x58 ./freertos/src/tasks.o
                0x00000000000008ec                vTaskStartScheduler
 .text.vTaskSuspendAll
                0x0000000000000944       0x1c ./freertos/src/tasks.o
                0x0000000000000944                vTaskSuspendAll
 .text.prvGetExpectedIdleTime
                0x0000000000000960       0x4c ./freertos/src/tasks.o
 .text.xTaskResumeAll
                0x00000000000009ac       0xfc ./freertos/src/tasks.o
                0x00000000000009ac                xTaskResumeAll
 .text.vTaskStepTick
                0x0000000000000aa8       0x24 ./freertos/src/tasks.o
                0x0000000000000aa8                vTaskStepTick
 .text.xTaskIncrementTick
                0x0000000000000acc      0x18c ./freertos/src/tasks.o
                0x0000000000000acc                xTaskIncrementTick
 .text.vTaskSwitchContext
                0x0000000000000c58       0x98 ./freertos/src/tasks.o
                0x0000000000000c58                vTaskSwitchContext
 .text.prvIdleTask
                0x0000000000000cf0       0x48 ./freertos/src/tasks.o
 .text.eTaskConfirmSleepModeStatus
                0x0000000000000d38       0x5c ./freertos/src/tasks.o
                0x0000000000000d38                eTaskConfirmSleepModeStatus
 .text.prvInitialiseTCBVariables
                0x0000000000000d94       0x98 ./freertos/src/tasks.o
 .text.prvInitialiseTaskLists
                0x0000000000000e2c       0x80 ./freertos/src/tasks.o
 .text.prvCheckTasksWaitingTermination
                0x0000000000000eac       0x78 ./freertos/src/tasks.o
 .text.prvAddCurrentTaskToDelayedList
                0x0000000000000f24       0x6c ./freertos/src/tasks.o
 .text.prvAllocateTCBAndStack
                0x0000000000000f90       0x62 ./freertos/src/tasks.o
 .text.prvDeleteTCB
                0x0000000000000ff2       0x20 ./freertos/src/tasks.o
 .text.prvSetupHardware
                0x0000000000001012       0x28 ./example/src/freertos_blinky.o
 .text.redLEDTask
                0x000000000000103a       0x4a ./example/src/freertos_blinky.o
 .text.greenLEDTask
                0x0000000000001084       0x4a ./example/src/freertos_blinky.o
 .text.blueLEDTask
                0x00000000000010ce       0x4a ./example/src/freertos_blinky.o
 .text.main     0x0000000000001118       0x84 ./example/src/freertos_blinky.o
                0x0000000000001118                main
 .text.SystemInit
                0x000000000000119c       0x24 ./example/src/sysinit.o
                0x000000000000119c                SystemInit
 .text.Chip_IOCON_Init
                0x00000000000011c0       0x16 /home/jibin/Desktop/jibin/myWorks/mcuXpresso/lpc_board_nxp_lpcxpresso_1769/Debug/liblpc_board_nxp_lpcxpresso_1769.a(board.o)
 .text.Chip_GPIO_Init
                0x00000000000011d6       0x16 /home/jibin/Desktop/jibin/myWorks/mcuXpresso/lpc_board_nxp_lpcxpresso_1769/Debug/liblpc_board_nxp_lpcxpresso_1769.a(board.o)
 .text.Chip_GPIO_SetPinState
                0x00000000000011ec       0x64 /home/jibin/Desktop/jibin/myWorks/mcuXpresso/lpc_board_nxp_lpcxpresso_1769/Debug/liblpc_board_nxp_lpcxpresso_1769.a(board.o)
 .text.Chip_GPIO_WritePortBit
                0x0000000000001250       0x2c /home/jibin/Desktop/jibin/myWorks/mcuXpresso/lpc_board_nxp_lpcxpresso_1769/Debug/liblpc_board_nxp_lpcxpresso_1769.a(board.o)
 .text.Chip_GPIO_SetPinDIROutput
                0x000000000000127c       0x36 /home/jibin/Desktop/jibin/myWorks/mcuXpresso/lpc_board_nxp_lpcxpresso_1769/Debug/liblpc_board_nxp_lpcxpresso_1769.a(board.o)
 .text.Chip_GPIO_SetPinDIRInput
                0x00000000000012b2       0x3a /home/jibin/Desktop/jibin/myWorks/mcuXpresso/lpc_board_nxp_lpcxpresso_1769/Debug/liblpc_board_nxp_lpcxpresso_1769.a(board.o)
 .text.Chip_GPIO_SetPinDIR
                0x00000000000012ec       0x42 /home/jibin/Desktop/jibin/myWorks/mcuXpresso/lpc_board_nxp_lpcxpresso_1769/Debug/liblpc_board_nxp_lpcxpresso_1769.a(board.o)
 .text.Chip_GPIO_WriteDirBit
                0x000000000000132e       0x2e /home/jibin/Desktop/jibin/myWorks/mcuXpresso/lpc_board_nxp_lpcxpresso_1769/Debug/liblpc_board_nxp_lpcxpresso_1769.a(board.o)
 .text.Board_LED_Init
                0x000000000000135c       0x30 /home/jibin/Desktop/jibin/myWorks/mcuXpresso/lpc_board_nxp_lpcxpresso_1769/Debug/liblpc_board_nxp_lpcxpresso_1769.a(board.o)
 .text.Board_LED_Set
                0x000000000000138c       0x54 /home/jibin/Desktop/jibin/myWorks/mcuXpresso/lpc_board_nxp_lpcxpresso_1769/Debug/liblpc_board_nxp_lpcxpresso_1769.a(board.o)
                0x000000000000138c                Board_LED_Set
 .text.Board_Init
                0x00000000000013e0       0x20 /home/jibin/Desktop/jibin/myWorks/mcuXpresso/lpc_board_nxp_lpcxpresso_1769/Debug/liblpc_board_nxp_lpcxpresso_1769.a(board.o)
                0x00000000000013e0                Board_Init
 .text.Chip_SYSCTL_SetFLASHAccess
                0x0000000000001400       0x30 /home/jibin/Desktop/jibin/myWorks/mcuXpresso/lpc_board_nxp_lpcxpresso_1769/Debug/liblpc_board_nxp_lpcxpresso_1769.a(board_sysinit.o)
 .text.Board_SetupMuxing
                0x0000000000001430       0x1c /home/jibin/Desktop/jibin/myWorks/mcuXpresso/lpc_board_nxp_lpcxpresso_1769/Debug/liblpc_board_nxp_lpcxpresso_1769.a(board_sysinit.o)
                0x0000000000001430                Board_SetupMuxing
 .text.Board_SetupClocking
                0x000000000000144c       0x12 /home/jibin/Desktop/jibin/myWorks/mcuXpresso/lpc_board_nxp_lpcxpresso_1769/Debug/liblpc_board_nxp_lpcxpresso_1769.a(board_sysinit.o)
                0x000000000000144c                Board_SetupClocking
 .text.Board_SystemInit
                0x000000000000145e       0x10 /home/jibin/Desktop/jibin/myWorks/mcuXpresso/lpc_board_nxp_lpcxpresso_1769/Debug/liblpc_board_nxp_lpcxpresso_1769.a(board_sysinit.o)
                0x000000000000145e                Board_SystemInit
 *fill*         0x000000000000146e        0x2 ff
 .text.SystemCoreClockUpdate
                0x0000000000001470       0x18 /home/jibin/Desktop/jibin/myWorks/mcuXpresso/lpc_chip_175x_6x/Debug/liblpc_chip_175x_6x.a(chip_17xx_40xx.o)
                0x0000000000001470                SystemCoreClockUpdate
 .text.Chip_Clock_IsMainPLLEnabled
                0x0000000000001488       0x24 /home/jibin/Desktop/jibin/myWorks/mcuXpresso/lpc_chip_175x_6x/Debug/liblpc_chip_175x_6x.a(clock_17xx_40xx.o)
 .text.Chip_Clock_IsMainPLLConnected
                0x00000000000014ac       0x24 /home/jibin/Desktop/jibin/myWorks/mcuXpresso/lpc_chip_175x_6x/Debug/liblpc_chip_175x_6x.a(clock_17xx_40xx.o)
 .text.Chip_Clock_FeedPLL
                0x00000000000014d0       0x34 /home/jibin/Desktop/jibin/myWorks/mcuXpresso/lpc_chip_175x_6x/Debug/liblpc_chip_175x_6x.a(clock_17xx_40xx.o)
 .text.Chip_Clock_GetMainPLLSource
                0x0000000000001504       0x20 /home/jibin/Desktop/jibin/myWorks/mcuXpresso/lpc_chip_175x_6x/Debug/liblpc_chip_175x_6x.a(clock_17xx_40xx.o)
 .text.Chip_Clock_GetMainOscRate
                0x0000000000001524       0x14 /home/jibin/Desktop/jibin/myWorks/mcuXpresso/lpc_chip_175x_6x/Debug/liblpc_chip_175x_6x.a(clock_17xx_40xx.o)
 .text.Chip_Clock_GetIntOscRate
                0x0000000000001538       0x14 /home/jibin/Desktop/jibin/myWorks/mcuXpresso/lpc_chip_175x_6x/Debug/liblpc_chip_175x_6x.a(clock_17xx_40xx.o)
 .text.Chip_Clock_GetRTCOscRate
                0x000000000000154c       0x14 /home/jibin/Desktop/jibin/myWorks/mcuXpresso/lpc_chip_175x_6x/Debug/liblpc_chip_175x_6x.a(clock_17xx_40xx.o)
 .text.Chip_Clock_GetMainPLLInClockRate
                0x0000000000001560        0xe /home/jibin/Desktop/jibin/myWorks/mcuXpresso/lpc_chip_175x_6x/Debug/liblpc_chip_175x_6x.a(clock_17xx_40xx.o)
 *fill*         0x000000000000156e        0x2 ff
 .text.Chip_Clock_EnablePLL
                0x0000000000001570       0x44 /home/jibin/Desktop/jibin/myWorks/mcuXpresso/lpc_chip_175x_6x/Debug/liblpc_chip_175x_6x.a(clock_17xx_40xx.o)
                0x0000000000001570                Chip_Clock_EnablePLL
 .text.Chip_Clock_DisablePLL
                0x00000000000015b4       0x48 /home/jibin/Desktop/jibin/myWorks/mcuXpresso/lpc_chip_175x_6x/Debug/liblpc_chip_175x_6x.a(clock_17xx_40xx.o)
                0x00000000000015b4                Chip_Clock_DisablePLL
 .text.Chip_Clock_SetupPLL
                0x00000000000015fc       0x5c /home/jibin/Desktop/jibin/myWorks/mcuXpresso/lpc_chip_175x_6x/Debug/liblpc_chip_175x_6x.a(clock_17xx_40xx.o)
                0x00000000000015fc                Chip_Clock_SetupPLL
 .text.Chip_Clock_EnablePeriphClock
                0x0000000000001658       0x34 /home/jibin/Desktop/jibin/myWorks/mcuXpresso/lpc_chip_175x_6x/Debug/liblpc_chip_175x_6x.a(clock_17xx_40xx.o)
                0x0000000000001658                Chip_Clock_EnablePeriphClock
 .text.Chip_Clock_GetCPUClockSource
                0x000000000000168c       0x24 /home/jibin/Desktop/jibin/myWorks/mcuXpresso/lpc_chip_175x_6x/Debug/liblpc_chip_175x_6x.a(clock_17xx_40xx.o)
                0x000000000000168c                Chip_Clock_GetCPUClockSource
 .text.Chip_Clock_SetCPUClockDiv
                0x00000000000016b0       0x20 /home/jibin/Desktop/jibin/myWorks/mcuXpresso/lpc_chip_175x_6x/Debug/liblpc_chip_175x_6x.a(clock_17xx_40xx.o)
                0x00000000000016b0                Chip_Clock_SetCPUClockDiv
 .text.Chip_Clock_GetCPUClockDiv
                0x00000000000016d0       0x1c /home/jibin/Desktop/jibin/myWorks/mcuXpresso/lpc_chip_175x_6x/Debug/liblpc_chip_175x_6x.a(clock_17xx_40xx.o)
                0x00000000000016d0                Chip_Clock_GetCPUClockDiv
 .text.Chip_Clock_GetSYSCLKRate
                0x00000000000016ec       0x34 /home/jibin/Desktop/jibin/myWorks/mcuXpresso/lpc_chip_175x_6x/Debug/liblpc_chip_175x_6x.a(clock_17xx_40xx.o)
                0x00000000000016ec                Chip_Clock_GetSYSCLKRate
 .text.Chip_Clock_GetMainPLLOutClockRate
                0x0000000000001720       0x54 /home/jibin/Desktop/jibin/myWorks/mcuXpresso/lpc_chip_175x_6x/Debug/liblpc_chip_175x_6x.a(clock_17xx_40xx.o)
                0x0000000000001720                Chip_Clock_GetMainPLLOutClockRate
 .text.Chip_Clock_GetMainClockRate
                0x0000000000001774       0x28 /home/jibin/Desktop/jibin/myWorks/mcuXpresso/lpc_chip_175x_6x/Debug/liblpc_chip_175x_6x.a(clock_17xx_40xx.o)
                0x0000000000001774                Chip_Clock_GetMainClockRate
 .text.Chip_Clock_GetSystemClockRate
                0x000000000000179c       0x18 /home/jibin/Desktop/jibin/myWorks/mcuXpresso/lpc_chip_175x_6x/Debug/liblpc_chip_175x_6x.a(clock_17xx_40xx.o)
                0x000000000000179c                Chip_Clock_GetSystemClockRate
 .text.Chip_IOCON_PinMuxSet
                0x00000000000017b4       0x36 /home/jibin/Desktop/jibin/myWorks/mcuXpresso/lpc_chip_175x_6x/Debug/liblpc_chip_175x_6x.a(iocon_17xx_40xx.o)
                0x00000000000017b4                Chip_IOCON_PinMuxSet
 .text.Chip_IOCON_PinMux
                0x00000000000017ea       0x94 /home/jibin/Desktop/jibin/myWorks/mcuXpresso/lpc_chip_175x_6x/Debug/liblpc_chip_175x_6x.a(iocon_17xx_40xx.o)
                0x00000000000017ea                Chip_IOCON_PinMux
 .text.Chip_IOCON_SetPinMuxing
                0x000000000000187e       0x62 /home/jibin/Desktop/jibin/myWorks/mcuXpresso/lpc_chip_175x_6x/Debug/liblpc_chip_175x_6x.a(iocon_17xx_40xx.o)
                0x000000000000187e                Chip_IOCON_SetPinMuxing
 .text.Chip_Clock_IsMainPLLEnabled
                0x00000000000018e0       0x24 /home/jibin/Desktop/jibin/myWorks/mcuXpresso/lpc_chip_175x_6x/Debug/liblpc_chip_175x_6x.a(sysinit_17xx_40xx.o)
 .text.Chip_Clock_IsMainPLLLocked
                0x0000000000001904       0x24 /home/jibin/Desktop/jibin/myWorks/mcuXpresso/lpc_chip_175x_6x/Debug/liblpc_chip_175x_6x.a(sysinit_17xx_40xx.o)
 .text.Chip_Clock_IsMainPLLConnected
                0x0000000000001928       0x24 /home/jibin/Desktop/jibin/myWorks/mcuXpresso/lpc_chip_175x_6x/Debug/liblpc_chip_175x_6x.a(sysinit_17xx_40xx.o)
 .text.Chip_Clock_EnableCrystal
                0x000000000000194c       0x20 /home/jibin/Desktop/jibin/myWorks/mcuXpresso/lpc_chip_175x_6x/Debug/liblpc_chip_175x_6x.a(sysinit_17xx_40xx.o)
 .text.Chip_Clock_IsCrystalEnabled
                0x000000000000196c       0x24 /home/jibin/Desktop/jibin/myWorks/mcuXpresso/lpc_chip_175x_6x/Debug/liblpc_chip_175x_6x.a(sysinit_17xx_40xx.o)
 .text.Chip_Clock_SetMainPLLSource
                0x0000000000001990       0x20 /home/jibin/Desktop/jibin/myWorks/mcuXpresso/lpc_chip_175x_6x/Debug/liblpc_chip_175x_6x.a(sysinit_17xx_40xx.o)
 .text.Chip_SetupXtalClocking
                0x00000000000019b0       0x90 /home/jibin/Desktop/jibin/myWorks/mcuXpresso/lpc_chip_175x_6x/Debug/liblpc_chip_175x_6x.a(sysinit_17xx_40xx.o)
                0x00000000000019b0                Chip_SetupXtalClocking
 .text.malloc   0x0000000000001a40       0x10 /usr/local/mcuxpressoide-10.3.1_2233/ide/plugins/com.nxp.mcuxpresso.tools.linux_10.3.0.201811011841/tools/bin/../lib/gcc/arm-none-eabi/7.3.1/../../../../arm-none-eabi/lib/thumb/v7-m/libc_nano.a(lib_a-malloc.o)
                0x0000000000001a40                malloc
 .text.free     0x0000000000001a50       0x10 /usr/local/mcuxpressoide-10.3.1_2233/ide/plugins/com.nxp.mcuxpresso.tools.linux_10.3.0.201811011841/tools/bin/../lib/gcc/arm-none-eabi/7.3.1/../../../../arm-none-eabi/lib/thumb/v7-m/libc_nano.a(lib_a-malloc.o)
                0x0000000000001a50                free
 .text.memset   0x0000000000001a60       0x10 /usr/local/mcuxpressoide-10.3.1_2233/ide/plugins/com.nxp.mcuxpresso.tools.linux_10.3.0.201811011841/tools/bin/../lib/gcc/arm-none-eabi/7.3.1/../../../../arm-none-eabi/lib/thumb/v7-m/libc_nano.a(lib_a-memset.o)
                0x0000000000001a60                memset
 .text._free_r  0x0000000000001a70       0x98 /usr/local/mcuxpressoide-10.3.1_2233/ide/plugins/com.nxp.mcuxpresso.tools.linux_10.3.0.201811011841/tools/bin/../lib/gcc/arm-none-eabi/7.3.1/../../../../arm-none-eabi/lib/thumb/v7-m/libc_nano.a(lib_a-nano-freer.o)
                0x0000000000001a70                _free_r
 .text._malloc_r
                0x0000000000001b08       0xb4 /usr/local/mcuxpressoide-10.3.1_2233/ide/plugins/com.nxp.mcuxpresso.tools.linux_10.3.0.201811011841/tools/bin/../lib/gcc/arm-none-eabi/7.3.1/../../../../arm-none-eabi/lib/thumb/v7-m/libc_nano.a(lib_a-nano-mallocr.o)
                0x0000000000001b08                _malloc_r
 .text._sbrk_r  0x0000000000001bbc       0x20 /usr/local/mcuxpressoide-10.3.1_2233/ide/plugins/com.nxp.mcuxpresso.tools.linux_10.3.0.201811011841/tools/bin/../lib/gcc/arm-none-eabi/7.3.1/../../../../arm-none-eabi/lib/thumb/v7-m/libc_nano.a(lib_a-sbrkr.o)
                0x0000000000001bbc                _sbrk_r
 .text.__malloc_lock
                0x0000000000001bdc        0x2 /usr/local/mcuxpressoide-10.3.1_2233/ide/plugins/com.nxp.mcuxpresso.tools.linux_10.3.0.201811011841/tools/bin/../lib/gcc/arm-none-eabi/7.3.1/../../../../arm-none-eabi/lib/thumb/v7-m/libc_nano.a(lib_a-mlock.o)
                0x0000000000001bdc                __malloc_lock
 .text.__malloc_unlock
                0x0000000000001bde        0x2 /usr/local/mcuxpressoide-10.3.1_2233/ide/plugins/com.nxp.mcuxpresso.tools.linux_10.3.0.201811011841/tools/bin/../lib/gcc/arm-none-eabi/7.3.1/../../../../arm-none-eabi/lib/thumb/v7-m/libc_nano.a(lib_a-mlock.o)
                0x0000000000001bde                __malloc_unlock
 .text._sbrk    0x0000000000001be0       0x3c /usr/local/mcuxpressoide-10.3.1_2233/ide/plugins/com.nxp.mcuxpresso.tools.linux_10.3.0.201811011841/tools/bin/../lib/gcc/arm-none-eabi/7.3.1/../../../../arm-none-eabi/lib/thumb/v7-m/libcr_newlib_semihost.a(_cr_sbrk.o)
                0x0000000000001be0                _sbrk
 .text.__check_heap_overflow
                0x0000000000001c1c       0x18 /usr/local/mcuxpressoide-10.3.1_2233/ide/plugins/com.nxp.mcuxpresso.tools.linux_10.3.0.201811011841/tools/bin/../lib/gcc/arm-none-eabi/7.3.1/../../../../arm-none-eabi/lib/thumb/v7-m/libcr_newlib_semihost.a(_cr_check_heap.o)
                0x0000000000001c1c                __check_heap_overflow
 .text.__errno  0x0000000000001c34        0xc /usr/local/mcuxpressoide-10.3.1_2233/ide/plugins/com.nxp.mcuxpresso.tools.linux_10.3.0.201811011841/tools/bin/../lib/gcc/arm-none-eabi/7.3.1/../../../../arm-none-eabi/lib/thumb/v7-m/libc_nano.a(lib_a-errno.o)
                0x0000000000001c34                __errno
 *(.rodata .rodata.* .constdata .constdata.*)
 .rodata        0x0000000000001c40        0x5 ./freertos/src/tasks.o
 *fill*         0x0000000000001c45        0x3 ff
 .rodata        0x0000000000001c48       0x28 ./example/src/freertos_blinky.o
 .rodata.OscRateIn
                0x0000000000001c70        0x4 /home/jibin/Desktop/jibin/myWorks/mcuXpresso/lpc_board_nxp_lpcxpresso_1769/Debug/liblpc_board_nxp_lpcxpresso_1769.a(board.o)
                0x0000000000001c70                OscRateIn
 .rodata.RTCOscRateIn
                0x0000000000001c74        0x4 /home/jibin/Desktop/jibin/myWorks/mcuXpresso/lpc_board_nxp_lpcxpresso_1769/Debug/liblpc_board_nxp_lpcxpresso_1769.a(board.o)
                0x0000000000001c74                RTCOscRateIn
 .rodata.pinmuxing
                0x0000000000001c78       0x5c /home/jibin/Desktop/jibin/myWorks/mcuXpresso/lpc_board_nxp_lpcxpresso_1769/Debug/liblpc_board_nxp_lpcxpresso_1769.a(board_sysinit.o)
 .rodata.__sf_fake_stderr
                0x0000000000001cd4       0x20 /usr/local/mcuxpressoide-10.3.1_2233/ide/plugins/com.nxp.mcuxpresso.tools.linux_10.3.0.201811011841/tools/bin/../lib/gcc/arm-none-eabi/7.3.1/../../../../arm-none-eabi/lib/thumb/v7-m/libc_nano.a(lib_a-findfp.o)
                0x0000000000001cd4                __sf_fake_stderr
 .rodata.__sf_fake_stdin
                0x0000000000001cf4       0x20 /usr/local/mcuxpressoide-10.3.1_2233/ide/plugins/com.nxp.mcuxpresso.tools.linux_10.3.0.201811011841/tools/bin/../lib/gcc/arm-none-eabi/7.3.1/../../../../arm-none-eabi/lib/thumb/v7-m/libc_nano.a(lib_a-findfp.o)
                0x0000000000001cf4                __sf_fake_stdin
 .rodata.__sf_fake_stdout
                0x0000000000001d14       0x20 /usr/local/mcuxpressoide-10.3.1_2233/ide/plugins/com.nxp.mcuxpresso.tools.linux_10.3.0.201811011841/tools/bin/../lib/gcc/arm-none-eabi/7.3.1/../../../../arm-none-eabi/lib/thumb/v7-m/libc_nano.a(lib_a-findfp.o)
                0x0000000000001d14                __sf_fake_stdout
                0x0000000000001d34                . = ALIGN (0x4)

.glue_7         0x0000000000001d34        0x0
 .glue_7        0x0000000000001d34        0x0 linker stubs

.glue_7t        0x0000000000001d34        0x0
 .glue_7t       0x0000000000001d34        0x0 linker stubs

.vfp11_veneer   0x0000000000001d34        0x0
 .vfp11_veneer  0x0000000000001d34        0x0 linker stubs

.v4_bx          0x0000000000001d34        0x0
 .v4_bx         0x0000000000001d34        0x0 linker stubs

.iplt           0x0000000000001d34        0x0
 .iplt          0x0000000000001d34        0x0 ./freertos/src/FreeRTOSCommonHooks.o

.rel.dyn        0x0000000000001d34        0x0
 .rel.iplt      0x0000000000001d34        0x0 ./freertos/src/FreeRTOSCommonHooks.o

.ARM.extab
 *(.ARM.extab* .gnu.linkonce.armextab.*)
                0x0000000000001d34                __exidx_start = .

.ARM.exidx
 *(.ARM.exidx* .gnu.linkonce.armexidx.*)
                0x0000000000001d34                __exidx_end = .
                0x0000000000001d34                _etext = .

.data_RAM2      0x000000002007c000        0x0 load address 0x0000000000001d34
 FILL mask 0xff
                [!provide]                        PROVIDE (__start_data_RAM2 = .)
 *(.ramfunc.$RAM2)
 *(.ramfunc.$RamAHB32)
 *(.data.$RAM2*)
 *(.data.$RamAHB32*)
                0x000000002007c000                . = ALIGN (0x4)
                [!provide]                        PROVIDE (__end_data_RAM2 = .)

.uninit_RESERVED
                0x0000000010000000        0x0
 *(.bss.$RESERVED*)
                0x0000000010000000                . = ALIGN (0x4)
                0x0000000010000000                _end_uninit_RESERVED = .

.data           0x0000000010000000       0x6c load address 0x0000000000001d34
 FILL mask 0xff
                0x0000000010000000                _data = .
 *(vtable)
 *(.ramfunc*)
 *(.data*)
 .data.uxCriticalNesting
                0x0000000010000000        0x4 ./freertos/src/port.o
 .data.xNextTaskUnblockTime
                0x0000000010000004        0x4 ./freertos/src/tasks.o
 .data._impure_ptr
                0x0000000010000008        0x4 /usr/local/mcuxpressoide-10.3.1_2233/ide/plugins/com.nxp.mcuxpresso.tools.linux_10.3.0.201811011841/tools/bin/../lib/gcc/arm-none-eabi/7.3.1/../../../../arm-none-eabi/lib/thumb/v7-m/libc_nano.a(lib_a-impure.o)
                0x0000000010000008                _impure_ptr
 .data.impure_data
                0x000000001000000c       0x60 /usr/local/mcuxpressoide-10.3.1_2233/ide/plugins/com.nxp.mcuxpresso.tools.linux_10.3.0.201811011841/tools/bin/../lib/gcc/arm-none-eabi/7.3.1/../../../../arm-none-eabi/lib/thumb/v7-m/libc_nano.a(lib_a-impure.o)
                0x000000001000006c                . = ALIGN (0x4)
                0x000000001000006c                _edata = .

.igot.plt       0x000000001000006c        0x0 load address 0x0000000000001da0
 .igot.plt      0x000000001000006c        0x0 ./freertos/src/FreeRTOSCommonHooks.o

.bss_RAM2       0x000000002007c000        0x0
                [!provide]                        PROVIDE (__start_bss_RAM2 = .)
 *(.bss.$RAM2*)
 *(.bss.$RamAHB32*)
                0x000000002007c000                . = ALIGN ((. != 0x0)?0x4:0x1)
                [!provide]                        PROVIDE (__end_bss_RAM2 = .)

.bss            0x000000001000006c      0x158
                0x000000001000006c                _bss = .
 *(.bss*)
 .bss.ulTimerCountsForOneTick
                0x000000001000006c        0x4 ./freertos/src/port.o
 .bss.xMaximumPossibleSuppressedTicks
                0x0000000010000070        0x4 ./freertos/src/port.o
 .bss.ulStoppedTimerCompensation
                0x0000000010000074        0x4 ./freertos/src/port.o
 .bss.pxCurrentTCB
                0x0000000010000078        0x4 ./freertos/src/tasks.o
                0x0000000010000078                pxCurrentTCB
 .bss.pxReadyTasksLists
                0x000000001000007c       0xa0 ./freertos/src/tasks.o
 .bss.xDelayedTaskList1
                0x000000001000011c       0x14 ./freertos/src/tasks.o
 .bss.xDelayedTaskList2
                0x0000000010000130       0x14 ./freertos/src/tasks.o
 .bss.pxDelayedTaskList
                0x0000000010000144        0x4 ./freertos/src/tasks.o
 .bss.pxOverflowDelayedTaskList
                0x0000000010000148        0x4 ./freertos/src/tasks.o
 .bss.xPendingReadyList
                0x000000001000014c       0x14 ./freertos/src/tasks.o
 .bss.xTasksWaitingTermination
                0x0000000010000160       0x14 ./freertos/src/tasks.o
 .bss.uxTasksDeleted
                0x0000000010000174        0x4 ./freertos/src/tasks.o
 .bss.xSuspendedTaskList
                0x0000000010000178       0x14 ./freertos/src/tasks.o
 .bss.uxCurrentNumberOfTasks
                0x000000001000018c        0x4 ./freertos/src/tasks.o
 .bss.xTickCount
                0x0000000010000190        0x4 ./freertos/src/tasks.o
 .bss.uxTopReadyPriority
                0x0000000010000194        0x4 ./freertos/src/tasks.o
 .bss.xSchedulerRunning
                0x0000000010000198        0x4 ./freertos/src/tasks.o
 .bss.uxSchedulerSuspended
                0x000000001000019c        0x4 ./freertos/src/tasks.o
 .bss.uxPendedTicks
                0x00000000100001a0        0x4 ./freertos/src/tasks.o
 .bss.xYieldPending
                0x00000000100001a4        0x4 ./freertos/src/tasks.o
 .bss.xNumOfOverflows
                0x00000000100001a8        0x4 ./freertos/src/tasks.o
 .bss.uxTaskNumber
                0x00000000100001ac        0x4 ./freertos/src/tasks.o
 .bss.__malloc_free_list
                0x00000000100001b0        0x4 /usr/local/mcuxpressoide-10.3.1_2233/ide/plugins/com.nxp.mcuxpresso.tools.linux_10.3.0.201811011841/tools/bin/../lib/gcc/arm-none-eabi/7.3.1/../../../../arm-none-eabi/lib/thumb/v7-m/libc_nano.a(lib_a-nano-mallocr.o)
                0x00000000100001b0                __malloc_free_list
 .bss.__malloc_sbrk_start
                0x00000000100001b4        0x4 /usr/local/mcuxpressoide-10.3.1_2233/ide/plugins/com.nxp.mcuxpresso.tools.linux_10.3.0.201811011841/tools/bin/../lib/gcc/arm-none-eabi/7.3.1/../../../../arm-none-eabi/lib/thumb/v7-m/libc_nano.a(lib_a-nano-mallocr.o)
                0x00000000100001b4                __malloc_sbrk_start
 .bss.__end_of_heap
                0x00000000100001b8        0x4 /usr/local/mcuxpressoide-10.3.1_2233/ide/plugins/com.nxp.mcuxpresso.tools.linux_10.3.0.201811011841/tools/bin/../lib/gcc/arm-none-eabi/7.3.1/../../../../arm-none-eabi/lib/thumb/v7-m/libcr_newlib_semihost.a(_cr_sbrk.o)
                0x00000000100001b8                __end_of_heap
 *(COMMON)
 COMMON         0x00000000100001bc        0x4 /home/jibin/Desktop/jibin/myWorks/mcuXpresso/lpc_chip_175x_6x/Debug/liblpc_chip_175x_6x.a(chip_17xx_40xx.o)
                0x00000000100001bc                SystemCoreClock
 COMMON         0x00000000100001c0        0x4 /usr/local/mcuxpressoide-10.3.1_2233/ide/plugins/com.nxp.mcuxpresso.tools.linux_10.3.0.201811011841/tools/bin/../lib/gcc/arm-none-eabi/7.3.1/../../../../arm-none-eabi/lib/thumb/v7-m/libc_nano.a(lib_a-reent.o)
                0x00000000100001c0                errno
                0x00000000100001c4                . = ALIGN (0x4)
                0x00000000100001c4                _ebss = .
                [!provide]                        PROVIDE (end = .)

.noinit_RAM2    0x000000002007c000        0x0
 *(.noinit.$RAM2*)
 *(.noinit.$RamAHB32*)
                0x000000002007c000                . = ALIGN (0x4)

.noinit         0x00000000100001c4        0x0
                0x00000000100001c4                _noinit = .
 *(.noinit*)
                0x00000000100001c4                . = ALIGN (0x4)
                0x00000000100001c4                _end_noinit = .
                0x00000000100001c4                PROVIDE (_pvHeapStart = DEFINED (__user_heap_base)?__user_heap_base:.)
                0x0000000010008000                PROVIDE (_vStackTop = DEFINED (__user_stack_top)?__user_stack_top:(__top_RamLoc32 - 0x0))
                [!provide]                        PROVIDE (__valid_user_code_checksum = (0x0 - ((((((_vStackTop + (ResetISR + 0x1)) + (NMI_Handler + 0x1)) + (HardFault_Handler + 0x1)) + (DEFINED (MemManage_Handler)?MemManage_Handler:0x0 + 0x1)) + (DEFINED (BusFault_Handler)?BusFault_Handler:0x0 + 0x1)) + (DEFINED (UsageFault_Handler)?UsageFault_Handler:0x0 + 0x1))))
                0x0000000000000000                _image_start = LOADADDR (.text)
                0x0000000000001da0                _image_end = (LOADADDR (.data) + SIZEOF (.data))
                0x0000000000001da0                _image_size = (_image_end - _image_start)
OUTPUT(freertos_blinky.axf elf32-littlearm)

.debug_info     0x0000000000000000     0x8d9d
 .debug_info    0x0000000000000000      0x9d2 ./freertos/src/FreeRTOSCommonHooks.o
 .debug_info    0x00000000000009d2      0x96e ./freertos/src/heap_3.o
 .debug_info    0x0000000000001340      0xb09 ./freertos/src/list.o
 .debug_info    0x0000000000001e49      0xc01 ./freertos/src/port.o
 .debug_info    0x0000000000002a4a     0x1a39 ./freertos/src/tasks.o
 .debug_info    0x0000000000004483      0x251 ./example/src/cr_startup_lpc175x_6x.o
 .debug_info    0x00000000000046d4      0x9ab ./example/src/freertos_blinky.o
 .debug_info    0x000000000000507f      0x934 ./example/src/sysinit.o
 .debug_info    0x00000000000059b3     0x149b /home/jibin/Desktop/jibin/myWorks/mcuXpresso/lpc_board_nxp_lpcxpresso_1769/Debug/liblpc_board_nxp_lpcxpresso_1769.a(board.o)
 .debug_info    0x0000000000006e4e      0x6c3 /home/jibin/Desktop/jibin/myWorks/mcuXpresso/lpc_board_nxp_lpcxpresso_1769/Debug/liblpc_board_nxp_lpcxpresso_1769.a(board_sysinit.o)
 .debug_info    0x0000000000007511      0x558 /home/jibin/Desktop/jibin/myWorks/mcuXpresso/lpc_chip_175x_6x/Debug/liblpc_chip_175x_6x.a(chip_17xx_40xx.o)
 .debug_info    0x0000000000007a69      0xba2 /home/jibin/Desktop/jibin/myWorks/mcuXpresso/lpc_chip_175x_6x/Debug/liblpc_chip_175x_6x.a(clock_17xx_40xx.o)
 .debug_info    0x000000000000860b      0x31e /home/jibin/Desktop/jibin/myWorks/mcuXpresso/lpc_chip_175x_6x/Debug/liblpc_chip_175x_6x.a(iocon_17xx_40xx.o)
 .debug_info    0x0000000000008929      0x474 /home/jibin/Desktop/jibin/myWorks/mcuXpresso/lpc_chip_175x_6x/Debug/liblpc_chip_175x_6x.a(sysinit_17xx_40xx.o)

.debug_abbrev   0x0000000000000000     0x1d6f
 .debug_abbrev  0x0000000000000000      0x248 ./freertos/src/FreeRTOSCommonHooks.o
 .debug_abbrev  0x0000000000000248      0x1fa ./freertos/src/heap_3.o
 .debug_abbrev  0x0000000000000442      0x205 ./freertos/src/list.o
 .debug_abbrev  0x0000000000000647      0x2ee ./freertos/src/port.o
 .debug_abbrev  0x0000000000000935      0x327 ./freertos/src/tasks.o
 .debug_abbrev  0x0000000000000c5c      0x103 ./example/src/cr_startup_lpc175x_6x.o
 .debug_abbrev  0x0000000000000d5f      0x1f0 ./example/src/freertos_blinky.o
 .debug_abbrev  0x0000000000000f4f      0x1c0 ./example/src/sysinit.o
 .debug_abbrev  0x000000000000110f      0x3ae /home/jibin/Desktop/jibin/myWorks/mcuXpresso/lpc_board_nxp_lpcxpresso_1769/Debug/liblpc_board_nxp_lpcxpresso_1769.a(board.o)
 .debug_abbrev  0x00000000000014bd      0x180 /home/jibin/Desktop/jibin/myWorks/mcuXpresso/lpc_board_nxp_lpcxpresso_1769/Debug/liblpc_board_nxp_lpcxpresso_1769.a(board_sysinit.o)
 .debug_abbrev  0x000000000000163d      0x151 /home/jibin/Desktop/jibin/myWorks/mcuXpresso/lpc_chip_175x_6x/Debug/liblpc_chip_175x_6x.a(chip_17xx_40xx.o)
 .debug_abbrev  0x000000000000178e      0x309 /home/jibin/Desktop/jibin/myWorks/mcuXpresso/lpc_chip_175x_6x/Debug/liblpc_chip_175x_6x.a(clock_17xx_40xx.o)
 .debug_abbrev  0x0000000000001a97      0x14a /home/jibin/Desktop/jibin/myWorks/mcuXpresso/lpc_chip_175x_6x/Debug/liblpc_chip_175x_6x.a(iocon_17xx_40xx.o)
 .debug_abbrev  0x0000000000001be1      0x18e /home/jibin/Desktop/jibin/myWorks/mcuXpresso/lpc_chip_175x_6x/Debug/liblpc_chip_175x_6x.a(sysinit_17xx_40xx.o)

.debug_aranges  0x0000000000000000      0x6f8
 .debug_aranges
                0x0000000000000000       0x40 ./freertos/src/FreeRTOSCommonHooks.o
 .debug_aranges
                0x0000000000000040       0x28 ./freertos/src/heap_3.o
 .debug_aranges
                0x0000000000000068       0x40 ./freertos/src/list.o
 .debug_aranges
                0x00000000000000a8       0x90 ./freertos/src/port.o
 .debug_aranges
                0x0000000000000138      0x170 ./freertos/src/tasks.o
 .debug_aranges
                0x00000000000002a8       0x80 ./example/src/cr_startup_lpc175x_6x.o
 .debug_aranges
                0x0000000000000328       0x40 ./example/src/freertos_blinky.o
 .debug_aranges
                0x0000000000000368       0x20 ./example/src/sysinit.o
 .debug_aranges
                0x0000000000000388      0x150 /home/jibin/Desktop/jibin/myWorks/mcuXpresso/lpc_board_nxp_lpcxpresso_1769/Debug/liblpc_board_nxp_lpcxpresso_1769.a(board.o)
 .debug_aranges
                0x00000000000004d8       0x38 /home/jibin/Desktop/jibin/myWorks/mcuXpresso/lpc_board_nxp_lpcxpresso_1769/Debug/liblpc_board_nxp_lpcxpresso_1769.a(board_sysinit.o)
 .debug_aranges
                0x0000000000000510       0x38 /home/jibin/Desktop/jibin/myWorks/mcuXpresso/lpc_chip_175x_6x/Debug/liblpc_chip_175x_6x.a(chip_17xx_40xx.o)
 .debug_aranges
                0x0000000000000548      0x120 /home/jibin/Desktop/jibin/myWorks/mcuXpresso/lpc_chip_175x_6x/Debug/liblpc_chip_175x_6x.a(clock_17xx_40xx.o)
 .debug_aranges
                0x0000000000000668       0x30 /home/jibin/Desktop/jibin/myWorks/mcuXpresso/lpc_chip_175x_6x/Debug/liblpc_chip_175x_6x.a(iocon_17xx_40xx.o)
 .debug_aranges
                0x0000000000000698       0x60 /home/jibin/Desktop/jibin/myWorks/mcuXpresso/lpc_chip_175x_6x/Debug/liblpc_chip_175x_6x.a(sysinit_17xx_40xx.o)

.debug_ranges   0x0000000000000000      0x618
 .debug_ranges  0x0000000000000000       0x30 ./freertos/src/FreeRTOSCommonHooks.o
 .debug_ranges  0x0000000000000030       0x18 ./freertos/src/heap_3.o
 .debug_ranges  0x0000000000000048       0x30 ./freertos/src/list.o
 .debug_ranges  0x0000000000000078       0x80 ./freertos/src/port.o
 .debug_ranges  0x00000000000000f8      0x160 ./freertos/src/tasks.o
 .debug_ranges  0x0000000000000258       0x70 ./example/src/cr_startup_lpc175x_6x.o
 .debug_ranges  0x00000000000002c8       0x30 ./example/src/freertos_blinky.o
 .debug_ranges  0x00000000000002f8       0x10 ./example/src/sysinit.o
 .debug_ranges  0x0000000000000308      0x140 /home/jibin/Desktop/jibin/myWorks/mcuXpresso/lpc_board_nxp_lpcxpresso_1769/Debug/liblpc_board_nxp_lpcxpresso_1769.a(board.o)
 .debug_ranges  0x0000000000000448       0x28 /home/jibin/Desktop/jibin/myWorks/mcuXpresso/lpc_board_nxp_lpcxpresso_1769/Debug/liblpc_board_nxp_lpcxpresso_1769.a(board_sysinit.o)
 .debug_ranges  0x0000000000000470       0x28 /home/jibin/Desktop/jibin/myWorks/mcuXpresso/lpc_chip_175x_6x/Debug/liblpc_chip_175x_6x.a(chip_17xx_40xx.o)
 .debug_ranges  0x0000000000000498      0x110 /home/jibin/Desktop/jibin/myWorks/mcuXpresso/lpc_chip_175x_6x/Debug/liblpc_chip_175x_6x.a(clock_17xx_40xx.o)
 .debug_ranges  0x00000000000005a8       0x20 /home/jibin/Desktop/jibin/myWorks/mcuXpresso/lpc_chip_175x_6x/Debug/liblpc_chip_175x_6x.a(iocon_17xx_40xx.o)
 .debug_ranges  0x00000000000005c8       0x50 /home/jibin/Desktop/jibin/myWorks/mcuXpresso/lpc_chip_175x_6x/Debug/liblpc_chip_175x_6x.a(sysinit_17xx_40xx.o)

.debug_macro    0x0000000000000000     0x94a9
 .debug_macro   0x0000000000000000      0x3fc ./freertos/src/FreeRTOSCommonHooks.o
 .debug_macro   0x00000000000003fc      0xa6c ./freertos/src/FreeRTOSCommonHooks.o
 .debug_macro   0x0000000000000e68      0x174 ./freertos/src/FreeRTOSCommonHooks.o
 .debug_macro   0x0000000000000fdc       0x46 ./freertos/src/FreeRTOSCommonHooks.o
 .debug_macro   0x0000000000001022       0x22 ./freertos/src/FreeRTOSCommonHooks.o
 .debug_macro   0x0000000000001044       0x8e ./freertos/src/FreeRTOSCommonHooks.o
 .debug_macro   0x00000000000010d2       0x51 ./freertos/src/FreeRTOSCommonHooks.o
 .debug_macro   0x0000000000001123       0xef ./freertos/src/FreeRTOSCommonHooks.o
 .debug_macro   0x0000000000001212       0x6a ./freertos/src/FreeRTOSCommonHooks.o
 .debug_macro   0x000000000000127c      0x1df ./freertos/src/FreeRTOSCommonHooks.o
 .debug_macro   0x000000000000145b       0x22 ./freertos/src/FreeRTOSCommonHooks.o
 .debug_macro   0x000000000000147d       0x74 ./freertos/src/FreeRTOSCommonHooks.o
 .debug_macro   0x00000000000014f1       0x10 ./freertos/src/FreeRTOSCommonHooks.o
 .debug_macro   0x0000000000001501       0x2d ./freertos/src/FreeRTOSCommonHooks.o
 .debug_macro   0x000000000000152e       0x3a ./freertos/src/FreeRTOSCommonHooks.o
 .debug_macro   0x0000000000001568       0x2d ./freertos/src/FreeRTOSCommonHooks.o
 .debug_macro   0x0000000000001595      0xbb1 ./freertos/src/FreeRTOSCommonHooks.o
 .debug_macro   0x0000000000002146      0x22c ./freertos/src/FreeRTOSCommonHooks.o
 .debug_macro   0x0000000000002372       0x42 ./freertos/src/FreeRTOSCommonHooks.o
 .debug_macro   0x00000000000023b4       0x52 ./freertos/src/FreeRTOSCommonHooks.o
 .debug_macro   0x0000000000002406       0x78 ./freertos/src/FreeRTOSCommonHooks.o
 .debug_macro   0x000000000000247e       0x82 ./freertos/src/FreeRTOSCommonHooks.o
 .debug_macro   0x0000000000002500      0x48c ./freertos/src/FreeRTOSCommonHooks.o
 .debug_macro   0x000000000000298c       0x34 ./freertos/src/FreeRTOSCommonHooks.o
 .debug_macro   0x00000000000029c0      0x4c5 ./freertos/src/FreeRTOSCommonHooks.o
 .debug_macro   0x0000000000002e85      0x1b7 ./freertos/src/FreeRTOSCommonHooks.o
 .debug_macro   0x000000000000303c       0x10 ./freertos/src/FreeRTOSCommonHooks.o
 .debug_macro   0x000000000000304c      0x21b ./freertos/src/FreeRTOSCommonHooks.o
 .debug_macro   0x0000000000003267      0x1b9 ./freertos/src/FreeRTOSCommonHooks.o
 .debug_macro   0x0000000000003420       0x40 ./freertos/src/FreeRTOSCommonHooks.o
 .debug_macro   0x0000000000003460       0x22 ./freertos/src/FreeRTOSCommonHooks.o
 .debug_macro   0x0000000000003482      0x162 ./freertos/src/FreeRTOSCommonHooks.o
 .debug_macro   0x00000000000035e4       0x94 ./freertos/src/FreeRTOSCommonHooks.o
 .debug_macro   0x0000000000003678       0xb8 ./freertos/src/FreeRTOSCommonHooks.o
 .debug_macro   0x0000000000003730       0x4c ./freertos/src/FreeRTOSCommonHooks.o
 .debug_macro   0x000000000000377c       0x16 ./freertos/src/FreeRTOSCommonHooks.o
 .debug_macro   0x0000000000003792      0x328 ./freertos/src/FreeRTOSCommonHooks.o
 .debug_macro   0x0000000000003aba       0x49 ./freertos/src/FreeRTOSCommonHooks.o
 .debug_macro   0x0000000000003b03       0x16 ./freertos/src/FreeRTOSCommonHooks.o
 .debug_macro   0x0000000000003b19       0xca ./freertos/src/FreeRTOSCommonHooks.o
 .debug_macro   0x0000000000003be3       0x11 ./freertos/src/FreeRTOSCommonHooks.o
 .debug_macro   0x0000000000003bf4       0x70 ./freertos/src/FreeRTOSCommonHooks.o
 .debug_macro   0x0000000000003c64       0x5e ./freertos/src/FreeRTOSCommonHooks.o
 .debug_macro   0x0000000000003cc2       0x18 ./freertos/src/FreeRTOSCommonHooks.o
 .debug_macro   0x0000000000003cda       0x35 ./freertos/src/FreeRTOSCommonHooks.o
 .debug_macro   0x0000000000003d0f       0x34 ./freertos/src/FreeRTOSCommonHooks.o
 .debug_macro   0x0000000000003d43       0x16 ./freertos/src/FreeRTOSCommonHooks.o
 .debug_macro   0x0000000000003d59       0x35 ./freertos/src/FreeRTOSCommonHooks.o
 .debug_macro   0x0000000000003d8e      0x330 ./freertos/src/FreeRTOSCommonHooks.o
 .debug_macro   0x00000000000040be       0x10 ./freertos/src/FreeRTOSCommonHooks.o
 .debug_macro   0x00000000000040ce       0x58 ./freertos/src/FreeRTOSCommonHooks.o
 .debug_macro   0x0000000000004126       0x1f ./freertos/src/FreeRTOSCommonHooks.o
 .debug_macro   0x0000000000004145       0x43 ./freertos/src/FreeRTOSCommonHooks.o
 .debug_macro   0x0000000000004188       0x20 ./freertos/src/FreeRTOSCommonHooks.o
 .debug_macro   0x00000000000041a8      0x18e ./freertos/src/FreeRTOSCommonHooks.o
 .debug_macro   0x0000000000004336       0x10 ./freertos/src/FreeRTOSCommonHooks.o
 .debug_macro   0x0000000000004346       0x1c ./freertos/src/FreeRTOSCommonHooks.o
 .debug_macro   0x0000000000004362       0x52 ./freertos/src/FreeRTOSCommonHooks.o
 .debug_macro   0x00000000000043b4       0x40 ./freertos/src/FreeRTOSCommonHooks.o
 .debug_macro   0x00000000000043f4       0x10 ./freertos/src/FreeRTOSCommonHooks.o
 .debug_macro   0x0000000000004404       0x40 ./freertos/src/FreeRTOSCommonHooks.o
 .debug_macro   0x0000000000004444       0xd7 ./freertos/src/FreeRTOSCommonHooks.o
 .debug_macro   0x000000000000451b       0x1c ./freertos/src/FreeRTOSCommonHooks.o
 .debug_macro   0x0000000000004537       0x3d ./freertos/src/FreeRTOSCommonHooks.o
 .debug_macro   0x0000000000004574       0x16 ./freertos/src/FreeRTOSCommonHooks.o
 .debug_macro   0x000000000000458a      0x16f ./freertos/src/FreeRTOSCommonHooks.o
 .debug_macro   0x00000000000046f9       0x20 ./freertos/src/FreeRTOSCommonHooks.o
 .debug_macro   0x0000000000004719       0x28 ./freertos/src/FreeRTOSCommonHooks.o
 .debug_macro   0x0000000000004741       0xee ./freertos/src/FreeRTOSCommonHooks.o
 .debug_macro   0x000000000000482f       0xab ./freertos/src/FreeRTOSCommonHooks.o
 .debug_macro   0x00000000000048da       0x12 ./freertos/src/FreeRTOSCommonHooks.o
 .debug_macro   0x00000000000048ec       0x1f ./freertos/src/FreeRTOSCommonHooks.o
 .debug_macro   0x000000000000490b      0x257 ./freertos/src/FreeRTOSCommonHooks.o
 .debug_macro   0x0000000000004b62       0x64 ./freertos/src/FreeRTOSCommonHooks.o
 .debug_macro   0x0000000000004bc6       0x57 ./freertos/src/FreeRTOSCommonHooks.o
 .debug_macro   0x0000000000004c1d      0x426 ./freertos/src/heap_3.o
 .debug_macro   0x0000000000005043       0x58 ./freertos/src/heap_3.o
 .debug_macro   0x000000000000509b       0x94 ./freertos/src/heap_3.o
 .debug_macro   0x000000000000512f       0x16 ./freertos/src/heap_3.o
 .debug_macro   0x0000000000005145      0x10e ./freertos/src/heap_3.o
 .debug_macro   0x0000000000005253       0x8d ./freertos/src/heap_3.o
 .debug_macro   0x00000000000052e0       0x57 ./freertos/src/heap_3.o
 .debug_macro   0x0000000000005337       0x16 ./freertos/src/heap_3.o
 .debug_macro   0x000000000000534d       0x29 ./freertos/src/heap_3.o
 .debug_macro   0x0000000000005376       0x1c ./freertos/src/heap_3.o
 .debug_macro   0x0000000000005392      0x40b ./freertos/src/list.o
 .debug_macro   0x000000000000579d      0x489 ./freertos/src/port.o
 .debug_macro   0x0000000000005c26      0x4c7 ./freertos/src/tasks.o
 .debug_macro   0x00000000000060ed       0x5b ./freertos/src/tasks.o
 .debug_macro   0x0000000000006148       0x16 ./freertos/src/tasks.o
 .debug_macro   0x000000000000615e       0x1d ./example/src/cr_startup_lpc175x_6x.o
 .debug_macro   0x000000000000617b      0x3ec ./example/src/freertos_blinky.o
 .debug_macro   0x0000000000006567       0x7b ./example/src/freertos_blinky.o
 .debug_macro   0x00000000000065e2       0x18 ./example/src/freertos_blinky.o
 .debug_macro   0x00000000000065fa       0x97 ./example/src/freertos_blinky.o
 .debug_macro   0x0000000000006691       0xfd ./example/src/freertos_blinky.o
 .debug_macro   0x000000000000678e       0xf4 ./example/src/freertos_blinky.o
 .debug_macro   0x0000000000006882      0x386 ./example/src/sysinit.o
 .debug_macro   0x0000000000006c08      0x2a1 /home/jibin/Desktop/jibin/myWorks/mcuXpresso/lpc_board_nxp_lpcxpresso_1769/Debug/liblpc_board_nxp_lpcxpresso_1769.a(board.o)
 .debug_macro   0x0000000000006ea9      0xa72 /home/jibin/Desktop/jibin/myWorks/mcuXpresso/lpc_board_nxp_lpcxpresso_1769/Debug/liblpc_board_nxp_lpcxpresso_1769.a(board.o)
 .debug_macro   0x000000000000791b       0x10 /home/jibin/Desktop/jibin/myWorks/mcuXpresso/lpc_board_nxp_lpcxpresso_1769/Debug/liblpc_board_nxp_lpcxpresso_1769.a(board.o)
 .debug_macro   0x000000000000792b      0x12d /home/jibin/Desktop/jibin/myWorks/mcuXpresso/lpc_board_nxp_lpcxpresso_1769/Debug/liblpc_board_nxp_lpcxpresso_1769.a(board.o)
 .debug_macro   0x0000000000007a58      0x5b2 /home/jibin/Desktop/jibin/myWorks/mcuXpresso/lpc_board_nxp_lpcxpresso_1769/Debug/liblpc_board_nxp_lpcxpresso_1769.a(board.o)
 .debug_macro   0x000000000000800a       0x22 /home/jibin/Desktop/jibin/myWorks/mcuXpresso/lpc_board_nxp_lpcxpresso_1769/Debug/liblpc_board_nxp_lpcxpresso_1769.a(board.o)
 .debug_macro   0x000000000000802c       0x9a /home/jibin/Desktop/jibin/myWorks/mcuXpresso/lpc_board_nxp_lpcxpresso_1769/Debug/liblpc_board_nxp_lpcxpresso_1769.a(board.o)
 .debug_macro   0x00000000000080c6       0x20 /home/jibin/Desktop/jibin/myWorks/mcuXpresso/lpc_board_nxp_lpcxpresso_1769/Debug/liblpc_board_nxp_lpcxpresso_1769.a(board.o)
 .debug_macro   0x00000000000080e6       0x12 /home/jibin/Desktop/jibin/myWorks/mcuXpresso/lpc_board_nxp_lpcxpresso_1769/Debug/liblpc_board_nxp_lpcxpresso_1769.a(board.o)
 .debug_macro   0x00000000000080f8      0x217 /home/jibin/Desktop/jibin/myWorks/mcuXpresso/lpc_board_nxp_lpcxpresso_1769/Debug/liblpc_board_nxp_lpcxpresso_1769.a(board_sysinit.o)
 .debug_macro   0x000000000000830f      0x1cd /home/jibin/Desktop/jibin/myWorks/mcuXpresso/lpc_chip_175x_6x/Debug/liblpc_chip_175x_6x.a(chip_17xx_40xx.o)
 .debug_macro   0x00000000000084dc      0xa66 /home/jibin/Desktop/jibin/myWorks/mcuXpresso/lpc_chip_175x_6x/Debug/liblpc_chip_175x_6x.a(chip_17xx_40xx.o)
 .debug_macro   0x0000000000008f42      0x1cd /home/jibin/Desktop/jibin/myWorks/mcuXpresso/lpc_chip_175x_6x/Debug/liblpc_chip_175x_6x.a(clock_17xx_40xx.o)
 .debug_macro   0x000000000000910f      0x1cd /home/jibin/Desktop/jibin/myWorks/mcuXpresso/lpc_chip_175x_6x/Debug/liblpc_chip_175x_6x.a(iocon_17xx_40xx.o)
 .debug_macro   0x00000000000092dc      0x1cd /home/jibin/Desktop/jibin/myWorks/mcuXpresso/lpc_chip_175x_6x/Debug/liblpc_chip_175x_6x.a(sysinit_17xx_40xx.o)

.debug_line     0x0000000000000000     0x6953
 .debug_line    0x0000000000000000      0x8e9 ./freertos/src/FreeRTOSCommonHooks.o
 .debug_line    0x00000000000008e9      0x8a6 ./freertos/src/heap_3.o
 .debug_line    0x000000000000118f      0x8f2 ./freertos/src/list.o
 .debug_line    0x0000000000001a81      0x9c0 ./freertos/src/port.o
 .debug_line    0x0000000000002441      0xfcc ./freertos/src/tasks.o
 .debug_line    0x000000000000340d       0xdb ./example/src/cr_startup_lpc175x_6x.o
 .debug_line    0x00000000000034e8      0x945 ./example/src/freertos_blinky.o
 .debug_line    0x0000000000003e2d      0x767 ./example/src/sysinit.o
 .debug_line    0x0000000000004594      0x888 /home/jibin/Desktop/jibin/myWorks/mcuXpresso/lpc_board_nxp_lpcxpresso_1769/Debug/liblpc_board_nxp_lpcxpresso_1769.a(board.o)
 .debug_line    0x0000000000004e1c      0x539 /home/jibin/Desktop/jibin/myWorks/mcuXpresso/lpc_board_nxp_lpcxpresso_1769/Debug/liblpc_board_nxp_lpcxpresso_1769.a(board_sysinit.o)
 .debug_line    0x0000000000005355      0x4c8 /home/jibin/Desktop/jibin/myWorks/mcuXpresso/lpc_chip_175x_6x/Debug/liblpc_chip_175x_6x.a(chip_17xx_40xx.o)
 .debug_line    0x000000000000581d      0x744 /home/jibin/Desktop/jibin/myWorks/mcuXpresso/lpc_chip_175x_6x/Debug/liblpc_chip_175x_6x.a(clock_17xx_40xx.o)
 .debug_line    0x0000000000005f61      0x4b4 /home/jibin/Desktop/jibin/myWorks/mcuXpresso/lpc_chip_175x_6x/Debug/liblpc_chip_175x_6x.a(iocon_17xx_40xx.o)
 .debug_line    0x0000000000006415      0x53e /home/jibin/Desktop/jibin/myWorks/mcuXpresso/lpc_chip_175x_6x/Debug/liblpc_chip_175x_6x.a(sysinit_17xx_40xx.o)

.debug_str      0x0000000000000000    0x1bdc9
 .debug_str     0x0000000000000000    0x16746 ./freertos/src/FreeRTOSCommonHooks.o
                                      0x169f3 (size before relaxing)
 .debug_str     0x0000000000016746      0x15c ./freertos/src/heap_3.o
                                      0x16a85 (size before relaxing)
 .debug_str     0x00000000000168a2      0x12e ./freertos/src/list.o
                                      0x167ca (size before relaxing)
 .debug_str     0x00000000000169d0      0x8f6 ./freertos/src/port.o
                                      0x17243 (size before relaxing)
 .debug_str     0x00000000000172c6     0x154a ./freertos/src/tasks.o
                                      0x1829c (size before relaxing)
 .debug_str     0x0000000000018810      0x1b3 ./example/src/cr_startup_lpc175x_6x.o
                                       0x2ebd (size before relaxing)
 .debug_str     0x00000000000189c3       0x91 ./example/src/freertos_blinky.o
                                      0x169bb (size before relaxing)
 .debug_str     0x0000000000018a54       0x23 ./example/src/sysinit.o
                                      0x148d7 (size before relaxing)
 .debug_str     0x0000000000018a77     0x26e0 /home/jibin/Desktop/jibin/myWorks/mcuXpresso/lpc_board_nxp_lpcxpresso_1769/Debug/liblpc_board_nxp_lpcxpresso_1769.a(board.o)
                                      0x1218f (size before relaxing)
 .debug_str     0x000000000001b157      0x22d /home/jibin/Desktop/jibin/myWorks/mcuXpresso/lpc_board_nxp_lpcxpresso_1769/Debug/liblpc_board_nxp_lpcxpresso_1769.a(board_sysinit.o)
                                      0x116aa (size before relaxing)
 .debug_str     0x000000000001b384       0xb7 /home/jibin/Desktop/jibin/myWorks/mcuXpresso/lpc_chip_175x_6x/Debug/liblpc_chip_175x_6x.a(chip_17xx_40xx.o)
                                      0x112fd (size before relaxing)
 .debug_str     0x000000000001b43b      0x851 /home/jibin/Desktop/jibin/myWorks/mcuXpresso/lpc_chip_175x_6x/Debug/liblpc_chip_175x_6x.a(clock_17xx_40xx.o)
                                      0x1197b (size before relaxing)
 .debug_str     0x000000000001bc8c       0x79 /home/jibin/Desktop/jibin/myWorks/mcuXpresso/lpc_chip_175x_6x/Debug/liblpc_chip_175x_6x.a(iocon_17xx_40xx.o)
                                      0x10df8 (size before relaxing)
 .debug_str     0x000000000001bd05       0xc4 /home/jibin/Desktop/jibin/myWorks/mcuXpresso/lpc_chip_175x_6x/Debug/liblpc_chip_175x_6x.a(sysinit_17xx_40xx.o)
                                      0x10fe0 (size before relaxing)

.comment        0x0000000000000000       0x7f
 .comment       0x0000000000000000       0x7f ./freertos/src/FreeRTOSCommonHooks.o
                                         0x80 (size before relaxing)
 .comment       0x000000000000007f       0x80 ./freertos/src/heap_3.o
 .comment       0x000000000000007f       0x80 ./freertos/src/list.o
 .comment       0x000000000000007f       0x80 ./freertos/src/port.o
 .comment       0x000000000000007f       0x80 ./freertos/src/tasks.o
 .comment       0x000000000000007f       0x80 ./example/src/cr_startup_lpc175x_6x.o
 .comment       0x000000000000007f       0x80 ./example/src/freertos_blinky.o
 .comment       0x000000000000007f       0x80 ./example/src/sysinit.o
 .comment       0x000000000000007f       0x80 /home/jibin/Desktop/jibin/myWorks/mcuXpresso/lpc_board_nxp_lpcxpresso_1769/Debug/liblpc_board_nxp_lpcxpresso_1769.a(board.o)
 .comment       0x000000000000007f       0x80 /home/jibin/Desktop/jibin/myWorks/mcuXpresso/lpc_board_nxp_lpcxpresso_1769/Debug/liblpc_board_nxp_lpcxpresso_1769.a(board_sysinit.o)
 .comment       0x000000000000007f       0x80 /home/jibin/Desktop/jibin/myWorks/mcuXpresso/lpc_chip_175x_6x/Debug/liblpc_chip_175x_6x.a(chip_17xx_40xx.o)
 .comment       0x000000000000007f       0x80 /home/jibin/Desktop/jibin/myWorks/mcuXpresso/lpc_chip_175x_6x/Debug/liblpc_chip_175x_6x.a(clock_17xx_40xx.o)
 .comment       0x000000000000007f       0x80 /home/jibin/Desktop/jibin/myWorks/mcuXpresso/lpc_chip_175x_6x/Debug/liblpc_chip_175x_6x.a(iocon_17xx_40xx.o)
 .comment       0x000000000000007f       0x80 /home/jibin/Desktop/jibin/myWorks/mcuXpresso/lpc_chip_175x_6x/Debug/liblpc_chip_175x_6x.a(sysinit_17xx_40xx.o)
 .comment       0x000000000000007f       0x80 /usr/local/mcuxpressoide-10.3.1_2233/ide/plugins/com.nxp.mcuxpresso.tools.linux_10.3.0.201811011841/tools/bin/../lib/gcc/arm-none-eabi/7.3.1/../../../../arm-none-eabi/lib/thumb/v7-m/libcr_newlib_semihost.a(_cr_sbrk.o)
 .comment       0x000000000000007f       0x80 /usr/local/mcuxpressoide-10.3.1_2233/ide/plugins/com.nxp.mcuxpresso.tools.linux_10.3.0.201811011841/tools/bin/../lib/gcc/arm-none-eabi/7.3.1/../../../../arm-none-eabi/lib/thumb/v7-m/libcr_newlib_semihost.a(_cr_check_heap.o)

.ARM.attributes
                0x0000000000000000       0x31
 .ARM.attributes
                0x0000000000000000       0x33 ./freertos/src/FreeRTOSCommonHooks.o
 .ARM.attributes
                0x0000000000000033       0x33 ./freertos/src/heap_3.o
 .ARM.attributes
                0x0000000000000066       0x33 ./freertos/src/list.o
 .ARM.attributes
                0x0000000000000099       0x33 ./freertos/src/port.o
 .ARM.attributes
                0x00000000000000cc       0x33 ./freertos/src/tasks.o
 .ARM.attributes
                0x00000000000000ff       0x33 ./example/src/cr_startup_lpc175x_6x.o
 .ARM.attributes
                0x0000000000000132       0x33 ./example/src/freertos_blinky.o
 .ARM.attributes
                0x0000000000000165       0x33 ./example/src/sysinit.o
 .ARM.attributes
                0x0000000000000198       0x33 /home/jibin/Desktop/jibin/myWorks/mcuXpresso/lpc_board_nxp_lpcxpresso_1769/Debug/liblpc_board_nxp_lpcxpresso_1769.a(board.o)
 .ARM.attributes
                0x00000000000001cb       0x33 /home/jibin/Desktop/jibin/myWorks/mcuXpresso/lpc_board_nxp_lpcxpresso_1769/Debug/liblpc_board_nxp_lpcxpresso_1769.a(board_sysinit.o)
 .ARM.attributes
                0x00000000000001fe       0x33 /home/jibin/Desktop/jibin/myWorks/mcuXpresso/lpc_chip_175x_6x/Debug/liblpc_chip_175x_6x.a(chip_17xx_40xx.o)
 .ARM.attributes
                0x0000000000000231       0x33 /home/jibin/Desktop/jibin/myWorks/mcuXpresso/lpc_chip_175x_6x/Debug/liblpc_chip_175x_6x.a(clock_17xx_40xx.o)
 .ARM.attributes
                0x0000000000000264       0x33 /home/jibin/Desktop/jibin/myWorks/mcuXpresso/lpc_chip_175x_6x/Debug/liblpc_chip_175x_6x.a(iocon_17xx_40xx.o)
 .ARM.attributes
                0x0000000000000297       0x33 /home/jibin/Desktop/jibin/myWorks/mcuXpresso/lpc_chip_175x_6x/Debug/liblpc_chip_175x_6x.a(sysinit_17xx_40xx.o)
 .ARM.attributes
                0x00000000000002ca       0x2d /usr/local/mcuxpressoide-10.3.1_2233/ide/plugins/com.nxp.mcuxpresso.tools.linux_10.3.0.201811011841/tools/bin/../lib/gcc/arm-none-eabi/7.3.1/../../../../arm-none-eabi/lib/thumb/v7-m/libc_nano.a(lib_a-malloc.o)
 .ARM.attributes
                0x00000000000002f7       0x2d /usr/local/mcuxpressoide-10.3.1_2233/ide/plugins/com.nxp.mcuxpresso.tools.linux_10.3.0.201811011841/tools/bin/../lib/gcc/arm-none-eabi/7.3.1/../../../../arm-none-eabi/lib/thumb/v7-m/libc_nano.a(lib_a-memset.o)
 .ARM.attributes
                0x0000000000000324       0x2d /usr/local/mcuxpressoide-10.3.1_2233/ide/plugins/com.nxp.mcuxpresso.tools.linux_10.3.0.201811011841/tools/bin/../lib/gcc/arm-none-eabi/7.3.1/../../../../arm-none-eabi/lib/thumb/v7-m/libc_nano.a(lib_a-nano-freer.o)
 .ARM.attributes
                0x0000000000000351       0x2d /usr/local/mcuxpressoide-10.3.1_2233/ide/plugins/com.nxp.mcuxpresso.tools.linux_10.3.0.201811011841/tools/bin/../lib/gcc/arm-none-eabi/7.3.1/../../../../arm-none-eabi/lib/thumb/v7-m/libc_nano.a(lib_a-nano-mallocr.o)
 .ARM.attributes
                0x000000000000037e       0x2d /usr/local/mcuxpressoide-10.3.1_2233/ide/plugins/com.nxp.mcuxpresso.tools.linux_10.3.0.201811011841/tools/bin/../lib/gcc/arm-none-eabi/7.3.1/../../../../arm-none-eabi/lib/thumb/v7-m/libc_nano.a(lib_a-sbrkr.o)
 .ARM.attributes
                0x00000000000003ab       0x2d /usr/local/mcuxpressoide-10.3.1_2233/ide/plugins/com.nxp.mcuxpresso.tools.linux_10.3.0.201811011841/tools/bin/../lib/gcc/arm-none-eabi/7.3.1/../../../../arm-none-eabi/lib/thumb/v7-m/libc_nano.a(lib_a-findfp.o)
 .ARM.attributes
                0x00000000000003d8       0x2d /usr/local/mcuxpressoide-10.3.1_2233/ide/plugins/com.nxp.mcuxpresso.tools.linux_10.3.0.201811011841/tools/bin/../lib/gcc/arm-none-eabi/7.3.1/../../../../arm-none-eabi/lib/thumb/v7-m/libc_nano.a(lib_a-impure.o)
 .ARM.attributes
                0x0000000000000405       0x2d /usr/local/mcuxpressoide-10.3.1_2233/ide/plugins/com.nxp.mcuxpresso.tools.linux_10.3.0.201811011841/tools/bin/../lib/gcc/arm-none-eabi/7.3.1/../../../../arm-none-eabi/lib/thumb/v7-m/libc_nano.a(lib_a-mlock.o)
 .ARM.attributes
                0x0000000000000432       0x2d /usr/local/mcuxpressoide-10.3.1_2233/ide/plugins/com.nxp.mcuxpresso.tools.linux_10.3.0.201811011841/tools/bin/../lib/gcc/arm-none-eabi/7.3.1/../../../../arm-none-eabi/lib/thumb/v7-m/libc_nano.a(lib_a-reent.o)
 .ARM.attributes
                0x000000000000045f       0x33 /usr/local/mcuxpressoide-10.3.1_2233/ide/plugins/com.nxp.mcuxpresso.tools.linux_10.3.0.201811011841/tools/bin/../lib/gcc/arm-none-eabi/7.3.1/../../../../arm-none-eabi/lib/thumb/v7-m/libcr_newlib_semihost.a(_cr_sbrk.o)
 .ARM.attributes
                0x0000000000000492       0x33 /usr/local/mcuxpressoide-10.3.1_2233/ide/plugins/com.nxp.mcuxpresso.tools.linux_10.3.0.201811011841/tools/bin/../lib/gcc/arm-none-eabi/7.3.1/../../../../arm-none-eabi/lib/thumb/v7-m/libcr_newlib_semihost.a(_cr_check_heap.o)
 .ARM.attributes
                0x00000000000004c5       0x2d /usr/local/mcuxpressoide-10.3.1_2233/ide/plugins/com.nxp.mcuxpresso.tools.linux_10.3.0.201811011841/tools/bin/../lib/gcc/arm-none-eabi/7.3.1/../../../../arm-none-eabi/lib/thumb/v7-m/libc_nano.a(lib_a-errno.o)

.debug_frame    0x0000000000000000     0x1b84
 .debug_frame   0x0000000000000000       0xb0 ./freertos/src/FreeRTOSCommonHooks.o
 .debug_frame   0x00000000000000b0       0x58 ./freertos/src/heap_3.o
 .debug_frame   0x0000000000000108       0xd8 ./freertos/src/list.o
 .debug_frame   0x00000000000001e0      0x198 ./freertos/src/port.o
 .debug_frame   0x0000000000000378      0x634 ./freertos/src/tasks.o
 .debug_frame   0x00000000000009ac      0x170 ./example/src/cr_startup_lpc175x_6x.o
 .debug_frame   0x0000000000000b1c       0xb0 ./example/src/freertos_blinky.o
 .debug_frame   0x0000000000000bcc       0x34 ./example/src/sysinit.o
 .debug_frame   0x0000000000000c00      0x58c /home/jibin/Desktop/jibin/myWorks/mcuXpresso/lpc_board_nxp_lpcxpresso_1769/Debug/liblpc_board_nxp_lpcxpresso_1769.a(board.o)
 .debug_frame   0x000000000000118c       0x8c /home/jibin/Desktop/jibin/myWorks/mcuXpresso/lpc_board_nxp_lpcxpresso_1769/Debug/liblpc_board_nxp_lpcxpresso_1769.a(board_sysinit.o)
 .debug_frame   0x0000000000001218       0x88 /home/jibin/Desktop/jibin/myWorks/mcuXpresso/lpc_chip_175x_6x/Debug/liblpc_chip_175x_6x.a(chip_17xx_40xx.o)
 .debug_frame   0x00000000000012a0      0x490 /home/jibin/Desktop/jibin/myWorks/mcuXpresso/lpc_chip_175x_6x/Debug/liblpc_chip_175x_6x.a(clock_17xx_40xx.o)
 .debug_frame   0x0000000000001730       0x80 /home/jibin/Desktop/jibin/myWorks/mcuXpresso/lpc_chip_175x_6x/Debug/liblpc_chip_175x_6x.a(iocon_17xx_40xx.o)
 .debug_frame   0x00000000000017b0      0x12c /home/jibin/Desktop/jibin/myWorks/mcuXpresso/lpc_chip_175x_6x/Debug/liblpc_chip_175x_6x.a(sysinit_17xx_40xx.o)
 .debug_frame   0x00000000000018dc       0x30 /usr/local/mcuxpressoide-10.3.1_2233/ide/plugins/com.nxp.mcuxpresso.tools.linux_10.3.0.201811011841/tools/bin/../lib/gcc/arm-none-eabi/7.3.1/../../../../arm-none-eabi/lib/thumb/v7-m/libc_nano.a(lib_a-malloc.o)
 .debug_frame   0x000000000000190c       0x20 /usr/local/mcuxpressoide-10.3.1_2233/ide/plugins/com.nxp.mcuxpresso.tools.linux_10.3.0.201811011841/tools/bin/../lib/gcc/arm-none-eabi/7.3.1/../../../../arm-none-eabi/lib/thumb/v7-m/libc_nano.a(lib_a-memset.o)
 .debug_frame   0x000000000000192c       0x38 /usr/local/mcuxpressoide-10.3.1_2233/ide/plugins/com.nxp.mcuxpresso.tools.linux_10.3.0.201811011841/tools/bin/../lib/gcc/arm-none-eabi/7.3.1/../../../../arm-none-eabi/lib/thumb/v7-m/libc_nano.a(lib_a-nano-freer.o)
 .debug_frame   0x0000000000001964       0x2c /usr/local/mcuxpressoide-10.3.1_2233/ide/plugins/com.nxp.mcuxpresso.tools.linux_10.3.0.201811011841/tools/bin/../lib/gcc/arm-none-eabi/7.3.1/../../../../arm-none-eabi/lib/thumb/v7-m/libc_nano.a(lib_a-nano-mallocr.o)
 .debug_frame   0x0000000000001990       0x2c /usr/local/mcuxpressoide-10.3.1_2233/ide/plugins/com.nxp.mcuxpresso.tools.linux_10.3.0.201811011841/tools/bin/../lib/gcc/arm-none-eabi/7.3.1/../../../../arm-none-eabi/lib/thumb/v7-m/libc_nano.a(lib_a-sbrkr.o)
 .debug_frame   0x00000000000019bc      0x11c /usr/local/mcuxpressoide-10.3.1_2233/ide/plugins/com.nxp.mcuxpresso.tools.linux_10.3.0.201811011841/tools/bin/../lib/gcc/arm-none-eabi/7.3.1/../../../../arm-none-eabi/lib/thumb/v7-m/libc_nano.a(lib_a-findfp.o)
 .debug_frame   0x0000000000001ad8       0x30 /usr/local/mcuxpressoide-10.3.1_2233/ide/plugins/com.nxp.mcuxpresso.tools.linux_10.3.0.201811011841/tools/bin/../lib/gcc/arm-none-eabi/7.3.1/../../../../arm-none-eabi/lib/thumb/v7-m/libc_nano.a(lib_a-mlock.o)
 .debug_frame   0x0000000000001b08       0x5c /usr/local/mcuxpressoide-10.3.1_2233/ide/plugins/com.nxp.mcuxpresso.tools.linux_10.3.0.201811011841/tools/bin/../lib/gcc/arm-none-eabi/7.3.1/../../../../arm-none-eabi/lib/thumb/v7-m/libc_nano.a(lib_a-reent.o)
 .debug_frame   0x0000000000001b64       0x20 /usr/local/mcuxpressoide-10.3.1_2233/ide/plugins/com.nxp.mcuxpresso.tools.linux_10.3.0.201811011841/tools/bin/../lib/gcc/arm-none-eabi/7.3.1/../../../../arm-none-eabi/lib/thumb/v7-m/libc_nano.a(lib_a-errno.o)
