Archive member included to satisfy reference by file (symbol)

/home/jibin/Desktop/jibin/myWorks/mcuXpresso/lpc_board_nxp_lpcxpresso_1769/Debug/liblpc_board_nxp_lpcxpresso_1769.a(board.o)
                              ./example/src/timer.o (Board_LED_Toggle)
/home/jibin/Desktop/jibin/myWorks/mcuXpresso/lpc_board_nxp_lpcxpresso_1769/Debug/liblpc_board_nxp_lpcxpresso_1769.a(board_sysinit.o)
                              ./example/src/sysinit.o (Board_SystemInit)
/home/jibin/Desktop/jibin/myWorks/mcuXpresso/lpc_chip_175x_6x/Debug/liblpc_chip_175x_6x.a(chip_17xx_40xx.o)
                              ./example/src/timer.o (SystemCoreClockUpdate)
/home/jibin/Desktop/jibin/myWorks/mcuXpresso/lpc_chip_175x_6x/Debug/liblpc_chip_175x_6x.a(clock_17xx_40xx.o)
                              /home/jibin/Desktop/jibin/myWorks/mcuXpresso/lpc_chip_175x_6x/Debug/liblpc_chip_175x_6x.a(chip_17xx_40xx.o) (Chip_Clock_EnablePLL)
/home/jibin/Desktop/jibin/myWorks/mcuXpresso/lpc_chip_175x_6x/Debug/liblpc_chip_175x_6x.a(i2s_17xx_40xx.o)
                              /home/jibin/Desktop/jibin/myWorks/mcuXpresso/lpc_board_nxp_lpcxpresso_1769/Debug/liblpc_board_nxp_lpcxpresso_1769.a(board.o) (Chip_I2S_Init)
/home/jibin/Desktop/jibin/myWorks/mcuXpresso/lpc_chip_175x_6x/Debug/liblpc_chip_175x_6x.a(iocon_17xx_40xx.o)
                              /home/jibin/Desktop/jibin/myWorks/mcuXpresso/lpc_board_nxp_lpcxpresso_1769/Debug/liblpc_board_nxp_lpcxpresso_1769.a(board.o) (Chip_IOCON_PinMux)
/home/jibin/Desktop/jibin/myWorks/mcuXpresso/lpc_chip_175x_6x/Debug/liblpc_chip_175x_6x.a(sysinit_17xx_40xx.o)
                              /home/jibin/Desktop/jibin/myWorks/mcuXpresso/lpc_board_nxp_lpcxpresso_1769/Debug/liblpc_board_nxp_lpcxpresso_1769.a(board_sysinit.o) (Chip_SetupXtalClocking)
/home/jibin/Desktop/jibin/myWorks/mcuXpresso/lpc_chip_175x_6x/Debug/liblpc_chip_175x_6x.a(timer_17xx_40xx.o)
                              ./example/src/timer.o (Chip_TIMER_Init)
/home/jibin/Desktop/jibin/myWorks/mcuXpresso/lpc_chip_175x_6x/Debug/liblpc_chip_175x_6x.a(uart_17xx_40xx.o)
                              /home/jibin/Desktop/jibin/myWorks/mcuXpresso/lpc_board_nxp_lpcxpresso_1769/Debug/liblpc_board_nxp_lpcxpresso_1769.a(board.o) (Chip_UART_Init)
/home/jibin/Desktop/jibin/myWorks/mcuXpresso/lpc_chip_175x_6x/Debug/liblpc_chip_175x_6x.a(ring_buffer.o)
                              /home/jibin/Desktop/jibin/myWorks/mcuXpresso/lpc_chip_175x_6x/Debug/liblpc_chip_175x_6x.a(uart_17xx_40xx.o) (RingBuffer_Insert)
/usr/local/mcuxpressoide-10.3.1_2233/ide/plugins/com.nxp.mcuxpresso.tools.linux_10.3.0.201811011841/tools/bin/../lib/gcc/arm-none-eabi/7.3.1/thumb/v7-m/libgcc.a(_aeabi_uldivmod.o)
                              /home/jibin/Desktop/jibin/myWorks/mcuXpresso/lpc_chip_175x_6x/Debug/liblpc_chip_175x_6x.a(i2s_17xx_40xx.o) (__aeabi_uldivmod)
/usr/local/mcuxpressoide-10.3.1_2233/ide/plugins/com.nxp.mcuxpresso.tools.linux_10.3.0.201811011841/tools/bin/../lib/gcc/arm-none-eabi/7.3.1/thumb/v7-m/libgcc.a(_udivmoddi4.o)
                              /usr/local/mcuxpressoide-10.3.1_2233/ide/plugins/com.nxp.mcuxpresso.tools.linux_10.3.0.201811011841/tools/bin/../lib/gcc/arm-none-eabi/7.3.1/thumb/v7-m/libgcc.a(_aeabi_uldivmod.o) (__udivmoddi4)
/usr/local/mcuxpressoide-10.3.1_2233/ide/plugins/com.nxp.mcuxpresso.tools.linux_10.3.0.201811011841/tools/bin/../lib/gcc/arm-none-eabi/7.3.1/thumb/v7-m/libgcc.a(_dvmd_tls.o)
                              /usr/local/mcuxpressoide-10.3.1_2233/ide/plugins/com.nxp.mcuxpresso.tools.linux_10.3.0.201811011841/tools/bin/../lib/gcc/arm-none-eabi/7.3.1/thumb/v7-m/libgcc.a(_aeabi_uldivmod.o) (__aeabi_ldiv0)
/usr/local/mcuxpressoide-10.3.1_2233/ide/plugins/com.nxp.mcuxpresso.tools.linux_10.3.0.201811011841/tools/bin/../lib/gcc/arm-none-eabi/7.3.1/../../../../arm-none-eabi/lib/thumb/v7-m/libc.a(lib_a-memcpy.o)
                              /home/jibin/Desktop/jibin/myWorks/mcuXpresso/lpc_board_nxp_lpcxpresso_1769/Debug/liblpc_board_nxp_lpcxpresso_1769.a(board.o) (memcpy)
/usr/local/mcuxpressoide-10.3.1_2233/ide/plugins/com.nxp.mcuxpresso.tools.linux_10.3.0.201811011841/tools/bin/../lib/gcc/arm-none-eabi/7.3.1/../../../../arm-none-eabi/lib/thumb/v7-m/libc.a(lib_a-printf.o)
                              ./example/src/timer.o (printf)
/usr/local/mcuxpressoide-10.3.1_2233/ide/plugins/com.nxp.mcuxpresso.tools.linux_10.3.0.201811011841/tools/bin/../lib/gcc/arm-none-eabi/7.3.1/../../../../arm-none-eabi/lib/thumb/v7-m/libc.a(lib_a-vfprintf.o)
                              /usr/local/mcuxpressoide-10.3.1_2233/ide/plugins/com.nxp.mcuxpresso.tools.linux_10.3.0.201811011841/tools/bin/../lib/gcc/arm-none-eabi/7.3.1/../../../../arm-none-eabi/lib/thumb/v7-m/libc.a(lib_a-printf.o) (_vfprintf_r)
/usr/local/mcuxpressoide-10.3.1_2233/ide/plugins/com.nxp.mcuxpresso.tools.linux_10.3.0.201811011841/tools/bin/../lib/gcc/arm-none-eabi/7.3.1/../../../../arm-none-eabi/lib/thumb/v7-m/libc.a(lib_a-wsetup.o)
[...]
Memory Configuration

Name             Origin             Length             Attributes
MFlash512        0x0000000000000000 0x0000000000080000 xr
RamLoc32         0x0000000010000000 0x0000000000008000 xrw
RamAHB32         0x000000002007c000 0x0000000000008000 xrw
*default*        0x0000000000000000 0xffffffffffffffff

Linker script and memory map

LOAD ./example/src/cr_startup_lpc175x_6x.o
LOAD ./example/src/sysinit.o
LOAD ./example/src/timer.o
LOAD /home/jibin/Desktop/jibin/myWorks/mcuXpresso/lpc_board_nxp_lpcxpresso_1769/Debug/liblpc_board_nxp_lpcxpresso_1769.a
LOAD /home/jibin/Desktop/jibin/myWorks/mcuXpresso/lpc_chip_175x_6x/Debug/liblpc_chip_175x_6x.a
START GROUP
LOAD /usr/local/mcuxpressoide-10.3.1_2233/ide/plugins/com.nxp.mcuxpresso.tools.linux_10.3.0.201811011841/tools/bin/../lib/gcc/arm-none-eabi/7.3.1/thumb/v7-m/libgcc.a
LOAD /usr/local/mcuxpressoide-10.3.1_2233/ide/plugins/com.nxp.mcuxpresso.tools.linux_10.3.0.201811011841/tools/bin/../lib/gcc/arm-none-eabi/7.3.1/../../../../arm-none-eabi/lib/thumb/v7-m/libc.a
LOAD /usr/local/mcuxpressoide-10.3.1_2233/ide/plugins/com.nxp.mcuxpresso.tools.linux_10.3.0.201811011841/tools/bin/../lib/gcc/arm-none-eabi/7.3.1/../../../../arm-none-eabi/lib/thumb/v7-m/libm.a
LOAD /usr/local/mcuxpressoide-10.3.1_2233/ide/plugins/com.nxp.mcuxpresso.tools.linux_10.3.0.201811011841/tools/bin/../lib/gcc/arm-none-eabi/7.3.1/../../../../arm-none-eabi/lib/thumb/v7-m/libcr_newlib_semihost.a
END GROUP
                0x0000000000000000                __base_MFlash512 = 0x0
                0x0000000000000000                __base_Flash = 0x0
                0x0000000000080000                __top_MFlash512 = 0x80000
                0x0000000000080000                __top_Flash = 0x80000
                0x0000000010000000                __base_RamLoc32 = 0x10000000
                0x0000000010000000                __base_RAM = 0x10000000
                0x0000000010008000                __top_RamLoc32 = 0x10008000
                0x0000000010008000                __top_RAM = 0x10008000
                0x000000002007c000                __base_RamAHB32 = 0x2007c000
                0x000000002007c000                __base_RAM2 = 0x2007c000
                0x0000000020084000                __top_RamAHB32 = 0x20084000
                0x0000000020084000                __top_RAM2 = 0x20084000

.text           0x0000000000000000     0x6f34
 FILL mask 0xff
                0x0000000000000000                __vectors_start__ = ABSOLUTE (.)
 *(.isr_vector)
 .isr_vector    0x0000000000000000       0xcc ./example/src/cr_startup_lpc175x_6x.o
                0x0000000000000000                g_pfnVectors
                0x00000000000000cc                . = ALIGN (0x4)
                0x00000000000000cc                __section_table_start = .
                0x00000000000000cc                __data_section_table = .
                0x00000000000000cc        0x4 LONG 0x6f3c LOADADDR (.data)
                0x00000000000000d0        0x4 LONG 0x10000000 ADDR (.data)
                0x00000000000000d4        0x4 LONG 0x9ac SIZEOF (.data)
                0x00000000000000d8        0x4 LONG 0x6f3c LOADADDR (.data_RAM2)
                0x00000000000000dc        0x4 LONG 0x2007c000 ADDR (.data_RAM2)
                0x00000000000000e0        0x4 LONG 0x0 SIZEOF (.data_RAM2)
                0x00000000000000e4                __data_section_table_end = .
                0x00000000000000e4                __bss_section_table = .
                0x00000000000000e4        0x4 LONG 0x100009ac ADDR (.bss)
                0x00000000000000e8        0x4 LONG 0x9c SIZEOF (.bss)
                0x00000000000000ec        0x4 LONG 0x2007c000 ADDR (.bss_RAM2)
                0x00000000000000f0        0x4 LONG 0x0 SIZEOF (.bss_RAM2)
                0x00000000000000f4                __bss_section_table_end = .
                0x00000000000000f4                __section_table_end = .
 *(.after_vectors*)
 .after_vectors
                0x00000000000000f4      0x12c ./example/src/cr_startup_lpc175x_6x.o
                0x00000000000000f4                data_init
                0x0000000000000136                bss_init
                0x000000000000016c                ResetISR
                0x00000000000001e4                NMI_Handler
                0x00000000000001ea                HardFault_Handler
                0x00000000000001f0                MemManage_Handler
                0x00000000000001f6                BusFault_Handler
                0x00000000000001fc                UsageFault_Handler
                0x0000000000000202                SVC_Handler
                0x0000000000000208                DebugMon_Handler
                0x000000000000020e                PendSV_Handler
                0x0000000000000214                SysTick_Handler
                0x000000000000021a                TIMER2_IRQHandler
                0x000000000000021a                RIT_IRQHandler
                0x000000000000021a                I2C0_IRQHandler
                0x000000000000021a                USBActivity_IRQHandler
                0x000000000000021a                PWM1_IRQHandler
                0x000000000000021a                I2C1_IRQHandler
                0x000000000000021a                EINT2_IRQHandler
                0x000000000000021a                UART1_IRQHandler
                0x000000000000021a                EINT3_IRQHandler
                0x000000000000021a                CANActivity_IRQHandler
                0x000000000000021a                TIMER3_IRQHandler
                0x000000000000021a                UART0_IRQHandler
                0x000000000000021a                IntDefaultHandler
                0x000000000000021a                PLL0_IRQHandler
                0x000000000000021a                CAN_IRQHandler
                0x000000000000021a                PLL1_IRQHandler
                0x000000000000021a                SSP0_IRQHandler
                0x000000000000021a                I2S_IRQHandler
                0x000000000000021a                I2C2_IRQHandler
                0x000000000000021a                RTC_IRQHandler
                0x000000000000021a                SPI_IRQHandler
                0x000000000000021a                EINT1_IRQHandler
                0x000000000000021a                TIMER1_IRQHandler
                0x000000000000021a                UART2_IRQHandler
                0x000000000000021a                ADC_IRQHandler
                0x000000000000021a                SSP1_IRQHandler
                0x000000000000021a                USB_IRQHandler
                0x000000000000021a                BOD_IRQHandler
                0x000000000000021a                WDT_IRQHandler
                0x000000000000021a                QEI_IRQHandler
                0x000000000000021a                EINT0_IRQHandler
                0x000000000000021a                ETH_IRQHandler
                0x000000000000021a                DMA_IRQHandler
                0x000000000000021a                UART3_IRQHandler
                0x000000000000021a                MCPWM_IRQHandler
 *(.text*)
 .text.SystemInit
                0x0000000000000220       0x24 ./example/src/sysinit.o
                0x0000000000000220                SystemInit
 .text.NVIC_EnableIRQ
                0x0000000000000244       0x30 ./example/src/timer.o
 .text.NVIC_ClearPendingIRQ
                0x0000000000000274       0x34 ./example/src/timer.o
 .text.Chip_TIMER_MatchPending
                0x00000000000002a8       0x32 ./example/src/timer.o
 .text.Chip_TIMER_ClearMatch
                0x00000000000002da       0x26 ./example/src/timer.o
 .text.Chip_TIMER_Enable
                0x0000000000000300       0x1e ./example/src/timer.o
 .text.Chip_TIMER_SetMatch
                0x000000000000031e       0x26 ./example/src/timer.o
 .text.Chip_TIMER_MatchEnableInt
                0x0000000000000344       0x32 ./example/src/timer.o
 .text.Chip_TIMER_ResetOnMatchEnable
                0x0000000000000376       0x34 ./example/src/timer.o
 .text.TIMER0_IRQHandler
                0x00000000000003aa       0x28 ./example/src/timer.o
                0x00000000000003aa                TIMER0_IRQHandler
 *fill*         0x00000000000003d2        0x2 ff
 .text.main     0x00000000000003d4       0xa4 ./example/src/timer.o
                0x00000000000003d4                main
 .text.Chip_IOCON_Init
                0x0000000000000478       0x16 /home/jibin/Desktop/jibin/myWorks/mcuXpresso/lpc_board_nxp_lpcxpresso_1769/Debug/liblpc_board_nxp_lpcxpresso_1769.a(board.o)
 .text.Chip_GPIO_Init
                0x000000000000048e       0x16 /home/jibin/Desktop/jibin/myWorks/mcuXpresso/lpc_board_nxp_lpcxpresso_1769/Debug/liblpc_board_nxp_lpcxpresso_1769.a(board.o)
 .text.Chip_GPIO_SetPinState
                0x00000000000004a4       0x64 /home/jibin/Desktop/jibin/myWorks/mcuXpresso/lpc_board_nxp_lpcxpresso_1769/Debug/liblpc_board_nxp_lpcxpresso_1769.a(board.o)
 .text.Chip_GPIO_WritePortBit
                0x0000000000000508       0x2c /home/jibin/Desktop/jibin/myWorks/mcuXpresso/lpc_board_nxp_lpcxpresso_1769/Debug/liblpc_board_nxp_lpcxpresso_1769.a(board.o)
 .text.Chip_GPIO_GetPinState
                0x0000000000000534       0x38 /home/jibin/Desktop/jibin/myWorks/mcuXpresso/lpc_board_nxp_lpcxpresso_1769/Debug/liblpc_board_nxp_lpcxpresso_1769.a(board.o)
 .text.Chip_GPIO_ReadPortBit
                0x000000000000056c       0x26 /home/jibin/Desktop/jibin/myWorks/mcuXpresso/lpc_board_nxp_lpcxpresso_1769/Debug/liblpc_board_nxp_lpcxpresso_1769.a(board.o)
 .text.Chip_GPIO_SetPinDIROutput
                0x0000000000000592       0x36 /home/jibin/Desktop/jibin/myWorks/mcuXpresso/lpc_board_nxp_lpcxpresso_1769/Debug/liblpc_board_nxp_lpcxpresso_1769.a(board.o)
 .text.Chip_GPIO_SetPinDIRInput
                0x00000000000005c8       0x3a /home/jibin/Desktop/jibin/myWorks/mcuXpresso/lpc_board_nxp_lpcxpresso_1769/Debug/liblpc_board_nxp_lpcxpresso_1769.a(board.o)
 .text.Chip_GPIO_SetPinDIR
                0x0000000000000602       0x42 /home/jibin/Desktop/jibin/myWorks/mcuXpresso/lpc_board_nxp_lpcxpresso_1769/Debug/liblpc_board_nxp_lpcxpresso_1769.a(board.o)
 .text.Chip_GPIO_WriteDirBit
                0x0000000000000644       0x2e /home/jibin/Desktop/jibin/myWorks/mcuXpresso/lpc_board_nxp_lpcxpresso_1769/Debug/liblpc_board_nxp_lpcxpresso_1769.a(board.o)
 *fill*         0x0000000000000672        0x2 ff
 .text.Board_LED_Init
                0x0000000000000674       0x30 /home/jibin/Desktop/jibin/myWorks/mcuXpresso/lpc_board_nxp_lpcxpresso_1769/Debug/liblpc_board_nxp_lpcxpresso_1769.a(board.o)
 .text.Board_LED_Set
                0x00000000000006a4       0x54 /home/jibin/Desktop/jibin/myWorks/mcuXpresso/lpc_board_nxp_lpcxpresso_1769/Debug/liblpc_board_nxp_lpcxpresso_1769.a(board.o)
                0x00000000000006a4                Board_LED_Set
 .text.Board_LED_Test
                0x00000000000006f8       0x58 /home/jibin/Desktop/jibin/myWorks/mcuXpresso/lpc_board_nxp_lpcxpresso_1769/Debug/liblpc_board_nxp_lpcxpresso_1769.a(board.o)
                0x00000000000006f8                Board_LED_Test
 .text.Board_LED_Toggle
                0x0000000000000750       0xa2 /home/jibin/Desktop/jibin/myWorks/mcuXpresso/lpc_board_nxp_lpcxpresso_1769/Debug/liblpc_board_nxp_lpcxpresso_1769.a(board.o)
                0x0000000000000750                Board_LED_Toggle
 *fill*         0x00000000000007f2        0x2 ff
 .text.Board_Init
                0x00000000000007f4       0x20 /home/jibin/Desktop/jibin/myWorks/mcuXpresso/lpc_board_nxp_lpcxpresso_1769/Debug/liblpc_board_nxp_lpcxpresso_1769.a(board.o)
                0x00000000000007f4                Board_Init
 .text.Chip_SYSCTL_SetFLASHAccess
                0x0000000000000814       0x30 /home/jibin/Desktop/jibin/myWorks/mcuXpresso/lpc_board_nxp_lpcxpresso_1769/Debug/liblpc_board_nxp_lpcxpresso_1769.a(board_sysinit.o)
 .text.Board_SetupMuxing
                0x0000000000000844       0x1c /home/jibin/Desktop/jibin/myWorks/mcuXpresso/lpc_board_nxp_lpcxpresso_1769/Debug/liblpc_board_nxp_lpcxpresso_1769.a(board_sysinit.o)
                0x0000000000000844                Board_SetupMuxing
 .text.Board_SetupClocking
                0x0000000000000860       0x12 /home/jibin/Desktop/jibin/myWorks/mcuXpresso/lpc_board_nxp_lpcxpresso_1769/Debug/liblpc_board_nxp_lpcxpresso_1769.a(board_sysinit.o)
                0x0000000000000860                Board_SetupClocking
 .text.Board_SystemInit
                0x0000000000000872       0x10 /home/jibin/Desktop/jibin/myWorks/mcuXpresso/lpc_board_nxp_lpcxpresso_1769/Debug/liblpc_board_nxp_lpcxpresso_1769.a(board_sysinit.o)
                0x0000000000000872                Board_SystemInit
 *fill*         0x0000000000000882        0x2 ff
 .text.SystemCoreClockUpdate
                0x0000000000000884       0x18 /home/jibin/Desktop/jibin/myWorks/mcuXpresso/lpc_chip_175x_6x/Debug/liblpc_chip_175x_6x.a(chip_17xx_40xx.o)
                0x0000000000000884                SystemCoreClockUpdate
 .text.Chip_Clock_IsMainPLLEnabled
                0x000000000000089c       0x24 /home/jibin/Desktop/jibin/myWorks/mcuXpresso/lpc_chip_175x_6x/Debug/liblpc_chip_175x_6x.a(clock_17xx_40xx.o)
 .text.Chip_Clock_IsMainPLLConnected
                0x00000000000008c0       0x24 /home/jibin/Desktop/jibin/myWorks/mcuXpresso/lpc_chip_175x_6x/Debug/liblpc_chip_175x_6x.a(clock_17xx_40xx.o)
 .text.Chip_Clock_FeedPLL
                0x00000000000008e4       0x34 /home/jibin/Desktop/jibin/myWorks/mcuXpresso/lpc_chip_175x_6x/Debug/liblpc_chip_175x_6x.a(clock_17xx_40xx.o)
 .text.Chip_Clock_GetMainPLLSource
                0x0000000000000918       0x20 /home/jibin/Desktop/jibin/myWorks/mcuXpresso/lpc_chip_175x_6x/Debug/liblpc_chip_175x_6x.a(clock_17xx_40xx.o)
 .text.Chip_Clock_GetMainOscRate
                0x0000000000000938       0x14 /home/jibin/Desktop/jibin/myWorks/mcuXpresso/lpc_chip_175x_6x/Debug/liblpc_chip_175x_6x.a(clock_17xx_40xx.o)
 .text.Chip_Clock_GetIntOscRate
                0x000000000000094c       0x14 /home/jibin/Desktop/jibin/myWorks/mcuXpresso/lpc_chip_175x_6x/Debug/liblpc_chip_175x_6x.a(clock_17xx_40xx.o)
 .text.Chip_Clock_GetRTCOscRate
                0x0000000000000960       0x14 /home/jibin/Desktop/jibin/myWorks/mcuXpresso/lpc_chip_175x_6x/Debug/liblpc_chip_175x_6x.a(clock_17xx_40xx.o)
 .text.Chip_Clock_GetMainPLLInClockRate
                0x0000000000000974        0xe /home/jibin/Desktop/jibin/myWorks/mcuXpresso/lpc_chip_175x_6x/Debug/liblpc_chip_175x_6x.a(clock_17xx_40xx.o)
 *fill*         0x0000000000000982        0x2 ff
 .text.Chip_Clock_EnablePLL
                0x0000000000000984       0x44 /home/jibin/Desktop/jibin/myWorks/mcuXpresso/lpc_chip_175x_6x/Debug/liblpc_chip_175x_6x.a(clock_17xx_40xx.o)
                0x0000000000000984                Chip_Clock_EnablePLL
 .text.Chip_Clock_DisablePLL
                0x00000000000009c8       0x48 /home/jibin/Desktop/jibin/myWorks/mcuXpresso/lpc_chip_175x_6x/Debug/liblpc_chip_175x_6x.a(clock_17xx_40xx.o)
                0x00000000000009c8                Chip_Clock_DisablePLL
 .text.Chip_Clock_SetupPLL
                0x0000000000000a10       0x5c /home/jibin/Desktop/jibin/myWorks/mcuXpresso/lpc_chip_175x_6x/Debug/liblpc_chip_175x_6x.a(clock_17xx_40xx.o)
                0x0000000000000a10                Chip_Clock_SetupPLL
 .text.Chip_Clock_EnablePeriphClock
                0x0000000000000a6c       0x34 /home/jibin/Desktop/jibin/myWorks/mcuXpresso/lpc_chip_175x_6x/Debug/liblpc_chip_175x_6x.a(clock_17xx_40xx.o)
                0x0000000000000a6c                Chip_Clock_EnablePeriphClock
 .text.Chip_Clock_GetCPUClockSource
                0x0000000000000aa0       0x24 /home/jibin/Desktop/jibin/myWorks/mcuXpresso/lpc_chip_175x_6x/Debug/liblpc_chip_175x_6x.a(clock_17xx_40xx.o)
                0x0000000000000aa0                Chip_Clock_GetCPUClockSource
 .text.Chip_Clock_SetCPUClockDiv
                0x0000000000000ac4       0x20 /home/jibin/Desktop/jibin/myWorks/mcuXpresso/lpc_chip_175x_6x/Debug/liblpc_chip_175x_6x.a(clock_17xx_40xx.o)
                0x0000000000000ac4                Chip_Clock_SetCPUClockDiv
 .text.Chip_Clock_GetCPUClockDiv
                0x0000000000000ae4       0x1c /home/jibin/Desktop/jibin/myWorks/mcuXpresso/lpc_chip_175x_6x/Debug/liblpc_chip_175x_6x.a(clock_17xx_40xx.o)
                0x0000000000000ae4                Chip_Clock_GetCPUClockDiv
 .text.Chip_Clock_GetSYSCLKRate
                0x0000000000000b00       0x34 /home/jibin/Desktop/jibin/myWorks/mcuXpresso/lpc_chip_175x_6x/Debug/liblpc_chip_175x_6x.a(clock_17xx_40xx.o)
                0x0000000000000b00                Chip_Clock_GetSYSCLKRate
 .text.Chip_Clock_GetMainPLLOutClockRate
                0x0000000000000b34       0x54 /home/jibin/Desktop/jibin/myWorks/mcuXpresso/lpc_chip_175x_6x/Debug/liblpc_chip_175x_6x.a(clock_17xx_40xx.o)
                0x0000000000000b34                Chip_Clock_GetMainPLLOutClockRate
 .text.Chip_Clock_GetMainClockRate
                0x0000000000000b88       0x28 /home/jibin/Desktop/jibin/myWorks/mcuXpresso/lpc_chip_175x_6x/Debug/liblpc_chip_175x_6x.a(clock_17xx_40xx.o)
                0x0000000000000b88                Chip_Clock_GetMainClockRate
 .text.Chip_Clock_GetSystemClockRate
                0x0000000000000bb0       0x18 /home/jibin/Desktop/jibin/myWorks/mcuXpresso/lpc_chip_175x_6x/Debug/liblpc_chip_175x_6x.a(clock_17xx_40xx.o)
                0x0000000000000bb0                Chip_Clock_GetSystemClockRate
 .text.Chip_IOCON_PinMuxSet
                0x0000000000000bc8       0x36 /home/jibin/Desktop/jibin/myWorks/mcuXpresso/lpc_chip_175x_6x/Debug/liblpc_chip_175x_6x.a(iocon_17xx_40xx.o)
                0x0000000000000bc8                Chip_IOCON_PinMuxSet
 .text.Chip_IOCON_PinMux
                0x0000000000000bfe       0x94 /home/jibin/Desktop/jibin/myWorks/mcuXpresso/lpc_chip_175x_6x/Debug/liblpc_chip_175x_6x.a(iocon_17xx_40xx.o)
                0x0000000000000bfe                Chip_IOCON_PinMux
 .text.Chip_IOCON_SetPinMuxing
                0x0000000000000c92       0x62 /home/jibin/Desktop/jibin/myWorks/mcuXpresso/lpc_chip_175x_6x/Debug/liblpc_chip_175x_6x.a(iocon_17xx_40xx.o)
                0x0000000000000c92                Chip_IOCON_SetPinMuxing
 .text.Chip_Clock_IsMainPLLEnabled
                0x0000000000000cf4       0x24 /home/jibin/Desktop/jibin/myWorks/mcuXpresso/lpc_chip_175x_6x/Debug/liblpc_chip_175x_6x.a(sysinit_17xx_40xx.o)
 .text.Chip_Clock_IsMainPLLLocked
                0x0000000000000d18       0x24 /home/jibin/Desktop/jibin/myWorks/mcuXpresso/lpc_chip_175x_6x/Debug/liblpc_chip_175x_6x.a(sysinit_17xx_40xx.o)
 .text.Chip_Clock_IsMainPLLConnected
                0x0000000000000d3c       0x24 /home/jibin/Desktop/jibin/myWorks/mcuXpresso/lpc_chip_175x_6x/Debug/liblpc_chip_175x_6x.a(sysinit_17xx_40xx.o)
 .text.Chip_Clock_EnableCrystal
                0x0000000000000d60       0x20 /home/jibin/Desktop/jibin/myWorks/mcuXpresso/lpc_chip_175x_6x/Debug/liblpc_chip_175x_6x.a(sysinit_17xx_40xx.o)
 .text.Chip_Clock_IsCrystalEnabled
                0x0000000000000d80       0x24 /home/jibin/Desktop/jibin/myWorks/mcuXpresso/lpc_chip_175x_6x/Debug/liblpc_chip_175x_6x.a(sysinit_17xx_40xx.o)
 .text.Chip_Clock_SetMainPLLSource
                0x0000000000000da4       0x20 /home/jibin/Desktop/jibin/myWorks/mcuXpresso/lpc_chip_175x_6x/Debug/liblpc_chip_175x_6x.a(sysinit_17xx_40xx.o)
 .text.Chip_SetupXtalClocking
                0x0000000000000dc4       0x90 /home/jibin/Desktop/jibin/myWorks/mcuXpresso/lpc_chip_175x_6x/Debug/liblpc_chip_175x_6x.a(sysinit_17xx_40xx.o)
                0x0000000000000dc4                Chip_SetupXtalClocking
 .text.Chip_Timer_GetClockIndex
                0x0000000000000e54       0x50 /home/jibin/Desktop/jibin/myWorks/mcuXpresso/lpc_chip_175x_6x/Debug/liblpc_chip_175x_6x.a(timer_17xx_40xx.o)
 .text.Chip_TIMER_Init
                0x0000000000000ea4       0x1e /home/jibin/Desktop/jibin/myWorks/mcuXpresso/lpc_chip_175x_6x/Debug/liblpc_chip_175x_6x.a(timer_17xx_40xx.o)
                0x0000000000000ea4                Chip_TIMER_Init
 .text.Chip_TIMER_Reset
                0x0000000000000ec2       0x3a /home/jibin/Desktop/jibin/myWorks/mcuXpresso/lpc_chip_175x_6x/Debug/liblpc_chip_175x_6x.a(timer_17xx_40xx.o)
                0x0000000000000ec2                Chip_TIMER_Reset
 .text          0x0000000000000efc       0x30 /usr/local/mcuxpressoide-10.3.1_2233/ide/plugins/com.nxp.mcuxpresso.tools.linux_10.3.0.201811011841/tools/bin/../lib/gcc/arm-none-eabi/7.3.1/thumb/v7-m/libgcc.a(_aeabi_uldivmod.o)
                0x0000000000000efc                __aeabi_uldivmod
 .text          0x0000000000000f2c      0x2d0 /usr/local/mcuxpressoide-10.3.1_2233/ide/plugins/com.nxp.mcuxpresso.tools.linux_10.3.0.201811011841/tools/bin/../lib/gcc/arm-none-eabi/7.3.1/thumb/v7-m/libgcc.a(_udivmoddi4.o)
                0x0000000000000f2c                __udivmoddi4
 .text          0x00000000000011fc        0x4 /usr/local/mcuxpressoide-10.3.1_2233/ide/plugins/com.nxp.mcuxpresso.tools.linux_10.3.0.201811011841/tools/bin/../lib/gcc/arm-none-eabi/7.3.1/thumb/v7-m/libgcc.a(_dvmd_tls.o)
                0x00000000000011fc                __aeabi_ldiv0
                0x00000000000011fc                __aeabi_idiv0
 .text          0x0000000000001200       0xec /usr/local/mcuxpressoide-10.3.1_2233/ide/plugins/com.nxp.mcuxpresso.tools.linux_10.3.0.201811011841/tools/bin/../lib/gcc/arm-none-eabi/7.3.1/../../../../arm-none-eabi/lib/thumb/v7-m/libc.a(lib_a-memcpy.o)
                0x0000000000001200                memcpy
 .text.printf   0x00000000000012ec       0x28 /usr/local/mcuxpressoide-10.3.1_2233/ide/plugins/com.nxp.mcuxpresso.tools.linux_10.3.0.201811011841/tools/bin/../lib/gcc/arm-none-eabi/7.3.1/../../../../arm-none-eabi/lib/thumb/v7-m/libc.a(lib_a-printf.o)
                0x00000000000012ec                printf
 .text._vfprintf_r
                0x0000000000001314     0x1ac0 /usr/local/mcuxpressoide-10.3.1_2233/ide/plugins/com.nxp.mcuxpresso.tools.linux_10.3.0.201811011841/tools/bin/../lib/gcc/arm-none-eabi/7.3.1/../../../../arm-none-eabi/lib/thumb/v7-m/libc.a(lib_a-vfprintf.o)
                0x0000000000001314                _vfprintf_r
 .text.__sbprintf
                0x0000000000002dd4       0x88 /usr/local/mcuxpressoide-10.3.1_2233/ide/plugins/com.nxp.mcuxpresso.tools.linux_10.3.0.201811011841/tools/bin/../lib/gcc/arm-none-eabi/7.3.1/../../../../arm-none-eabi/lib/thumb/v7-m/libc.a(lib_a-vfprintf.o)
 .text.__swsetup_r
                0x0000000000002e5c       0xcc /usr/local/mcuxpressoide-10.3.1_2233/ide/plugins/com.nxp.mcuxpresso.tools.linux_10.3.0.201811011841/tools/bin/../lib/gcc/arm-none-eabi/7.3.1/../../../../arm-none-eabi/lib/thumb/v7-m/libc.a(lib_a-wsetup.o)
                0x0000000000002e5c                __swsetup_r
 .text.quorem   0x0000000000002f28      0x124 /usr/local/mcuxpressoide-10.3.1_2233/ide/plugins/com.nxp.mcuxpresso.tools.linux_10.3.0.201811011841/tools/bin/../lib/gcc/arm-none-eabi/7.3.1/../../../../arm-none-eabi/lib/thumb/v7-m/libc.a(lib_a-dtoa.o)
 *fill*         0x000000000000304c        0x4 ff
 .text._dtoa_r  0x0000000000003050      0xe30 /usr/local/mcuxpressoide-10.3.1_2233/ide/plugins/com.nxp.mcuxpresso.tools.linux_10.3.0.201811011841/tools/bin/../lib/gcc/arm-none-eabi/7.3.1/../../../../arm-none-eabi/lib/thumb/v7-m/libc.a(lib_a-dtoa.o)
                0x0000000000003050                _dtoa_r
 .text.__sflush_r
                0x0000000000003e80      0x154 /usr/local/mcuxpressoide-10.3.1_2233/ide/plugins/com.nxp.mcuxpresso.tools.linux_10.3.0.201811011841/tools/bin/../lib/gcc/arm-none-eabi/7.3.1/../../../../arm-none-eabi/lib/thumb/v7-m/libc.a(lib_a-fflush.o)
                0x0000000000003e80                __sflush_r
 .text._fflush_r
                0x0000000000003fd4       0x5c /usr/local/mcuxpressoide-10.3.1_2233/ide/plugins/com.nxp.mcuxpresso.tools.linux_10.3.0.201811011841/tools/bin/../lib/gcc/arm-none-eabi/7.3.1/../../../../arm-none-eabi/lib/thumb/v7-m/libc.a(lib_a-fflush.o)
                0x0000000000003fd4                _fflush_r
 .text.std      0x0000000000004030       0x50 /usr/local/mcuxpressoide-10.3.1_2233/ide/plugins/com.nxp.mcuxpresso.tools.linux_10.3.0.201811011841/tools/bin/../lib/gcc/arm-none-eabi/7.3.1/../../../../arm-none-eabi/lib/thumb/v7-m/libc.a(lib_a-findfp.o)
 .text._cleanup_r
                0x0000000000004080        0xc /usr/local/mcuxpressoide-10.3.1_2233/ide/plugins/com.nxp.mcuxpresso.tools.linux_10.3.0.201811011841/tools/bin/../lib/gcc/arm-none-eabi/7.3.1/../../../../arm-none-eabi/lib/thumb/v7-m/libc.a(lib_a-findfp.o)
                0x0000000000004080                _cleanup_r
 .text.__sinit  0x000000000000408c       0x60 /usr/local/mcuxpressoide-10.3.1_2233/ide/plugins/com.nxp.mcuxpresso.tools.linux_10.3.0.201811011841/tools/bin/../lib/gcc/arm-none-eabi/7.3.1/../../../../arm-none-eabi/lib/thumb/v7-m/libc.a(lib_a-findfp.o)
                0x000000000000408c                __sinit
 .text.__sfp_lock_acquire
                0x00000000000040ec        0xc /usr/local/mcuxpressoide-10.3.1_2233/ide/plugins/com.nxp.mcuxpresso.tools.linux_10.3.0.201811011841/tools/bin/../lib/gcc/arm-none-eabi/7.3.1/../../../../arm-none-eabi/lib/thumb/v7-m/libc.a(lib_a-findfp.o)
                0x00000000000040ec                __sfp_lock_acquire
 .text.__sfp_lock_release
                0x00000000000040f8        0xc /usr/local/mcuxpressoide-10.3.1_2233/ide/plugins/com.nxp.mcuxpresso.tools.linux_10.3.0.201811011841/tools/bin/../lib/gcc/arm-none-eabi/7.3.1/../../../../arm-none-eabi/lib/thumb/v7-m/libc.a(lib_a-findfp.o)
                0x00000000000040f8                __sfp_lock_release
 .text._malloc_trim_r
                0x0000000000004104       0xa0 /usr/local/mcuxpressoide-10.3.1_2233/ide/plugins/com.nxp.mcuxpresso.tools.linux_10.3.0.201811011841/tools/bin/../lib/gcc/arm-none-eabi/7.3.1/../../../../arm-none-eabi/lib/thumb/v7-m/libc.a(lib_a-freer.o)
                0x0000000000004104                _malloc_trim_r
 .text._free_r  0x00000000000041a4      0x1e8 /usr/local/mcuxpressoide-10.3.1_2233/ide/plugins/com.nxp.mcuxpresso.tools.linux_10.3.0.201811011841/tools/bin/../lib/gcc/arm-none-eabi/7.3.1/../../../../arm-none-eabi/lib/thumb/v7-m/libc.a(lib_a-freer.o)
                0x00000000000041a4                _free_r
 .text._fwalk_reent
                0x000000000000438c       0x50 /usr/local/mcuxpressoide-10.3.1_2233/ide/plugins/com.nxp.mcuxpresso.tools.linux_10.3.0.201811011841/tools/bin/../lib/gcc/arm-none-eabi/7.3.1/../../../../arm-none-eabi/lib/thumb/v7-m/libc.a(lib_a-fwalk.o)
                0x000000000000438c                _fwalk_reent
 .text._localeconv_r
                0x00000000000043dc       0x1c /usr/local/mcuxpressoide-10.3.1_2233/ide/plugins/com.nxp.mcuxpresso.tools.linux_10.3.0.201811011841/tools/bin/../lib/gcc/arm-none-eabi/7.3.1/../../../../arm-none-eabi/lib/thumb/v7-m/libc.a(lib_a-localeconv.o)
                0x00000000000043dc                _localeconv_r
 .text.__retarget_lock_init_recursive
                0x00000000000043f8        0x4 /usr/local/mcuxpressoide-10.3.1_2233/ide/plugins/com.nxp.mcuxpresso.tools.linux_10.3.0.201811011841/tools/bin/../lib/gcc/arm-none-eabi/7.3.1/../../../../arm-none-eabi/lib/thumb/v7-m/libc.a(lib_a-lock.o)
                0x00000000000043f8                __retarget_lock_init_recursive
 .text.__retarget_lock_close_recursive
                0x00000000000043fc        0x4 /usr/local/mcuxpressoide-10.3.1_2233/ide/plugins/com.nxp.mcuxpresso.tools.linux_10.3.0.201811011841/tools/bin/../lib/gcc/arm-none-eabi/7.3.1/../../../../arm-none-eabi/lib/thumb/v7-m/libc.a(lib_a-lock.o)
                0x00000000000043fc                __retarget_lock_close_recursive
 .text.__retarget_lock_acquire_recursive
                0x0000000000004400        0x4 /usr/local/mcuxpressoide-10.3.1_2233/ide/plugins/com.nxp.mcuxpresso.tools.linux_10.3.0.201811011841/tools/bin/../lib/gcc/arm-none-eabi/7.3.1/../../../../arm-none-eabi/lib/thumb/v7-m/libc.a(lib_a-lock.o)
                0x0000000000004400                __retarget_lock_acquire_recursive
 .text.__retarget_lock_release_recursive
                0x0000000000004404        0x4 /usr/local/mcuxpressoide-10.3.1_2233/ide/plugins/com.nxp.mcuxpresso.tools.linux_10.3.0.201811011841/tools/bin/../lib/gcc/arm-none-eabi/7.3.1/../../../../arm-none-eabi/lib/thumb/v7-m/libc.a(lib_a-lock.o)
                0x0000000000004404                __retarget_lock_release_recursive
 .text.__swhatbuf_r
                0x0000000000004408       0x5c /usr/local/mcuxpressoide-10.3.1_2233/ide/plugins/com.nxp.mcuxpresso.tools.linux_10.3.0.201811011841/tools/bin/../lib/gcc/arm-none-eabi/7.3.1/../../../../arm-none-eabi/lib/thumb/v7-m/libc.a(lib_a-makebuf.o)
                0x0000000000004408                __swhatbuf_r
 .text.__smakebuf_r
                0x0000000000004464       0x94 /usr/local/mcuxpressoide-10.3.1_2233/ide/plugins/com.nxp.mcuxpresso.tools.linux_10.3.0.201811011841/tools/bin/../lib/gcc/arm-none-eabi/7.3.1/../../../../arm-none-eabi/lib/thumb/v7-m/libc.a(lib_a-makebuf.o)
                0x0000000000004464                __smakebuf_r
 .text._malloc_r
                0x00000000000044f8      0x524 /usr/local/mcuxpressoide-10.3.1_2233/ide/plugins/com.nxp.mcuxpresso.tools.linux_10.3.0.201811011841/tools/bin/../lib/gcc/arm-none-eabi/7.3.1/../../../../arm-none-eabi/lib/thumb/v7-m/libc.a(lib_a-mallocr.o)
                0x00000000000044f8                _malloc_r
 .text.memchr   0x0000000000004a1c       0x8c /usr/local/mcuxpressoide-10.3.1_2233/ide/plugins/com.nxp.mcuxpresso.tools.linux_10.3.0.201811011841/tools/bin/../lib/gcc/arm-none-eabi/7.3.1/../../../../arm-none-eabi/lib/thumb/v7-m/libc.a(lib_a-memchr-stub.o)
                0x0000000000004a1c                memchr
 .text.memset   0x0000000000004aa8       0x94 /usr/local/mcuxpressoide-10.3.1_2233/ide/plugins/com.nxp.mcuxpresso.tools.linux_10.3.0.201811011841/tools/bin/../lib/gcc/arm-none-eabi/7.3.1/../../../../arm-none-eabi/lib/thumb/v7-m/libc.a(lib_a-memset.o)
                0x0000000000004aa8                memset
 .text.__malloc_lock
                0x0000000000004b3c        0xc /usr/local/mcuxpressoide-10.3.1_2233/ide/plugins/com.nxp.mcuxpresso.tools.linux_10.3.0.201811011841/tools/bin/../lib/gcc/arm-none-eabi/7.3.1/../../../../arm-none-eabi/lib/thumb/v7-m/libc.a(lib_a-mlock.o)
                0x0000000000004b3c                __malloc_lock
 .text.__malloc_unlock
                0x0000000000004b48        0xc /usr/local/mcuxpressoide-10.3.1_2233/ide/plugins/com.nxp.mcuxpresso.tools.linux_10.3.0.201811011841/tools/bin/../lib/gcc/arm-none-eabi/7.3.1/../../../../arm-none-eabi/lib/thumb/v7-m/libc.a(lib_a-mlock.o)
                0x0000000000004b48                __malloc_unlock
 .text._Balloc  0x0000000000004b54       0x4c /usr/local/mcuxpressoide-10.3.1_2233/ide/plugins/com.nxp.mcuxpresso.tools.linux_10.3.0.201811011841/tools/bin/../lib/gcc/arm-none-eabi/7.3.1/../../../../arm-none-eabi/lib/thumb/v7-m/libc.a(lib_a-mprec.o)
                0x0000000000004b54                _Balloc
 .text._Bfree   0x0000000000004ba0       0x14 /usr/local/mcuxpressoide-10.3.1_2233/ide/plugins/com.nxp.mcuxpresso.tools.linux_10.3.0.201811011841/tools/bin/../lib/gcc/arm-none-eabi/7.3.1/../../../../arm-none-eabi/lib/thumb/v7-m/libc.a(lib_a-mprec.o)
                0x0000000000004ba0                _Bfree
 .text.__multadd
                0x0000000000004bb4       0x84 /usr/local/mcuxpressoide-10.3.1_2233/ide/plugins/com.nxp.mcuxpresso.tools.linux_10.3.0.201811011841/tools/bin/../lib/gcc/arm-none-eabi/7.3.1/../../../../arm-none-eabi/lib/thumb/v7-m/libc.a(lib_a-mprec.o)
                0x0000000000004bb4                __multadd
 .text.__hi0bits
                0x0000000000004c38       0x40 /usr/local/mcuxpressoide-10.3.1_2233/ide/plugins/com.nxp.mcuxpresso.tools.linux_10.3.0.201811011841/tools/bin/../lib/gcc/arm-none-eabi/7.3.1/../../../../arm-none-eabi/lib/thumb/v7-m/libc.a(lib_a-mprec.o)
                0x0000000000004c38                __hi0bits
 .text.__lo0bits
                0x0000000000004c78       0x60 /usr/local/mcuxpressoide-10.3.1_2233/ide/plugins/com.nxp.mcuxpresso.tools.linux_10.3.0.201811011841/tools/bin/../lib/gcc/arm-none-eabi/7.3.1/../../../../arm-none-eabi/lib/thumb/v7-m/libc.a(lib_a-mprec.o)
                0x0000000000004c78                __lo0bits
 .text.__i2b    0x0000000000004cd8       0x14 /usr/local/mcuxpressoide-10.3.1_2233/ide/plugins/com.nxp.mcuxpresso.tools.linux_10.3.0.201811011841/tools/bin/../lib/gcc/arm-none-eabi/7.3.1/../../../../arm-none-eabi/lib/thumb/v7-m/libc.a(lib_a-mprec.o)
                0x0000000000004cd8                __i2b
 .text.__multiply
                0x0000000000004cec      0x14c /usr/local/mcuxpressoide-10.3.1_2233/ide/plugins/com.nxp.mcuxpresso.tools.linux_10.3.0.201811011841/tools/bin/../lib/gcc/arm-none-eabi/7.3.1/../../../../arm-none-eabi/lib/thumb/v7-m/libc.a(lib_a-mprec.o)
                0x0000000000004cec                __multiply
 .text.__pow5mult
                0x0000000000004e38       0xa0 /usr/local/mcuxpressoide-10.3.1_2233/ide/plugins/com.nxp.mcuxpresso.tools.linux_10.3.0.201811011841/tools/bin/../lib/gcc/arm-none-eabi/7.3.1/../../../../arm-none-eabi/lib/thumb/v7-m/libc.a(lib_a-mprec.o)
                0x0000000000004e38                __pow5mult
 .text.__lshift
                0x0000000000004ed8       0xb4 /usr/local/mcuxpressoide-10.3.1_2233/ide/plugins/com.nxp.mcuxpresso.tools.linux_10.3.0.201811011841/tools/bin/../lib/gcc/arm-none-eabi/7.3.1/../../../../arm-none-eabi/lib/thumb/v7-m/libc.a(lib_a-mprec.o)
                0x0000000000004ed8                __lshift
 .text.__mcmp   0x0000000000004f8c       0x38 /usr/local/mcuxpressoide-10.3.1_2233/ide/plugins/com.nxp.mcuxpresso.tools.linux_10.3.0.201811011841/tools/bin/../lib/gcc/arm-none-eabi/7.3.1/../../../../arm-none-eabi/lib/thumb/v7-m/libc.a(lib_a-mprec.o)
                0x0000000000004f8c                __mcmp
 .text.__mdiff  0x0000000000004fc4      0x100 /usr/local/mcuxpressoide-10.3.1_2233/ide/plugins/com.nxp.mcuxpresso.tools.linux_10.3.0.201811011841/tools/bin/../lib/gcc/arm-none-eabi/7.3.1/../../../../arm-none-eabi/lib/thumb/v7-m/libc.a(lib_a-mprec.o)
                0x0000000000004fc4                __mdiff
 .text.__d2b    0x00000000000050c4       0xb0 /usr/local/mcuxpressoide-10.3.1_2233/ide/plugins/com.nxp.mcuxpresso.tools.linux_10.3.0.201811011841/tools/bin/../lib/gcc/arm-none-eabi/7.3.1/../../../../arm-none-eabi/lib/thumb/v7-m/libc.a(lib_a-mprec.o)
                0x00000000000050c4                __d2b
 .text.frexp    0x0000000000005174       0x64 /usr/local/mcuxpressoide-10.3.1_2233/ide/plugins/com.nxp.mcuxpresso.tools.linux_10.3.0.201811011841/tools/bin/../lib/gcc/arm-none-eabi/7.3.1/../../../../arm-none-eabi/lib/thumb/v7-m/libc.a(lib_a-s_frexp.o)
                0x0000000000005174                frexp
 .text._sbrk_r  0x00000000000051d8       0x24 /usr/local/mcuxpressoide-10.3.1_2233/ide/plugins/com.nxp.mcuxpresso.tools.linux_10.3.0.201811011841/tools/bin/../lib/gcc/arm-none-eabi/7.3.1/../../../../arm-none-eabi/lib/thumb/v7-m/libc.a(lib_a-sbrkr.o)
                0x00000000000051d8                _sbrk_r
 .text.__sread  0x00000000000051fc       0x24 /usr/local/mcuxpressoide-10.3.1_2233/ide/plugins/com.nxp.mcuxpresso.tools.linux_10.3.0.201811011841/tools/bin/../lib/gcc/arm-none-eabi/7.3.1/../../../../arm-none-eabi/lib/thumb/v7-m/libc.a(lib_a-stdio.o)
                0x00000000000051fc                __sread
 .text.__swrite
                0x0000000000005220       0x3c /usr/local/mcuxpressoide-10.3.1_2233/ide/plugins/com.nxp.mcuxpresso.tools.linux_10.3.0.201811011841/tools/bin/../lib/gcc/arm-none-eabi/7.3.1/../../../../arm-none-eabi/lib/thumb/v7-m/libc.a(lib_a-stdio.o)
                0x0000000000005220                __swrite
 .text.__sseek  0x000000000000525c       0x20 /usr/local/mcuxpressoide-10.3.1_2233/ide/plugins/com.nxp.mcuxpresso.tools.linux_10.3.0.201811011841/tools/bin/../lib/gcc/arm-none-eabi/7.3.1/../../../../arm-none-eabi/lib/thumb/v7-m/libc.a(lib_a-stdio.o)
                0x000000000000525c                __sseek
 .text.__sclose
                0x000000000000527c        0x8 /usr/local/mcuxpressoide-10.3.1_2233/ide/plugins/com.nxp.mcuxpresso.tools.linux_10.3.0.201811011841/tools/bin/../lib/gcc/arm-none-eabi/7.3.1/../../../../arm-none-eabi/lib/thumb/v7-m/libc.a(lib_a-stdio.o)
                0x000000000000527c                __sclose
 .text.strlen   0x0000000000005284       0x5c /usr/local/mcuxpressoide-10.3.1_2233/ide/plugins/com.nxp.mcuxpresso.tools.linux_10.3.0.201811011841/tools/bin/../lib/gcc/arm-none-eabi/7.3.1/../../../../arm-none-eabi/lib/thumb/v7-m/libc.a(lib_a-strlen-stub.o)
                0x0000000000005284                strlen
 .text.strncpy  0x00000000000052e0       0x64 /usr/local/mcuxpressoide-10.3.1_2233/ide/plugins/com.nxp.mcuxpresso.tools.linux_10.3.0.201811011841/tools/bin/../lib/gcc/arm-none-eabi/7.3.1/../../../../arm-none-eabi/lib/thumb/v7-m/libc.a(lib_a-strncpy.o)
                0x00000000000052e0                strncpy
 .text.__sprint_r.part.0
                0x0000000000005344       0x78 /usr/local/mcuxpressoide-10.3.1_2233/ide/plugins/com.nxp.mcuxpresso.tools.linux_10.3.0.201811011841/tools/bin/../lib/gcc/arm-none-eabi/7.3.1/../../../../arm-none-eabi/lib/thumb/v7-m/libc.a(lib_a-vfiprintf.o)
 .text.__sprint_r
                0x00000000000053bc       0x14 /usr/local/mcuxpressoide-10.3.1_2233/ide/plugins/com.nxp.mcuxpresso.tools.linux_10.3.0.201811011841/tools/bin/../lib/gcc/arm-none-eabi/7.3.1/../../../../arm-none-eabi/lib/thumb/v7-m/libc.a(lib_a-vfiprintf.o)
                0x00000000000053bc                __sprint_r
 .text._write_r
                0x00000000000053d0       0x2c /usr/local/mcuxpressoide-10.3.1_2233/ide/plugins/com.nxp.mcuxpresso.tools.linux_10.3.0.201811011841/tools/bin/../lib/gcc/arm-none-eabi/7.3.1/../../../../arm-none-eabi/lib/thumb/v7-m/libc.a(lib_a-writer.o)
                0x00000000000053d0                _write_r
 .text._calloc_r
                0x00000000000053fc       0x6c /usr/local/mcuxpressoide-10.3.1_2233/ide/plugins/com.nxp.mcuxpresso.tools.linux_10.3.0.201811011841/tools/bin/../lib/gcc/arm-none-eabi/7.3.1/../../../../arm-none-eabi/lib/thumb/v7-m/libc.a(lib_a-callocr.o)
                0x00000000000053fc                _calloc_r
 .text._close_r
                0x0000000000005468       0x24 /usr/local/mcuxpressoide-10.3.1_2233/ide/plugins/com.nxp.mcuxpresso.tools.linux_10.3.0.201811011841/tools/bin/../lib/gcc/arm-none-eabi/7.3.1/../../../../arm-none-eabi/lib/thumb/v7-m/libc.a(lib_a-closer.o)
                0x0000000000005468                _close_r
 .text._fclose_r
                0x000000000000548c       0xd0 /usr/local/mcuxpressoide-10.3.1_2233/ide/plugins/com.nxp.mcuxpresso.tools.linux_10.3.0.201811011841/tools/bin/../lib/gcc/arm-none-eabi/7.3.1/../../../../arm-none-eabi/lib/thumb/v7-m/libc.a(lib_a-fclose.o)
                0x000000000000548c                _fclose_r
 .text.__fputwc
                0x000000000000555c       0x94 /usr/local/mcuxpressoide-10.3.1_2233/ide/plugins/com.nxp.mcuxpresso.tools.linux_10.3.0.201811011841/tools/bin/../lib/gcc/arm-none-eabi/7.3.1/../../../../arm-none-eabi/lib/thumb/v7-m/libc.a(lib_a-fputwc.o)
                0x000000000000555c                __fputwc
 .text._fputwc_r
                0x00000000000055f0       0x64 /usr/local/mcuxpressoide-10.3.1_2233/ide/plugins/com.nxp.mcuxpresso.tools.linux_10.3.0.201811011841/tools/bin/../lib/gcc/arm-none-eabi/7.3.1/../../../../arm-none-eabi/lib/thumb/v7-m/libc.a(lib_a-fputwc.o)
                0x00000000000055f0                _fputwc_r
 .text._fstat_r
                0x0000000000005654       0x28 /usr/local/mcuxpressoide-10.3.1_2233/ide/plugins/com.nxp.mcuxpresso.tools.linux_10.3.0.201811011841/tools/bin/../lib/gcc/arm-none-eabi/7.3.1/../../../../arm-none-eabi/lib/thumb/v7-m/libc.a(lib_a-fstatr.o)
                0x0000000000005654                _fstat_r
 .text.__sfvwrite_r
                0x000000000000567c      0x2f4 /usr/local/mcuxpressoide-10.3.1_2233/ide/plugins/com.nxp.mcuxpresso.tools.linux_10.3.0.201811011841/tools/bin/../lib/gcc/arm-none-eabi/7.3.1/../../../../arm-none-eabi/lib/thumb/v7-m/libc.a(lib_a-fvwrite.o)
                0x000000000000567c                __sfvwrite_r
 .text._isatty_r
                0x0000000000005970       0x24 /usr/local/mcuxpressoide-10.3.1_2233/ide/plugins/com.nxp.mcuxpresso.tools.linux_10.3.0.201811011841/tools/bin/../lib/gcc/arm-none-eabi/7.3.1/../../../../arm-none-eabi/lib/thumb/v7-m/libc.a(lib_a-isattyr.o)
                0x0000000000005970                _isatty_r
 .text.__locale_mb_cur_max
                0x0000000000005994       0x1c /usr/local/mcuxpressoide-10.3.1_2233/ide/plugins/com.nxp.mcuxpresso.tools.linux_10.3.0.201811011841/tools/bin/../lib/gcc/arm-none-eabi/7.3.1/../../../../arm-none-eabi/lib/thumb/v7-m/libc.a(lib_a-locale.o)
                0x0000000000005994                __locale_mb_cur_max
 .text._lseek_r
                0x00000000000059b0       0x2c /usr/local/mcuxpressoide-10.3.1_2233/ide/plugins/com.nxp.mcuxpresso.tools.linux_10.3.0.201811011841/tools/bin/../lib/gcc/arm-none-eabi/7.3.1/../../../../arm-none-eabi/lib/thumb/v7-m/libc.a(lib_a-lseekr.o)
                0x00000000000059b0                _lseek_r
 .text.__ascii_mbtowc
                0x00000000000059dc       0x2c /usr/local/mcuxpressoide-10.3.1_2233/ide/plugins/com.nxp.mcuxpresso.tools.linux_10.3.0.201811011841/tools/bin/../lib/gcc/arm-none-eabi/7.3.1/../../../../arm-none-eabi/lib/thumb/v7-m/libc.a(lib_a-mbtowc_r.o)
                0x00000000000059dc                __ascii_mbtowc
 .text.memmove  0x0000000000005a08       0xc4 /usr/local/mcuxpressoide-10.3.1_2233/ide/plugins/com.nxp.mcuxpresso.tools.linux_10.3.0.201811011841/tools/bin/../lib/gcc/arm-none-eabi/7.3.1/../../../../arm-none-eabi/lib/thumb/v7-m/libc.a(lib_a-memmove.o)
                0x0000000000005a08                memmove
 .text._read_r  0x0000000000005acc       0x2c /usr/local/mcuxpressoide-10.3.1_2233/ide/plugins/com.nxp.mcuxpresso.tools.linux_10.3.0.201811011841/tools/bin/../lib/gcc/arm-none-eabi/7.3.1/../../../../arm-none-eabi/lib/thumb/v7-m/libc.a(lib_a-readr.o)
                0x0000000000005acc                _read_r
 .text._realloc_r
                0x0000000000005af8      0x374 /usr/local/mcuxpressoide-10.3.1_2233/ide/plugins/com.nxp.mcuxpresso.tools.linux_10.3.0.201811011841/tools/bin/../lib/gcc/arm-none-eabi/7.3.1/../../../../arm-none-eabi/lib/thumb/v7-m/libc.a(lib_a-reallocr.o)
                0x0000000000005af8                _realloc_r
 .text.__swbuf_r
                0x0000000000005e6c       0xb0 /usr/local/mcuxpressoide-10.3.1_2233/ide/plugins/com.nxp.mcuxpresso.tools.linux_10.3.0.201811011841/tools/bin/../lib/gcc/arm-none-eabi/7.3.1/../../../../arm-none-eabi/lib/thumb/v7-m/libc.a(lib_a-wbuf.o)
                0x0000000000005e6c                __swbuf_r
 .text._wcrtomb_r
                0x0000000000005f1c       0x54 /usr/local/mcuxpressoide-10.3.1_2233/ide/plugins/com.nxp.mcuxpresso.tools.linux_10.3.0.201811011841/tools/bin/../lib/gcc/arm-none-eabi/7.3.1/../../../../arm-none-eabi/lib/thumb/v7-m/libc.a(lib_a-wcrtomb.o)
                0x0000000000005f1c                _wcrtomb_r
 .text.__ascii_wctomb
                0x0000000000005f70       0x18 /usr/local/mcuxpressoide-10.3.1_2233/ide/plugins/com.nxp.mcuxpresso.tools.linux_10.3.0.201811011841/tools/bin/../lib/gcc/arm-none-eabi/7.3.1/../../../../arm-none-eabi/lib/thumb/v7-m/libc.a(lib_a-wctomb_r.o)
                0x0000000000005f70                __ascii_wctomb
 .text._sbrk    0x0000000000005f88       0x3c /usr/local/mcuxpressoide-10.3.1_2233/ide/plugins/com.nxp.mcuxpresso.tools.linux_10.3.0.201811011841/tools/bin/../lib/gcc/arm-none-eabi/7.3.1/../../../../arm-none-eabi/lib/thumb/v7-m/libcr_newlib_semihost.a(_cr_sbrk.o)
                0x0000000000005f88                _sbrk
 .text.error    0x0000000000005fc4       0x1c /usr/local/mcuxpressoide-10.3.1_2233/ide/plugins/com.nxp.mcuxpresso.tools.linux_10.3.0.201811011841/tools/bin/../lib/gcc/arm-none-eabi/7.3.1/../../../../arm-none-eabi/lib/thumb/v7-m/libcr_newlib_semihost.a(syscalls.o)
 .text.initialise_monitor_handles.part.0
                0x0000000000005fe0       0xa4 /usr/local/mcuxpressoide-10.3.1_2233/ide/plugins/com.nxp.mcuxpresso.tools.linux_10.3.0.201811011841/tools/bin/../lib/gcc/arm-none-eabi/7.3.1/../../../../arm-none-eabi/lib/thumb/v7-m/libcr_newlib_semihost.a(syscalls.o)
 .text.checkerror
                0x0000000000006084       0x20 /usr/local/mcuxpressoide-10.3.1_2233/ide/plugins/com.nxp.mcuxpresso.tools.linux_10.3.0.201811011841/tools/bin/../lib/gcc/arm-none-eabi/7.3.1/../../../../arm-none-eabi/lib/thumb/v7-m/libcr_newlib_semihost.a(syscalls.o)
 .text.findslot
                0x00000000000060a4       0x30 /usr/local/mcuxpressoide-10.3.1_2233/ide/plugins/com.nxp.mcuxpresso.tools.linux_10.3.0.201811011841/tools/bin/../lib/gcc/arm-none-eabi/7.3.1/../../../../arm-none-eabi/lib/thumb/v7-m/libcr_newlib_semihost.a(syscalls.o)
 .text._swiread
                0x00000000000060d4       0x20 /usr/local/mcuxpressoide-10.3.1_2233/ide/plugins/com.nxp.mcuxpresso.tools.linux_10.3.0.201811011841/tools/bin/../lib/gcc/arm-none-eabi/7.3.1/../../../../arm-none-eabi/lib/thumb/v7-m/libcr_newlib_semihost.a(syscalls.o)
                0x00000000000060d4                _swiread
 .text._read    0x00000000000060f4       0x34 /usr/local/mcuxpressoide-10.3.1_2233/ide/plugins/com.nxp.mcuxpresso.tools.linux_10.3.0.201811011841/tools/bin/../lib/gcc/arm-none-eabi/7.3.1/../../../../arm-none-eabi/lib/thumb/v7-m/libcr_newlib_semihost.a(syscalls.o)
                0x00000000000060f4                _read
 .text._swilseek
                0x0000000000006128       0x7a /usr/local/mcuxpressoide-10.3.1_2233/ide/plugins/com.nxp.mcuxpresso.tools.linux_10.3.0.201811011841/tools/bin/../lib/gcc/arm-none-eabi/7.3.1/../../../../arm-none-eabi/lib/thumb/v7-m/libcr_newlib_semihost.a(syscalls.o)
                0x0000000000006128                _swilseek
 .text._lseek   0x00000000000061a2        0x4 /usr/local/mcuxpressoide-10.3.1_2233/ide/plugins/com.nxp.mcuxpresso.tools.linux_10.3.0.201811011841/tools/bin/../lib/gcc/arm-none-eabi/7.3.1/../../../../arm-none-eabi/lib/thumb/v7-m/libcr_newlib_semihost.a(syscalls.o)
                0x00000000000061a2                _lseek
 .text._swiwrite
                0x00000000000061a6       0x20 /usr/local/mcuxpressoide-10.3.1_2233/ide/plugins/com.nxp.mcuxpresso.tools.linux_10.3.0.201811011841/tools/bin/../lib/gcc/arm-none-eabi/7.3.1/../../../../arm-none-eabi/lib/thumb/v7-m/libcr_newlib_semihost.a(syscalls.o)
                0x00000000000061a6                _swiwrite
 .text._write   0x00000000000061c6       0x40 /usr/local/mcuxpressoide-10.3.1_2233/ide/plugins/com.nxp.mcuxpresso.tools.linux_10.3.0.201811011841/tools/bin/../lib/gcc/arm-none-eabi/7.3.1/../../../../arm-none-eabi/lib/thumb/v7-m/libcr_newlib_semihost.a(syscalls.o)
                0x00000000000061c6                _write
 .text._swiclose
                0x0000000000006206       0x1c /usr/local/mcuxpressoide-10.3.1_2233/ide/plugins/com.nxp.mcuxpresso.tools.linux_10.3.0.201811011841/tools/bin/../lib/gcc/arm-none-eabi/7.3.1/../../../../arm-none-eabi/lib/thumb/v7-m/libcr_newlib_semihost.a(syscalls.o)
                0x0000000000006206                _swiclose
 *fill*         0x0000000000006222        0x2 ff
 .text._close   0x0000000000006224       0x4c /usr/local/mcuxpressoide-10.3.1_2233/ide/plugins/com.nxp.mcuxpresso.tools.linux_10.3.0.201811011841/tools/bin/../lib/gcc/arm-none-eabi/7.3.1/../../../../arm-none-eabi/lib/thumb/v7-m/libcr_newlib_semihost.a(syscalls.o)
                0x0000000000006224                _close
 .text._swistat
                0x0000000000006270       0x42 /usr/local/mcuxpressoide-10.3.1_2233/ide/plugins/com.nxp.mcuxpresso.tools.linux_10.3.0.201811011841/tools/bin/../lib/gcc/arm-none-eabi/7.3.1/../../../../arm-none-eabi/lib/thumb/v7-m/libcr_newlib_semihost.a(syscalls.o)
                0x0000000000006270                _swistat
 .text._fstat   0x00000000000062b2       0x1c /usr/local/mcuxpressoide-10.3.1_2233/ide/plugins/com.nxp.mcuxpresso.tools.linux_10.3.0.201811011841/tools/bin/../lib/gcc/arm-none-eabi/7.3.1/../../../../arm-none-eabi/lib/thumb/v7-m/libcr_newlib_semihost.a(syscalls.o)
                0x00000000000062b2                _fstat
 .text._isatty  0x00000000000062ce       0x2a /usr/local/mcuxpressoide-10.3.1_2233/ide/plugins/com.nxp.mcuxpresso.tools.linux_10.3.0.201811011841/tools/bin/../lib/gcc/arm-none-eabi/7.3.1/../../../../arm-none-eabi/lib/thumb/v7-m/libcr_newlib_semihost.a(syscalls.o)
                0x00000000000062ce                _isatty
 .text.__check_heap_overflow
                0x00000000000062f8       0x18 /usr/local/mcuxpressoide-10.3.1_2233/ide/plugins/com.nxp.mcuxpresso.tools.linux_10.3.0.201811011841/tools/bin/../lib/gcc/arm-none-eabi/7.3.1/../../../../arm-none-eabi/lib/thumb/v7-m/libcr_newlib_semihost.a(_cr_check_heap.o)
                0x00000000000062f8                __check_heap_overflow
 .text          0x0000000000006310      0x378 /usr/local/mcuxpressoide-10.3.1_2233/ide/plugins/com.nxp.mcuxpresso.tools.linux_10.3.0.201811011841/tools/bin/../lib/gcc/arm-none-eabi/7.3.1/thumb/v7-m/libgcc.a(_arm_addsubdf3.o)
                0x0000000000006310                __aeabi_drsub
                0x0000000000006318                __aeabi_dsub
                0x0000000000006318                __subdf3
                0x000000000000631c                __adddf3
                0x000000000000631c                __aeabi_dadd
                0x0000000000006594                __aeabi_ui2d
                0x0000000000006594                __floatunsidf
                0x00000000000065b4                __floatsidf
                0x00000000000065b4                __aeabi_i2d
                0x00000000000065d8                __extendsfdf2
                0x00000000000065d8                __aeabi_f2d
                0x000000000000661c                __aeabi_ul2d
                0x000000000000661c                __floatundidf
                0x000000000000662c                __floatdidf
                0x000000000000662c                __aeabi_l2d
 .text          0x0000000000006688      0x424 /usr/local/mcuxpressoide-10.3.1_2233/ide/plugins/com.nxp.mcuxpresso.tools.linux_10.3.0.201811011841/tools/bin/../lib/gcc/arm-none-eabi/7.3.1/thumb/v7-m/libgcc.a(_arm_muldivdf3.o)
                0x0000000000006688                __aeabi_dmul
                0x0000000000006688                __muldf3
                0x00000000000068dc                __aeabi_ddiv
                0x00000000000068dc                __divdf3
 .text          0x0000000000006aac      0x110 /usr/local/mcuxpressoide-10.3.1_2233/ide/plugins/com.nxp.mcuxpresso.tools.linux_10.3.0.201811011841/tools/bin/../lib/gcc/arm-none-eabi/7.3.1/thumb/v7-m/libgcc.a(_arm_cmpdf2.o)
                0x0000000000006aac                __gtdf2
                0x0000000000006aac                __gedf2
                0x0000000000006ab4                __ltdf2
                0x0000000000006ab4                __ledf2
                0x0000000000006abc                __cmpdf2
                0x0000000000006abc                __eqdf2
                0x0000000000006abc                __nedf2
                0x0000000000006b38                __aeabi_cdrcmple
                0x0000000000006b48                __aeabi_cdcmple
                0x0000000000006b48                __aeabi_cdcmpeq
                0x0000000000006b58                __aeabi_dcmpeq
                0x0000000000006b6c                __aeabi_dcmplt
                0x0000000000006b80                __aeabi_dcmple
                0x0000000000006b94                __aeabi_dcmpge
                0x0000000000006ba8                __aeabi_dcmpgt
 .text          0x0000000000006bbc       0x2c /usr/local/mcuxpressoide-10.3.1_2233/ide/plugins/com.nxp.mcuxpresso.tools.linux_10.3.0.201811011841/tools/bin/../lib/gcc/arm-none-eabi/7.3.1/thumb/v7-m/libgcc.a(_arm_unorddf2.o)
                0x0000000000006bbc                __aeabi_dcmpun
                0x0000000000006bbc                __unorddf2
 .text          0x0000000000006be8       0x50 /usr/local/mcuxpressoide-10.3.1_2233/ide/plugins/com.nxp.mcuxpresso.tools.linux_10.3.0.201811011841/tools/bin/../lib/gcc/arm-none-eabi/7.3.1/thumb/v7-m/libgcc.a(_arm_fixdfsi.o)
                0x0000000000006be8                __fixdfsi
                0x0000000000006be8                __aeabi_d2iz
 .text.__errno  0x0000000000006c38        0xc /usr/local/mcuxpressoide-10.3.1_2233/ide/plugins/com.nxp.mcuxpresso.tools.linux_10.3.0.201811011841/tools/bin/../lib/gcc/arm-none-eabi/7.3.1/../../../../arm-none-eabi/lib/thumb/v7-m/libc.a(lib_a-errno.o)
                0x0000000000006c38                __errno
 *(.rodata .rodata.* .constdata .constdata.*)
 .rodata        0x0000000000006c44        0x4 ./example/src/timer.o
 .rodata.OscRateIn
                0x0000000000006c48        0x4 /home/jibin/Desktop/jibin/myWorks/mcuXpresso/lpc_board_nxp_lpcxpresso_1769/Debug/liblpc_board_nxp_lpcxpresso_1769.a(board.o)
                0x0000000000006c48                OscRateIn
 .rodata.RTCOscRateIn
                0x0000000000006c4c        0x4 /home/jibin/Desktop/jibin/myWorks/mcuXpresso/lpc_board_nxp_lpcxpresso_1769/Debug/liblpc_board_nxp_lpcxpresso_1769.a(board.o)
                0x0000000000006c4c                RTCOscRateIn
 .rodata.pinmuxing
                0x0000000000006c50       0x5c /home/jibin/Desktop/jibin/myWorks/mcuXpresso/lpc_board_nxp_lpcxpresso_1769/Debug/liblpc_board_nxp_lpcxpresso_1769.a(board_sysinit.o)
 .rodata._vfprintf_r.str1.4
                0x0000000000006cac       0x42 /usr/local/mcuxpressoide-10.3.1_2233/ide/plugins/com.nxp.mcuxpresso.tools.linux_10.3.0.201811011841/tools/bin/../lib/gcc/arm-none-eabi/7.3.1/../../../../arm-none-eabi/lib/thumb/v7-m/libc.a(lib_a-vfprintf.o)
 *fill*         0x0000000000006cee        0x2 ff
 .rodata.blanks.7330
                0x0000000000006cf0       0x10 /usr/local/mcuxpressoide-10.3.1_2233/ide/plugins/com.nxp.mcuxpresso.tools.linux_10.3.0.201811011841/tools/bin/../lib/gcc/arm-none-eabi/7.3.1/../../../../arm-none-eabi/lib/thumb/v7-m/libc.a(lib_a-vfprintf.o)
 .rodata.zeroes.7331
                0x0000000000006d00       0x10 /usr/local/mcuxpressoide-10.3.1_2233/ide/plugins/com.nxp.mcuxpresso.tools.linux_10.3.0.201811011841/tools/bin/../lib/gcc/arm-none-eabi/7.3.1/../../../../arm-none-eabi/lib/thumb/v7-m/libc.a(lib_a-vfprintf.o)
 .rodata._dtoa_r.str1.4
                0x0000000000006d10       0x10 /usr/local/mcuxpressoide-10.3.1_2233/ide/plugins/com.nxp.mcuxpresso.tools.linux_10.3.0.201811011841/tools/bin/../lib/gcc/arm-none-eabi/7.3.1/../../../../arm-none-eabi/lib/thumb/v7-m/libc.a(lib_a-dtoa.o)
                                         0x12 (size before relaxing)
 .rodata.__mprec_bigtens
                0x0000000000006d20       0x28 /usr/local/mcuxpressoide-10.3.1_2233/ide/plugins/com.nxp.mcuxpresso.tools.linux_10.3.0.201811011841/tools/bin/../lib/gcc/arm-none-eabi/7.3.1/../../../../arm-none-eabi/lib/thumb/v7-m/libc.a(lib_a-mprec.o)
                0x0000000000006d20                __mprec_bigtens
 .rodata.__mprec_tens
                0x0000000000006d48       0xc8 /usr/local/mcuxpressoide-10.3.1_2233/ide/plugins/com.nxp.mcuxpresso.tools.linux_10.3.0.201811011841/tools/bin/../lib/gcc/arm-none-eabi/7.3.1/../../../../arm-none-eabi/lib/thumb/v7-m/libc.a(lib_a-mprec.o)
                0x0000000000006d48                __mprec_tens
 .rodata.p05.6092
                0x0000000000006e10        0xc /usr/local/mcuxpressoide-10.3.1_2233/ide/plugins/com.nxp.mcuxpresso.tools.linux_10.3.0.201811011841/tools/bin/../lib/gcc/arm-none-eabi/7.3.1/../../../../arm-none-eabi/lib/thumb/v7-m/libc.a(lib_a-mprec.o)
 .rodata._setlocale_r.str1.4
                0x0000000000006e1c        0xa /usr/local/mcuxpressoide-10.3.1_2233/ide/plugins/com.nxp.mcuxpresso.tools.linux_10.3.0.201811011841/tools/bin/../lib/gcc/arm-none-eabi/7.3.1/../../../../arm-none-eabi/lib/thumb/v7-m/libc.a(lib_a-locale.o)
                                          0xd (size before relaxing)
 *fill*         0x0000000000006e26        0x2 ff
 .rodata.str1.4
                0x0000000000006e28        0x4 /usr/local/mcuxpressoide-10.3.1_2233/ide/plugins/com.nxp.mcuxpresso.tools.linux_10.3.0.201811011841/tools/bin/../lib/gcc/arm-none-eabi/7.3.1/../../../../arm-none-eabi/lib/thumb/v7-m/libc.a(lib_a-locale.o)
                                          0x2 (size before relaxing)
 .rodata._ctype_
                0x0000000000006e2c      0x101 /usr/local/mcuxpressoide-10.3.1_2233/ide/plugins/com.nxp.mcuxpresso.tools.linux_10.3.0.201811011841/tools/bin/../lib/gcc/arm-none-eabi/7.3.1/../../../../arm-none-eabi/lib/thumb/v7-m/libc.a(lib_a-ctype_.o)
                0x0000000000006e2c                _ctype_
 .rodata.initialise_monitor_handles.part.0.str1.1
                0x0000000000006f2d        0x4 /usr/local/mcuxpressoide-10.3.1_2233/ide/plugins/com.nxp.mcuxpresso.tools.linux_10.3.0.201811011841/tools/bin/../lib/gcc/arm-none-eabi/7.3.1/../../../../arm-none-eabi/lib/thumb/v7-m/libcr_newlib_semihost.a(syscalls.o)
                0x0000000000006f34                . = ALIGN (0x4)
 *fill*         0x0000000000006f31        0x3 ff

.glue_7         0x0000000000006f34        0x0
 .glue_7        0x0000000000006f34        0x0 linker stubs

.glue_7t        0x0000000000006f34        0x0
 .glue_7t       0x0000000000006f34        0x0 linker stubs

.vfp11_veneer   0x0000000000006f34        0x0
 .vfp11_veneer  0x0000000000006f34        0x0 linker stubs

.v4_bx          0x0000000000006f34        0x0
 .v4_bx         0x0000000000006f34        0x0 linker stubs

.iplt           0x0000000000006f34        0x0
 .iplt          0x0000000000006f34        0x0 ./example/src/cr_startup_lpc175x_6x.o

.ARM.extab
 *(.ARM.extab* .gnu.linkonce.armextab.*)
                0x0000000000006f34                __exidx_start = .

.ARM.exidx      0x0000000000006f34        0x8
 *(.ARM.exidx* .gnu.linkonce.armexidx.*)
 .ARM.exidx     0x0000000000006f34        0x8 /usr/local/mcuxpressoide-10.3.1_2233/ide/plugins/com.nxp.mcuxpresso.tools.linux_10.3.0.201811011841/tools/bin/../lib/gcc/arm-none-eabi/7.3.1/thumb/v7-m/libgcc.a(_udivmoddi4.o)
                0x0000000000006f3c                __exidx_end = .
                0x0000000000006f3c                _etext = .

.rel.dyn        0x0000000000006f3c        0x0
 .rel.iplt      0x0000000000006f3c        0x0 ./example/src/cr_startup_lpc175x_6x.o

.data_RAM2      0x000000002007c000        0x0 load address 0x0000000000006f3c
 FILL mask 0xff
                [!provide]                        PROVIDE (__start_data_RAM2 = .)
 *(.ramfunc.$RAM2)
 *(.ramfunc.$RamAHB32)
 *(.data.$RAM2*)
 *(.data.$RamAHB32*)
                0x000000002007c000                . = ALIGN (0x4)
                [!provide]                        PROVIDE (__end_data_RAM2 = .)

.uninit_RESERVED
                0x0000000010000000        0x0
 *(.bss.$RESERVED*)
                0x0000000010000000                . = ALIGN (0x4)
                0x0000000010000000                _end_uninit_RESERVED = .

.data           0x0000000010000000      0x9ac load address 0x0000000000006f3c
 FILL mask 0xff
                0x0000000010000000                _data = .
 *(vtable)
 *(.ramfunc*)
 *(.data*)
 .data._impure_ptr
                0x0000000010000000        0x4 /usr/local/mcuxpressoide-10.3.1_2233/ide/plugins/com.nxp.mcuxpresso.tools.linux_10.3.0.201811011841/tools/bin/../lib/gcc/arm-none-eabi/7.3.1/../../../../arm-none-eabi/lib/thumb/v7-m/libc.a(lib_a-impure.o)
                0x0000000010000000                _impure_ptr
 *fill*         0x0000000010000004        0x4 ff
 .data.impure_data
                0x0000000010000008      0x428 /usr/local/mcuxpressoide-10.3.1_2233/ide/plugins/com.nxp.mcuxpresso.tools.linux_10.3.0.201811011841/tools/bin/../lib/gcc/arm-none-eabi/7.3.1/../../../../arm-none-eabi/lib/thumb/v7-m/libc.a(lib_a-impure.o)
 .data.__malloc_av_
                0x0000000010000430      0x408 /usr/local/mcuxpressoide-10.3.1_2233/ide/plugins/com.nxp.mcuxpresso.tools.linux_10.3.0.201811011841/tools/bin/../lib/gcc/arm-none-eabi/7.3.1/../../../../arm-none-eabi/lib/thumb/v7-m/libc.a(lib_a-mallocr.o)
                0x0000000010000430                __malloc_av_
 .data.__malloc_sbrk_base
                0x0000000010000838        0x4 /usr/local/mcuxpressoide-10.3.1_2233/ide/plugins/com.nxp.mcuxpresso.tools.linux_10.3.0.201811011841/tools/bin/../lib/gcc/arm-none-eabi/7.3.1/../../../../arm-none-eabi/lib/thumb/v7-m/libc.a(lib_a-mallocr.o)
                0x0000000010000838                __malloc_sbrk_base
 .data.__malloc_trim_threshold
                0x000000001000083c        0x4 /usr/local/mcuxpressoide-10.3.1_2233/ide/plugins/com.nxp.mcuxpresso.tools.linux_10.3.0.201811011841/tools/bin/../lib/gcc/arm-none-eabi/7.3.1/../../../../arm-none-eabi/lib/thumb/v7-m/libc.a(lib_a-mallocr.o)
                0x000000001000083c                __malloc_trim_threshold
 .data.__global_locale
                0x0000000010000840      0x16c /usr/local/mcuxpressoide-10.3.1_2233/ide/plugins/com.nxp.mcuxpresso.tools.linux_10.3.0.201811011841/tools/bin/../lib/gcc/arm-none-eabi/7.3.1/../../../../arm-none-eabi/lib/thumb/v7-m/libc.a(lib_a-locale.o)
                0x0000000010000840                __global_locale
                0x00000000100009ac                . = ALIGN (0x4)
                0x00000000100009ac                _edata = .

.igot.plt       0x00000000100009ac        0x0 load address 0x00000000000078e8
 .igot.plt      0x00000000100009ac        0x0 ./example/src/cr_startup_lpc175x_6x.o

.bss_RAM2       0x000000002007c000        0x0
                [!provide]                        PROVIDE (__start_bss_RAM2 = .)
 *(.bss.$RAM2*)
 *(.bss.$RamAHB32*)
                0x000000002007c000                . = ALIGN ((. != 0x0)?0x4:0x1)
                [!provide]                        PROVIDE (__end_bss_RAM2 = .)

.bss            0x00000000100009ac       0x9c
                0x00000000100009ac                _bss = .
 *(.bss*)
 .bss.__malloc_current_mallinfo
                0x00000000100009ac       0x28 /usr/local/mcuxpressoide-10.3.1_2233/ide/plugins/com.nxp.mcuxpresso.tools.linux_10.3.0.201811011841/tools/bin/../lib/gcc/arm-none-eabi/7.3.1/../../../../arm-none-eabi/lib/thumb/v7-m/libc.a(lib_a-mallocr.o)
                0x00000000100009ac                __malloc_current_mallinfo
 .bss.__malloc_max_sbrked_mem
                0x00000000100009d4        0x4 /usr/local/mcuxpressoide-10.3.1_2233/ide/plugins/com.nxp.mcuxpresso.tools.linux_10.3.0.201811011841/tools/bin/../lib/gcc/arm-none-eabi/7.3.1/../../../../arm-none-eabi/lib/thumb/v7-m/libc.a(lib_a-mallocr.o)
                0x00000000100009d4                __malloc_max_sbrked_mem
 .bss.__malloc_max_total_mem
                0x00000000100009d8        0x4 /usr/local/mcuxpressoide-10.3.1_2233/ide/plugins/com.nxp.mcuxpresso.tools.linux_10.3.0.201811011841/tools/bin/../lib/gcc/arm-none-eabi/7.3.1/../../../../arm-none-eabi/lib/thumb/v7-m/libc.a(lib_a-mallocr.o)
                0x00000000100009d8                __malloc_max_total_mem
 .bss.__malloc_top_pad
                0x00000000100009dc        0x4 /usr/local/mcuxpressoide-10.3.1_2233/ide/plugins/com.nxp.mcuxpresso.tools.linux_10.3.0.201811011841/tools/bin/../lib/gcc/arm-none-eabi/7.3.1/../../../../arm-none-eabi/lib/thumb/v7-m/libc.a(lib_a-mallocr.o)
                0x00000000100009dc                __malloc_top_pad
 .bss.__end_of_heap
                0x00000000100009e0        0x4 /usr/local/mcuxpressoide-10.3.1_2233/ide/plugins/com.nxp.mcuxpresso.tools.linux_10.3.0.201811011841/tools/bin/../lib/gcc/arm-none-eabi/7.3.1/../../../../arm-none-eabi/lib/thumb/v7-m/libcr_newlib_semihost.a(_cr_sbrk.o)
                0x00000000100009e0                __end_of_heap
 .bss.initialized.5662
                0x00000000100009e4        0x4 /usr/local/mcuxpressoide-10.3.1_2233/ide/plugins/com.nxp.mcuxpresso.tools.linux_10.3.0.201811011841/tools/bin/../lib/gcc/arm-none-eabi/7.3.1/../../../../arm-none-eabi/lib/thumb/v7-m/libcr_newlib_semihost.a(syscalls.o)
 .bss.monitor_stderr
                0x00000000100009e8        0x4 /usr/local/mcuxpressoide-10.3.1_2233/ide/plugins/com.nxp.mcuxpresso.tools.linux_10.3.0.201811011841/tools/bin/../lib/gcc/arm-none-eabi/7.3.1/../../../../arm-none-eabi/lib/thumb/v7-m/libcr_newlib_semihost.a(syscalls.o)
 .bss.monitor_stdin
                0x00000000100009ec        0x4 /usr/local/mcuxpressoide-10.3.1_2233/ide/plugins/com.nxp.mcuxpresso.tools.linux_10.3.0.201811011841/tools/bin/../lib/gcc/arm-none-eabi/7.3.1/../../../../arm-none-eabi/lib/thumb/v7-m/libcr_newlib_semihost.a(syscalls.o)
 .bss.monitor_stdout
                0x00000000100009f0        0x4 /usr/local/mcuxpressoide-10.3.1_2233/ide/plugins/com.nxp.mcuxpresso.tools.linux_10.3.0.201811011841/tools/bin/../lib/gcc/arm-none-eabi/7.3.1/../../../../arm-none-eabi/lib/thumb/v7-m/libcr_newlib_semihost.a(syscalls.o)
 .bss.openfiles
                0x00000000100009f4       0x28 /usr/local/mcuxpressoide-10.3.1_2233/ide/plugins/com.nxp.mcuxpresso.tools.linux_10.3.0.201811011841/tools/bin/../lib/gcc/arm-none-eabi/7.3.1/../../../../arm-none-eabi/lib/thumb/v7-m/libcr_newlib_semihost.a(syscalls.o)
 *(COMMON)
 COMMON         0x0000000010000a1c        0x4 /home/jibin/Desktop/jibin/myWorks/mcuXpresso/lpc_chip_175x_6x/Debug/liblpc_chip_175x_6x.a(chip_17xx_40xx.o)
                0x0000000010000a1c                SystemCoreClock
 COMMON         0x0000000010000a20       0x21 /usr/local/mcuxpressoide-10.3.1_2233/ide/plugins/com.nxp.mcuxpresso.tools.linux_10.3.0.201811011841/tools/bin/../lib/gcc/arm-none-eabi/7.3.1/../../../../arm-none-eabi/lib/thumb/v7-m/libc.a(lib_a-lock.o)
                0x0000000010000a20                __lock___atexit_recursive_mutex
                0x0000000010000a24                __lock___arc4random_mutex
                0x0000000010000a28                __lock___env_recursive_mutex
                0x0000000010000a2c                __lock___sinit_recursive_mutex
                0x0000000010000a30                __lock___malloc_recursive_mutex
                0x0000000010000a34                __lock___at_quick_exit_mutex
                0x0000000010000a38                __lock___dd_hash_mutex
                0x0000000010000a3c                __lock___tz_mutex
                0x0000000010000a40                __lock___sfp_recursive_mutex
 *fill*         0x0000000010000a41        0x3 
 COMMON         0x0000000010000a44        0x4 /usr/local/mcuxpressoide-10.3.1_2233/ide/plugins/com.nxp.mcuxpresso.tools.linux_10.3.0.201811011841/tools/bin/../lib/gcc/arm-none-eabi/7.3.1/../../../../arm-none-eabi/lib/thumb/v7-m/libc.a(lib_a-reent.o)
                0x0000000010000a44                errno
                0x0000000010000a48                . = ALIGN (0x4)
                0x0000000010000a48                _ebss = .
                [!provide]                        PROVIDE (end = .)

.noinit_RAM2    0x000000002007c000        0x0
 *(.noinit.$RAM2*)
 *(.noinit.$RamAHB32*)
                0x000000002007c000                . = ALIGN (0x4)

.noinit         0x0000000010000a48        0x0
                0x0000000010000a48                _noinit = .
 *(.noinit*)
                0x0000000010000a48                . = ALIGN (0x4)
                0x0000000010000a48                _end_noinit = .
                0x0000000010000a48                PROVIDE (_pvHeapStart = DEFINED (__user_heap_base)?__user_heap_base:.)
                0x0000000010008000                PROVIDE (_vStackTop = DEFINED (__user_stack_top)?__user_stack_top:(__top_RamLoc32 - 0x0))
                [!provide]                        PROVIDE (__valid_user_code_checksum = (0x0 - ((((((_vStackTop + (ResetISR + 0x1)) + (NMI_Handler + 0x1)) + (HardFault_Handler + 0x1)) + (DEFINED (MemManage_Handler)?MemManage_Handler:0x0 + 0x1)) + (DEFINED (BusFault_Handler)?BusFault_Handler:0x0 + 0x1)) + (DEFINED (UsageFault_Handler)?UsageFault_Handler:0x0 + 0x1))))
                0x0000000000000000                _image_start = LOADADDR (.text)
                0x00000000000078e8                _image_end = (LOADADDR (.data) + SIZEOF (.data))
                0x00000000000078e8                _image_size = (_image_end - _image_start)
OUTPUT(periph_timer.axf elf32-littlearm)

.debug_info     0x0000000000000000     0x520c
 .debug_info    0x0000000000000000      0x251 ./example/src/cr_startup_lpc175x_6x.o
 .debug_info    0x0000000000000251      0x934 ./example/src/sysinit.o
 .debug_info    0x0000000000000b85      0xe72 ./example/src/timer.o
 .debug_info    0x00000000000019f7     0x149b /home/jibin/Desktop/jibin/myWorks/mcuXpresso/lpc_board_nxp_lpcxpresso_1769/Debug/liblpc_board_nxp_lpcxpresso_1769.a(board.o)
 .debug_info    0x0000000000002e92      0x6c3 /home/jibin/Desktop/jibin/myWorks/mcuXpresso/lpc_board_nxp_lpcxpresso_1769/Debug/liblpc_board_nxp_lpcxpresso_1769.a(board_sysinit.o)
 .debug_info    0x0000000000003555      0x558 /home/jibin/Desktop/jibin/myWorks/mcuXpresso/lpc_chip_175x_6x/Debug/liblpc_chip_175x_6x.a(chip_17xx_40xx.o)
 .debug_info    0x0000000000003aad      0xba2 /home/jibin/Desktop/jibin/myWorks/mcuXpresso/lpc_chip_175x_6x/Debug/liblpc_chip_175x_6x.a(clock_17xx_40xx.o)
 .debug_info    0x000000000000464f      0x31e /home/jibin/Desktop/jibin/myWorks/mcuXpresso/lpc_chip_175x_6x/Debug/liblpc_chip_175x_6x.a(iocon_17xx_40xx.o)
 .debug_info    0x000000000000496d      0x474 /home/jibin/Desktop/jibin/myWorks/mcuXpresso/lpc_chip_175x_6x/Debug/liblpc_chip_175x_6x.a(sysinit_17xx_40xx.o)
 .debug_info    0x0000000000004de1      0x42b /home/jibin/Desktop/jibin/myWorks/mcuXpresso/lpc_chip_175x_6x/Debug/liblpc_chip_175x_6x.a(timer_17xx_40xx.o)

.debug_abbrev   0x0000000000000000     0x133e
 .debug_abbrev  0x0000000000000000      0x103 ./example/src/cr_startup_lpc175x_6x.o
 .debug_abbrev  0x0000000000000103      0x1c0 ./example/src/sysinit.o
 .debug_abbrev  0x00000000000002c3      0x2aa ./example/src/timer.o
 .debug_abbrev  0x000000000000056d      0x3ae /home/jibin/Desktop/jibin/myWorks/mcuXpresso/lpc_board_nxp_lpcxpresso_1769/Debug/liblpc_board_nxp_lpcxpresso_1769.a(board.o)
 .debug_abbrev  0x000000000000091b      0x180 /home/jibin/Desktop/jibin/myWorks/mcuXpresso/lpc_board_nxp_lpcxpresso_1769/Debug/liblpc_board_nxp_lpcxpresso_1769.a(board_sysinit.o)
 .debug_abbrev  0x0000000000000a9b      0x151 /home/jibin/Desktop/jibin/myWorks/mcuXpresso/lpc_chip_175x_6x/Debug/liblpc_chip_175x_6x.a(chip_17xx_40xx.o)
 .debug_abbrev  0x0000000000000bec      0x309 /home/jibin/Desktop/jibin/myWorks/mcuXpresso/lpc_chip_175x_6x/Debug/liblpc_chip_175x_6x.a(clock_17xx_40xx.o)
 .debug_abbrev  0x0000000000000ef5      0x14a /home/jibin/Desktop/jibin/myWorks/mcuXpresso/lpc_chip_175x_6x/Debug/liblpc_chip_175x_6x.a(iocon_17xx_40xx.o)
 .debug_abbrev  0x000000000000103f      0x18e /home/jibin/Desktop/jibin/myWorks/mcuXpresso/lpc_chip_175x_6x/Debug/liblpc_chip_175x_6x.a(sysinit_17xx_40xx.o)
 .debug_abbrev  0x00000000000011cd      0x171 /home/jibin/Desktop/jibin/myWorks/mcuXpresso/lpc_chip_175x_6x/Debug/liblpc_chip_175x_6x.a(timer_17xx_40xx.o)

.debug_aranges  0x0000000000000000      0x4b8
 .debug_aranges
                0x0000000000000000       0x80 ./example/src/cr_startup_lpc175x_6x.o
 .debug_aranges
                0x0000000000000080       0x20 ./example/src/sysinit.o
 .debug_aranges
                0x00000000000000a0       0x68 ./example/src/timer.o
 .debug_aranges
                0x0000000000000108      0x150 /home/jibin/Desktop/jibin/myWorks/mcuXpresso/lpc_board_nxp_lpcxpresso_1769/Debug/liblpc_board_nxp_lpcxpresso_1769.a(board.o)
 .debug_aranges
                0x0000000000000258       0x38 /home/jibin/Desktop/jibin/myWorks/mcuXpresso/lpc_board_nxp_lpcxpresso_1769/Debug/liblpc_board_nxp_lpcxpresso_1769.a(board_sysinit.o)
 .debug_aranges
                0x0000000000000290       0x38 /home/jibin/Desktop/jibin/myWorks/mcuXpresso/lpc_chip_175x_6x/Debug/liblpc_chip_175x_6x.a(chip_17xx_40xx.o)
 .debug_aranges
                0x00000000000002c8      0x120 /home/jibin/Desktop/jibin/myWorks/mcuXpresso/lpc_chip_175x_6x/Debug/liblpc_chip_175x_6x.a(clock_17xx_40xx.o)
 .debug_aranges
                0x00000000000003e8       0x30 /home/jibin/Desktop/jibin/myWorks/mcuXpresso/lpc_chip_175x_6x/Debug/liblpc_chip_175x_6x.a(iocon_17xx_40xx.o)
 .debug_aranges
                0x0000000000000418       0x60 /home/jibin/Desktop/jibin/myWorks/mcuXpresso/lpc_chip_175x_6x/Debug/liblpc_chip_175x_6x.a(sysinit_17xx_40xx.o)
 .debug_aranges
                0x0000000000000478       0x40 /home/jibin/Desktop/jibin/myWorks/mcuXpresso/lpc_chip_175x_6x/Debug/liblpc_chip_175x_6x.a(timer_17xx_40xx.o)

.debug_ranges   0x0000000000000000      0x418
 .debug_ranges  0x0000000000000000       0x70 ./example/src/cr_startup_lpc175x_6x.o
 .debug_ranges  0x0000000000000070       0x10 ./example/src/sysinit.o
 .debug_ranges  0x0000000000000080       0x58 ./example/src/timer.o
 .debug_ranges  0x00000000000000d8      0x140 /home/jibin/Desktop/jibin/myWorks/mcuXpresso/lpc_board_nxp_lpcxpresso_1769/Debug/liblpc_board_nxp_lpcxpresso_1769.a(board.o)
 .debug_ranges  0x0000000000000218       0x28 /home/jibin/Desktop/jibin/myWorks/mcuXpresso/lpc_board_nxp_lpcxpresso_1769/Debug/liblpc_board_nxp_lpcxpresso_1769.a(board_sysinit.o)
 .debug_ranges  0x0000000000000240       0x28 /home/jibin/Desktop/jibin/myWorks/mcuXpresso/lpc_chip_175x_6x/Debug/liblpc_chip_175x_6x.a(chip_17xx_40xx.o)
 .debug_ranges  0x0000000000000268      0x110 /home/jibin/Desktop/jibin/myWorks/mcuXpresso/lpc_chip_175x_6x/Debug/liblpc_chip_175x_6x.a(clock_17xx_40xx.o)
 .debug_ranges  0x0000000000000378       0x20 /home/jibin/Desktop/jibin/myWorks/mcuXpresso/lpc_chip_175x_6x/Debug/liblpc_chip_175x_6x.a(iocon_17xx_40xx.o)
 .debug_ranges  0x0000000000000398       0x50 /home/jibin/Desktop/jibin/myWorks/mcuXpresso/lpc_chip_175x_6x/Debug/liblpc_chip_175x_6x.a(sysinit_17xx_40xx.o)
 .debug_ranges  0x00000000000003e8       0x30 /home/jibin/Desktop/jibin/myWorks/mcuXpresso/lpc_chip_175x_6x/Debug/liblpc_chip_175x_6x.a(timer_17xx_40xx.o)

.debug_macro    0x0000000000000000     0x7495
 .debug_macro   0x0000000000000000       0x1d ./example/src/cr_startup_lpc175x_6x.o
 .debug_macro   0x000000000000001d      0xa6c ./example/src/cr_startup_lpc175x_6x.o
 .debug_macro   0x0000000000000a89      0x386 ./example/src/sysinit.o
 .debug_macro   0x0000000000000e0f       0x22 ./example/src/sysinit.o
 .debug_macro   0x0000000000000e31       0x8e ./example/src/sysinit.o
 .debug_macro   0x0000000000000ebf       0x51 ./example/src/sysinit.o
 .debug_macro   0x0000000000000f10       0xef ./example/src/sysinit.o
 .debug_macro   0x0000000000000fff       0x6a ./example/src/sysinit.o
 .debug_macro   0x0000000000001069      0x1df ./example/src/sysinit.o
 .debug_macro   0x0000000000001248       0x22 ./example/src/sysinit.o
 .debug_macro   0x000000000000126a       0x7b ./example/src/sysinit.o
 .debug_macro   0x00000000000012e5       0x10 ./example/src/sysinit.o
 .debug_macro   0x00000000000012f5       0x2d ./example/src/sysinit.o
 .debug_macro   0x0000000000001322       0x3a ./example/src/sysinit.o
 .debug_macro   0x000000000000135c       0x2d ./example/src/sysinit.o
 .debug_macro   0x0000000000001389      0xbb1 ./example/src/sysinit.o
 .debug_macro   0x0000000000001f3a      0x22c ./example/src/sysinit.o
 .debug_macro   0x0000000000002166       0x42 ./example/src/sysinit.o
 .debug_macro   0x00000000000021a8       0x52 ./example/src/sysinit.o
 .debug_macro   0x00000000000021fa       0x78 ./example/src/sysinit.o
 .debug_macro   0x0000000000002272       0x82 ./example/src/sysinit.o
 .debug_macro   0x00000000000022f4      0x48c ./example/src/sysinit.o
 .debug_macro   0x0000000000002780       0x34 ./example/src/sysinit.o
 .debug_macro   0x00000000000027b4      0x4c5 ./example/src/sysinit.o
 .debug_macro   0x0000000000002c79      0x1b7 ./example/src/sysinit.o
 .debug_macro   0x0000000000002e30       0x10 ./example/src/sysinit.o
 .debug_macro   0x0000000000002e40      0x21b ./example/src/sysinit.o
 .debug_macro   0x000000000000305b      0x1b9 ./example/src/sysinit.o
 .debug_macro   0x0000000000003214       0x40 ./example/src/sysinit.o
 .debug_macro   0x0000000000003254       0x22 ./example/src/sysinit.o
 .debug_macro   0x0000000000003276      0x162 ./example/src/sysinit.o
 .debug_macro   0x00000000000033d8       0x94 ./example/src/sysinit.o
 .debug_macro   0x000000000000346c       0xb8 ./example/src/sysinit.o
 .debug_macro   0x0000000000003524       0x4c ./example/src/sysinit.o
 .debug_macro   0x0000000000003570       0x16 ./example/src/sysinit.o
 .debug_macro   0x0000000000003586      0x328 ./example/src/sysinit.o
 .debug_macro   0x00000000000038ae       0x49 ./example/src/sysinit.o
 .debug_macro   0x00000000000038f7       0x16 ./example/src/sysinit.o
 .debug_macro   0x000000000000390d       0xca ./example/src/sysinit.o
 .debug_macro   0x00000000000039d7       0x18 ./example/src/sysinit.o
 .debug_macro   0x00000000000039ef       0x70 ./example/src/sysinit.o
 .debug_macro   0x0000000000003a5f       0x5e ./example/src/sysinit.o
 .debug_macro   0x0000000000003abd       0x18 ./example/src/sysinit.o
 .debug_macro   0x0000000000003ad5       0x35 ./example/src/sysinit.o
 .debug_macro   0x0000000000003b0a       0x34 ./example/src/sysinit.o
 .debug_macro   0x0000000000003b3e       0x16 ./example/src/sysinit.o
 .debug_macro   0x0000000000003b54       0x97 ./example/src/sysinit.o
 .debug_macro   0x0000000000003beb      0x330 ./example/src/sysinit.o
 .debug_macro   0x0000000000003f1b       0xfd ./example/src/sysinit.o
 .debug_macro   0x0000000000004018       0x10 ./example/src/sysinit.o
 .debug_macro   0x0000000000004028       0x58 ./example/src/sysinit.o
 .debug_macro   0x0000000000004080       0x1f ./example/src/sysinit.o
 .debug_macro   0x000000000000409f       0x43 ./example/src/sysinit.o
 .debug_macro   0x00000000000040e2       0x20 ./example/src/sysinit.o
 .debug_macro   0x0000000000004102      0x18e ./example/src/sysinit.o
 .debug_macro   0x0000000000004290       0x10 ./example/src/sysinit.o
 .debug_macro   0x00000000000042a0       0x1c ./example/src/sysinit.o
 .debug_macro   0x00000000000042bc       0x52 ./example/src/sysinit.o
 .debug_macro   0x000000000000430e       0x40 ./example/src/sysinit.o
 .debug_macro   0x000000000000434e       0x10 ./example/src/sysinit.o
 .debug_macro   0x000000000000435e       0x40 ./example/src/sysinit.o
 .debug_macro   0x000000000000439e       0xd7 ./example/src/sysinit.o
 .debug_macro   0x0000000000004475       0x1c ./example/src/sysinit.o
 .debug_macro   0x0000000000004491       0x3d ./example/src/sysinit.o
 .debug_macro   0x00000000000044ce       0x16 ./example/src/sysinit.o
 .debug_macro   0x00000000000044e4      0x16f ./example/src/sysinit.o
 .debug_macro   0x0000000000004653       0x20 ./example/src/sysinit.o
 .debug_macro   0x0000000000004673       0x28 ./example/src/sysinit.o
 .debug_macro   0x000000000000469b      0x38c ./example/src/timer.o
 .debug_macro   0x0000000000004a27      0x2a1 /home/jibin/Desktop/jibin/myWorks/mcuXpresso/lpc_board_nxp_lpcxpresso_1769/Debug/liblpc_board_nxp_lpcxpresso_1769.a(board.o)
 .debug_macro   0x0000000000004cc8      0xa72 /home/jibin/Desktop/jibin/myWorks/mcuXpresso/lpc_board_nxp_lpcxpresso_1769/Debug/liblpc_board_nxp_lpcxpresso_1769.a(board.o)
 .debug_macro   0x000000000000573a       0x10 /home/jibin/Desktop/jibin/myWorks/mcuXpresso/lpc_board_nxp_lpcxpresso_1769/Debug/liblpc_board_nxp_lpcxpresso_1769.a(board.o)
 .debug_macro   0x000000000000574a      0x12d /home/jibin/Desktop/jibin/myWorks/mcuXpresso/lpc_board_nxp_lpcxpresso_1769/Debug/liblpc_board_nxp_lpcxpresso_1769.a(board.o)
 .debug_macro   0x0000000000005877      0x5b2 /home/jibin/Desktop/jibin/myWorks/mcuXpresso/lpc_board_nxp_lpcxpresso_1769/Debug/liblpc_board_nxp_lpcxpresso_1769.a(board.o)
 .debug_macro   0x0000000000005e29       0x22 /home/jibin/Desktop/jibin/myWorks/mcuXpresso/lpc_board_nxp_lpcxpresso_1769/Debug/liblpc_board_nxp_lpcxpresso_1769.a(board.o)
 .debug_macro   0x0000000000005e4b       0x9a /home/jibin/Desktop/jibin/myWorks/mcuXpresso/lpc_board_nxp_lpcxpresso_1769/Debug/liblpc_board_nxp_lpcxpresso_1769.a(board.o)
 .debug_macro   0x0000000000005ee5       0x20 /home/jibin/Desktop/jibin/myWorks/mcuXpresso/lpc_board_nxp_lpcxpresso_1769/Debug/liblpc_board_nxp_lpcxpresso_1769.a(board.o)
 .debug_macro   0x0000000000005f05       0x12 /home/jibin/Desktop/jibin/myWorks/mcuXpresso/lpc_board_nxp_lpcxpresso_1769/Debug/liblpc_board_nxp_lpcxpresso_1769.a(board.o)
 .debug_macro   0x0000000000005f17      0x217 /home/jibin/Desktop/jibin/myWorks/mcuXpresso/lpc_board_nxp_lpcxpresso_1769/Debug/liblpc_board_nxp_lpcxpresso_1769.a(board_sysinit.o)
 .debug_macro   0x000000000000612e      0x1cd /home/jibin/Desktop/jibin/myWorks/mcuXpresso/lpc_chip_175x_6x/Debug/liblpc_chip_175x_6x.a(chip_17xx_40xx.o)
 .debug_macro   0x00000000000062fb      0xa66 /home/jibin/Desktop/jibin/myWorks/mcuXpresso/lpc_chip_175x_6x/Debug/liblpc_chip_175x_6x.a(chip_17xx_40xx.o)
 .debug_macro   0x0000000000006d61      0x1cd /home/jibin/Desktop/jibin/myWorks/mcuXpresso/lpc_chip_175x_6x/Debug/liblpc_chip_175x_6x.a(clock_17xx_40xx.o)
 .debug_macro   0x0000000000006f2e      0x1cd /home/jibin/Desktop/jibin/myWorks/mcuXpresso/lpc_chip_175x_6x/Debug/liblpc_chip_175x_6x.a(iocon_17xx_40xx.o)
 .debug_macro   0x00000000000070fb      0x1cd /home/jibin/Desktop/jibin/myWorks/mcuXpresso/lpc_chip_175x_6x/Debug/liblpc_chip_175x_6x.a(sysinit_17xx_40xx.o)
 .debug_macro   0x00000000000072c8      0x1cd /home/jibin/Desktop/jibin/myWorks/mcuXpresso/lpc_chip_175x_6x/Debug/liblpc_chip_175x_6x.a(timer_17xx_40xx.o)

.debug_line     0x0000000000000000     0x3910
 .debug_line    0x0000000000000000       0xdb ./example/src/cr_startup_lpc175x_6x.o
 .debug_line    0x00000000000000db      0x767 ./example/src/sysinit.o
 .debug_line    0x0000000000000842      0x836 ./example/src/timer.o
 .debug_line    0x0000000000001078      0x888 /home/jibin/Desktop/jibin/myWorks/mcuXpresso/lpc_board_nxp_lpcxpresso_1769/Debug/liblpc_board_nxp_lpcxpresso_1769.a(board.o)
 .debug_line    0x0000000000001900      0x539 /home/jibin/Desktop/jibin/myWorks/mcuXpresso/lpc_board_nxp_lpcxpresso_1769/Debug/liblpc_board_nxp_lpcxpresso_1769.a(board_sysinit.o)
 .debug_line    0x0000000000001e39      0x4c8 /home/jibin/Desktop/jibin/myWorks/mcuXpresso/lpc_chip_175x_6x/Debug/liblpc_chip_175x_6x.a(chip_17xx_40xx.o)
 .debug_line    0x0000000000002301      0x744 /home/jibin/Desktop/jibin/myWorks/mcuXpresso/lpc_chip_175x_6x/Debug/liblpc_chip_175x_6x.a(clock_17xx_40xx.o)
 .debug_line    0x0000000000002a45      0x4b4 /home/jibin/Desktop/jibin/myWorks/mcuXpresso/lpc_chip_175x_6x/Debug/liblpc_chip_175x_6x.a(iocon_17xx_40xx.o)
 .debug_line    0x0000000000002ef9      0x53e /home/jibin/Desktop/jibin/myWorks/mcuXpresso/lpc_chip_175x_6x/Debug/liblpc_chip_175x_6x.a(sysinit_17xx_40xx.o)
 .debug_line    0x0000000000003437      0x4d9 /home/jibin/Desktop/jibin/myWorks/mcuXpresso/lpc_chip_175x_6x/Debug/liblpc_chip_175x_6x.a(timer_17xx_40xx.o)

.debug_str      0x0000000000000000    0x181e8
 .debug_str     0x0000000000000000     0x2ea7 ./example/src/cr_startup_lpc175x_6x.o
                                       0x2eba (size before relaxing)
 .debug_str     0x0000000000002ea7    0x1195c ./example/src/sysinit.o
                                      0x148d4 (size before relaxing)
 .debug_str     0x0000000000014803      0x3dc ./example/src/timer.o
                                      0x14cad (size before relaxing)
 .debug_str     0x0000000000014bdf     0x2866 /home/jibin/Desktop/jibin/myWorks/mcuXpresso/lpc_board_nxp_lpcxpresso_1769/Debug/liblpc_board_nxp_lpcxpresso_1769.a(board.o)
                                      0x1218f (size before relaxing)
 .debug_str     0x0000000000017445      0x22d /home/jibin/Desktop/jibin/myWorks/mcuXpresso/lpc_board_nxp_lpcxpresso_1769/Debug/liblpc_board_nxp_lpcxpresso_1769.a(board_sysinit.o)
                                      0x116aa (size before relaxing)
 .debug_str     0x0000000000017672       0xb7 /home/jibin/Desktop/jibin/myWorks/mcuXpresso/lpc_chip_175x_6x/Debug/liblpc_chip_175x_6x.a(chip_17xx_40xx.o)
                                      0x112fd (size before relaxing)
 .debug_str     0x0000000000017729      0x851 /home/jibin/Desktop/jibin/myWorks/mcuXpresso/lpc_chip_175x_6x/Debug/liblpc_chip_175x_6x.a(clock_17xx_40xx.o)
                                      0x1197b (size before relaxing)
 .debug_str     0x0000000000017f7a       0x79 /home/jibin/Desktop/jibin/myWorks/mcuXpresso/lpc_chip_175x_6x/Debug/liblpc_chip_175x_6x.a(iocon_17xx_40xx.o)
                                      0x10df8 (size before relaxing)
 .debug_str     0x0000000000017ff3       0xc4 /home/jibin/Desktop/jibin/myWorks/mcuXpresso/lpc_chip_175x_6x/Debug/liblpc_chip_175x_6x.a(sysinit_17xx_40xx.o)
                                      0x10fe0 (size before relaxing)
 .debug_str     0x00000000000180b7      0x131 /home/jibin/Desktop/jibin/myWorks/mcuXpresso/lpc_chip_175x_6x/Debug/liblpc_chip_175x_6x.a(timer_17xx_40xx.o)
                                      0x11129 (size before relaxing)

.comment        0x0000000000000000       0x7f
 .comment       0x0000000000000000       0x7f ./example/src/cr_startup_lpc175x_6x.o
                                         0x80 (size before relaxing)
 .comment       0x000000000000007f       0x80 ./example/src/sysinit.o
 .comment       0x000000000000007f       0x80 ./example/src/timer.o
 .comment       0x000000000000007f       0x80 /home/jibin/Desktop/jibin/myWorks/mcuXpresso/lpc_board_nxp_lpcxpresso_1769/Debug/liblpc_board_nxp_lpcxpresso_1769.a(board.o)
 .comment       0x000000000000007f       0x80 /home/jibin/Desktop/jibin/myWorks/mcuXpresso/lpc_board_nxp_lpcxpresso_1769/Debug/liblpc_board_nxp_lpcxpresso_1769.a(board_sysinit.o)
 .comment       0x000000000000007f       0x80 /home/jibin/Desktop/jibin/myWorks/mcuXpresso/lpc_chip_175x_6x/Debug/liblpc_chip_175x_6x.a(chip_17xx_40xx.o)
 .comment       0x000000000000007f       0x80 /home/jibin/Desktop/jibin/myWorks/mcuXpresso/lpc_chip_175x_6x/Debug/liblpc_chip_175x_6x.a(clock_17xx_40xx.o)
 .comment       0x000000000000007f       0x80 /home/jibin/Desktop/jibin/myWorks/mcuXpresso/lpc_chip_175x_6x/Debug/liblpc_chip_175x_6x.a(iocon_17xx_40xx.o)
 .comment       0x000000000000007f       0x80 /home/jibin/Desktop/jibin/myWorks/mcuXpresso/lpc_chip_175x_6x/Debug/liblpc_chip_175x_6x.a(sysinit_17xx_40xx.o)
 .comment       0x000000000000007f       0x80 /home/jibin/Desktop/jibin/myWorks/mcuXpresso/lpc_chip_175x_6x/Debug/liblpc_chip_175x_6x.a(timer_17xx_40xx.o)
 .comment       0x000000000000007f       0x80 /usr/local/mcuxpressoide-10.3.1_2233/ide/plugins/com.nxp.mcuxpresso.tools.linux_10.3.0.201811011841/tools/bin/../lib/gcc/arm-none-eabi/7.3.1/../../../../arm-none-eabi/lib/thumb/v7-m/libcr_newlib_semihost.a(_cr_sbrk.o)
 .comment       0x000000000000007f       0x80 /usr/local/mcuxpressoide-10.3.1_2233/ide/plugins/com.nxp.mcuxpresso.tools.linux_10.3.0.201811011841/tools/bin/../lib/gcc/arm-none-eabi/7.3.1/../../../../arm-none-eabi/lib/thumb/v7-m/libcr_newlib_semihost.a(syscalls.o)
 .comment       0x000000000000007f       0x80 /usr/local/mcuxpressoide-10.3.1_2233/ide/plugins/com.nxp.mcuxpresso.tools.linux_10.3.0.201811011841/tools/bin/../lib/gcc/arm-none-eabi/7.3.1/../../../../arm-none-eabi/lib/thumb/v7-m/libcr_newlib_semihost.a(_cr_check_heap.o)

.ARM.attributes
                0x0000000000000000       0x31
 .ARM.attributes
                0x0000000000000000       0x33 ./example/src/cr_startup_lpc175x_6x.o
 .ARM.attributes
                0x0000000000000033       0x33 ./example/src/sysinit.o
 .ARM.attributes
                0x0000000000000066       0x33 ./example/src/timer.o
 .ARM.attributes
                0x0000000000000099       0x33 /home/jibin/Desktop/jibin/myWorks/mcuXpresso/lpc_board_nxp_lpcxpresso_1769/Debug/liblpc_board_nxp_lpcxpresso_1769.a(board.o)
 .ARM.attributes
                0x00000000000000cc       0x33 /home/jibin/Desktop/jibin/myWorks/mcuXpresso/lpc_board_nxp_lpcxpresso_1769/Debug/liblpc_board_nxp_lpcxpresso_1769.a(board_sysinit.o)
 .ARM.attributes
                0x00000000000000ff       0x33 /home/jibin/Desktop/jibin/myWorks/mcuXpresso/lpc_chip_175x_6x/Debug/liblpc_chip_175x_6x.a(chip_17xx_40xx.o)
 .ARM.attributes
                0x0000000000000132       0x33 /home/jibin/Desktop/jibin/myWorks/mcuXpresso/lpc_chip_175x_6x/Debug/liblpc_chip_175x_6x.a(clock_17xx_40xx.o)
 .ARM.attributes
                0x0000000000000165       0x33 /home/jibin/Desktop/jibin/myWorks/mcuXpresso/lpc_chip_175x_6x/Debug/liblpc_chip_175x_6x.a(iocon_17xx_40xx.o)
 .ARM.attributes
                0x0000000000000198       0x33 /home/jibin/Desktop/jibin/myWorks/mcuXpresso/lpc_chip_175x_6x/Debug/liblpc_chip_175x_6x.a(sysinit_17xx_40xx.o)
 .ARM.attributes
                0x00000000000001cb       0x33 /home/jibin/Desktop/jibin/myWorks/mcuXpresso/lpc_chip_175x_6x/Debug/liblpc_chip_175x_6x.a(timer_17xx_40xx.o)
 .ARM.attributes
                0x00000000000001fe       0x1d /usr/local/mcuxpressoide-10.3.1_2233/ide/plugins/com.nxp.mcuxpresso.tools.linux_10.3.0.201811011841/tools/bin/../lib/gcc/arm-none-eabi/7.3.1/thumb/v7-m/libgcc.a(_aeabi_uldivmod.o)
 .ARM.attributes
                0x000000000000021b       0x2d /usr/local/mcuxpressoide-10.3.1_2233/ide/plugins/com.nxp.mcuxpresso.tools.linux_10.3.0.201811011841/tools/bin/../lib/gcc/arm-none-eabi/7.3.1/thumb/v7-m/libgcc.a(_udivmoddi4.o)
 .ARM.attributes
                0x0000000000000248       0x1d /usr/local/mcuxpressoide-10.3.1_2233/ide/plugins/com.nxp.mcuxpresso.tools.linux_10.3.0.201811011841/tools/bin/../lib/gcc/arm-none-eabi/7.3.1/thumb/v7-m/libgcc.a(_dvmd_tls.o)
 .ARM.attributes
                0x0000000000000265       0x1b /usr/local/mcuxpressoide-10.3.1_2233/ide/plugins/com.nxp.mcuxpresso.tools.linux_10.3.0.201811011841/tools/bin/../lib/gcc/arm-none-eabi/7.3.1/../../../../arm-none-eabi/lib/thumb/v7-m/libc.a(lib_a-memcpy.o)
 .ARM.attributes
                0x0000000000000280       0x2d /usr/local/mcuxpressoide-10.3.1_2233/ide/plugins/com.nxp.mcuxpresso.tools.linux_10.3.0.201811011841/tools/bin/../lib/gcc/arm-none-eabi/7.3.1/../../../../arm-none-eabi/lib/thumb/v7-m/libc.a(lib_a-printf.o)
 .ARM.attributes
                0x00000000000002ad       0x2d /usr/local/mcuxpressoide-10.3.1_2233/ide/plugins/com.nxp.mcuxpresso.tools.linux_10.3.0.201811011841/tools/bin/../lib/gcc/arm-none-eabi/7.3.1/../../../../arm-none-eabi/lib/thumb/v7-m/libc.a(lib_a-vfprintf.o)
 .ARM.attributes
                0x00000000000002da       0x2d /usr/local/mcuxpressoide-10.3.1_2233/ide/plugins/com.nxp.mcuxpresso.tools.linux_10.3.0.201811011841/tools/bin/../lib/gcc/arm-none-eabi/7.3.1/../../../../arm-none-eabi/lib/thumb/v7-m/libc.a(lib_a-wsetup.o)
 .ARM.attributes
                0x0000000000000307       0x2d /usr/local/mcuxpressoide-10.3.1_2233/ide/plugins/com.nxp.mcuxpresso.tools.linux_10.3.0.201811011841/tools/bin/../lib/gcc/arm-none-eabi/7.3.1/../../../../arm-none-eabi/lib/thumb/v7-m/libc.a(lib_a-dtoa.o)
 .ARM.attributes
                0x0000000000000334       0x2d /usr/local/mcuxpressoide-10.3.1_2233/ide/plugins/com.nxp.mcuxpresso.tools.linux_10.3.0.201811011841/tools/bin/../lib/gcc/arm-none-eabi/7.3.1/../../../../arm-none-eabi/lib/thumb/v7-m/libc.a(lib_a-fflush.o)
 .ARM.attributes
                0x0000000000000361       0x2d /usr/local/mcuxpressoide-10.3.1_2233/ide/plugins/com.nxp.mcuxpresso.tools.linux_10.3.0.201811011841/tools/bin/../lib/gcc/arm-none-eabi/7.3.1/../../../../arm-none-eabi/lib/thumb/v7-m/libc.a(lib_a-findfp.o)
 .ARM.attributes
                0x000000000000038e       0x2d /usr/local/mcuxpressoide-10.3.1_2233/ide/plugins/com.nxp.mcuxpresso.tools.linux_10.3.0.201811011841/tools/bin/../lib/gcc/arm-none-eabi/7.3.1/../../../../arm-none-eabi/lib/thumb/v7-m/libc.a(lib_a-freer.o)
 .ARM.attributes
                0x00000000000003bb       0x2d /usr/local/mcuxpressoide-10.3.1_2233/ide/plugins/com.nxp.mcuxpresso.tools.linux_10.3.0.201811011841/tools/bin/../lib/gcc/arm-none-eabi/7.3.1/../../../../arm-none-eabi/lib/thumb/v7-m/libc.a(lib_a-fwalk.o)
 .ARM.attributes
                0x00000000000003e8       0x2d /usr/local/mcuxpressoide-10.3.1_2233/ide/plugins/com.nxp.mcuxpresso.tools.linux_10.3.0.201811011841/tools/bin/../lib/gcc/arm-none-eabi/7.3.1/../../../../arm-none-eabi/lib/thumb/v7-m/libc.a(lib_a-impure.o)
 .ARM.attributes
                0x0000000000000415       0x2d /usr/local/mcuxpressoide-10.3.1_2233/ide/plugins/com.nxp.mcuxpresso.tools.linux_10.3.0.201811011841/tools/bin/../lib/gcc/arm-none-eabi/7.3.1/../../../../arm-none-eabi/lib/thumb/v7-m/libc.a(lib_a-localeconv.o)
 .ARM.attributes
                0x0000000000000442       0x2d /usr/local/mcuxpressoide-10.3.1_2233/ide/plugins/com.nxp.mcuxpresso.tools.linux_10.3.0.201811011841/tools/bin/../lib/gcc/arm-none-eabi/7.3.1/../../../../arm-none-eabi/lib/thumb/v7-m/libc.a(lib_a-lock.o)
 .ARM.attributes
                0x000000000000046f       0x2d /usr/local/mcuxpressoide-10.3.1_2233/ide/plugins/com.nxp.mcuxpresso.tools.linux_10.3.0.201811011841/tools/bin/../lib/gcc/arm-none-eabi/7.3.1/../../../../arm-none-eabi/lib/thumb/v7-m/libc.a(lib_a-makebuf.o)
 .ARM.attributes
                0x000000000000049c       0x2d /usr/local/mcuxpressoide-10.3.1_2233/ide/plugins/com.nxp.mcuxpresso.tools.linux_10.3.0.201811011841/tools/bin/../lib/gcc/arm-none-eabi/7.3.1/../../../../arm-none-eabi/lib/thumb/v7-m/libc.a(lib_a-mallocr.o)
 .ARM.attributes
                0x00000000000004c9       0x2d /usr/local/mcuxpressoide-10.3.1_2233/ide/plugins/com.nxp.mcuxpresso.tools.linux_10.3.0.201811011841/tools/bin/../lib/gcc/arm-none-eabi/7.3.1/../../../../arm-none-eabi/lib/thumb/v7-m/libc.a(lib_a-memchr-stub.o)
 .ARM.attributes
                0x00000000000004f6       0x2d /usr/local/mcuxpressoide-10.3.1_2233/ide/plugins/com.nxp.mcuxpresso.tools.linux_10.3.0.201811011841/tools/bin/../lib/gcc/arm-none-eabi/7.3.1/../../../../arm-none-eabi/lib/thumb/v7-m/libc.a(lib_a-memset.o)
 .ARM.attributes
                0x0000000000000523       0x2d /usr/local/mcuxpressoide-10.3.1_2233/ide/plugins/com.nxp.mcuxpresso.tools.linux_10.3.0.201811011841/tools/bin/../lib/gcc/arm-none-eabi/7.3.1/../../../../arm-none-eabi/lib/thumb/v7-m/libc.a(lib_a-mlock.o)
 .ARM.attributes
                0x0000000000000550       0x2d /usr/local/mcuxpressoide-10.3.1_2233/ide/plugins/com.nxp.mcuxpresso.tools.linux_10.3.0.201811011841/tools/bin/../lib/gcc/arm-none-eabi/7.3.1/../../../../arm-none-eabi/lib/thumb/v7-m/libc.a(lib_a-mprec.o)
 .ARM.attributes
                0x000000000000057d       0x2d /usr/local/mcuxpressoide-10.3.1_2233/ide/plugins/com.nxp.mcuxpresso.tools.linux_10.3.0.201811011841/tools/bin/../lib/gcc/arm-none-eabi/7.3.1/../../../../arm-none-eabi/lib/thumb/v7-m/libc.a(lib_a-s_frexp.o)
 .ARM.attributes